05-27 13:52:22.347   758  1536 V SystemServerTimingAsync: ssm.onCompletedEventUser-10_{|Switching|Starting|}_com.android.server.SystemConfigService took to complete: 0ms
05-27 13:52:22.347   758  1536 D SystemServerTimingAsync: ssm.onCompletedEventUser-10_{|Switching|Starting|}_com.android.server.BatteryService
05-27 13:52:22.347   758  1536 V SystemServerTimingAsync: ssm.onCompletedEventUser-10_{|Switching|Starting|}_com.android.server.BatteryService took to complete: 0ms
05-27 13:52:22.347   758  1536 D SystemServerTimingAsync: ssm.onCompletedEventUser-10_{|Switching|Starting|}_com.android.server.usage.UsageStatsService
05-27 13:52:22.347   758  1536 V SystemServerTimingAsync: ssm.onCompletedEventUser-10_{|Switching|Starting|}_com.android.server.usage.UsageStatsService took to complete: 0ms
05-27 13:52:22.347   758  1536 D SystemServerTimingAsync: ssm.onCompletedEventUser-10_{|Switching|Starting|}_com.android.server.webkit.WebViewUpdateService
05-27 13:52:22.347   758  1536 V SystemServerTimingAsync: ssm.onCompletedEventUser-10_{|Switching|Starting|}_com.android.server.webkit.WebViewUpdateService took to complete: 0ms
05-27 13:52:22.348   758  1536 D SystemServerTimingAsync: ssm.onCompletedEventUser-10_{|Switching|Starting|}_com.android.server.CachedDeviceStateService
05-27 13:52:22.348   758  1536 V SystemServerTimingAsync: ssm.onCompletedEventUser-10_{|Switching|Starting|}_com.android.server.CachedDeviceStateService took to complete: 0ms
05-27 13:52:22.348   758  1536 D SystemServerTimingAsync: ssm.onCompletedEventUser-10_{|Switching|Starting|}_com.android.server.BinderCallsStatsService$LifeCycle
05-27 13:52:22.348   758  1536 V SystemServerTimingAsync: ssm.onCompletedEventUser-10_{|Switching|Starting|}_com.android.server.BinderCallsStatsService$LifeCycle took to complete: 0ms
05-27 13:52:22.349   758  1536 D SystemServerTimingAsync: ssm.onCompletedEventUser-10_{|Switching|Starting|}_com.android.server.LooperStatsService$Lifecycle
05-27 13:52:22.349   758  1536 V SystemServerTimingAsync: ssm.onCompletedEventUser-10_{|Switching|Starting|}_com.android.server.LooperStatsService$Lifecycle took to complete: 0ms
05-27 13:52:22.349   758  1536 D SystemServerTimingAsync: ssm.onCompletedEventUser-10_{|Switching|Starting|}_com.android.server.rollback.RollbackManagerService
05-27 13:52:22.349   758  1536 V SystemServerTimingAsync: ssm.onCompletedEventUser-10_{|Switching|Starting|}_com.android.server.rollback.RollbackManagerService took to complete: 0ms
05-27 13:52:22.349   758  1536 D SystemServerTimingAsync: ssm.onCompletedEventUser-10_{|Switching|Starting|}_com.android.server.os.NativeTombstoneManagerService
05-27 13:52:22.349   758  1536 V SystemServerTimingAsync: ssm.onCompletedEventUser-10_{|Switching|Starting|}_com.android.server.os.NativeTombstoneManagerService took to complete: 0ms
05-27 13:52:22.349   758  1536 D SystemServerTimingAsync: ssm.onCompletedEventUser-10_{|Switching|Starting|}_com.android.server.os.BugreportManagerService
05-27 13:52:22.349   758  1536 V SystemServerTimingAsync: ssm.onCompletedEventUser-10_{|Switching|Starting|}_com.android.server.os.BugreportManagerService took to complete: 0ms
05-27 13:52:22.350   758  1536 D SystemServerTimingAsync: ssm.onCompletedEventUser-10_{|Switching|Starting|}_com.android.server.gpu.GpuService
05-27 13:52:22.350   758  1536 V SystemServerTimingAsync: ssm.onCompletedEventUser-10_{|Switching|Starting|}_com.android.server.gpu.GpuService took to complete: 0ms
05-27 13:52:22.350   758  1536 D SystemServerTimingAsync: ssm.onCompletedEventUser-10_{|Switching|Starting|}_com.android.server.security.rkp.RemoteProvisioningService
05-27 13:52:22.350   758  1536 V SystemServerTimingAsync: ssm.onCompletedEventUser-10_{|Switching|Starting|}_com.android.server.security.rkp.RemoteProvisioningService took to complete: 0ms
05-27 13:52:22.350   758  1536 D SystemServerTimingAsync: ssm.onCompletedEventUser-10_{|Switching|Starting|}_com.android.server.cpu.CpuMonitorService
05-27 13:52:22.350   758  1536 V SystemServerTimingAsync: ssm.onCompletedEventUser-10_{|Switching|Starting|}_com.android.server.cpu.CpuMonitorService took to complete: 0ms
05-27 13:52:22.350   758  1536 D SystemServerTimingAsync: ssm.onCompletedEventUser-10_{|Switching|Starting|}_com.android.server.security.KeyChainSystemService
05-27 13:52:22.351   758  1536 V SystemServerTimingAsync: ssm.onCompletedEventUser-10_{|Switching|Starting|}_com.android.server.security.KeyChainSystemService took to complete: 0ms
05-27 13:52:22.351   758  1536 D SystemServerTimingAsync: ssm.onCompletedEventUser-10_{|Switching|Starting|}_com.android.server.BinaryTransparencyService
05-27 13:52:22.351   758  1536 V SystemServerTimingAsync: ssm.onCompletedEventUser-10_{|Switching|Starting|}_com.android.server.BinaryTransparencyService took to complete: 0ms
05-27 13:52:22.351   758  1536 D SystemServerTimingAsync: ssm.onCompletedEventUser-10_{|Switching|Starting|}_com.android.server.telecom.TelecomLoaderService
05-27 13:52:22.351   758  1536 V SystemServerTimingAsync: ssm.onCompletedEventUser-10_{|Switching|Starting|}_com.android.server.telecom.TelecomLoaderService took to complete: 0ms
05-27 13:52:22.351   758  1536 D SystemServerTimingAsync: ssm.onCompletedEventUser-10_{|Switching|Starting|}_com.android.server.accounts.AccountManagerService$Lifecycle
05-27 13:52:22.351   758  1536 V SystemServerTimingAsync: ssm.onCompletedEventUser-10_{|Switching|Starting|}_com.android.server.accounts.AccountManagerService$Lifecycle took to complete: 0ms
05-27 13:52:22.352   758  1536 D SystemServerTimingAsync: ssm.onCompletedEventUser-10_{|Switching|Starting|}_com.android.server.content.ContentService$Lifecycle
05-27 13:52:22.352   758  1536 V SystemServerTimingAsync: ssm.onCompletedEventUser-10_{|Switching|Starting|}_com.android.server.content.ContentService$Lifecycle took to complete: 0ms
05-27 13:52:22.352   758  1536 D SystemServerTimingAsync: ssm.onCompletedEventUser-10_{|Switching|Starting|}_com.android.server.deviceconfig.DeviceConfigInit$Lifecycle
05-27 13:52:22.352   758  1536 V SystemServerTimingAsync: ssm.onCompletedEventUser-10_{|Switching|Starting|}_com.android.server.deviceconfig.DeviceConfigInit$Lifecycle took to complete: 0ms
05-27 13:52:22.352   758  1534 V SystemServerTimingAsync: ssm.onCompletedEventUser-10_{|Switching|Starting|}_com.android.server.uri.UriGrantsManagerService$Lifecycle took to complete: 0ms
05-27 13:52:22.353   758  1535 V SystemServerTimingAsync: ssm.onCompletedEventUser-10_{|Switching|Starting|}_com.android.server.resources.ResourcesManagerService took to complete: 0ms
05-27 13:52:22.353   758  1535 D SystemServerTimingAsync: ssm.onCompletedEventUser-10_{|Switching|Starting|}_com.android.ecm.EnhancedConfirmationService
05-27 13:52:22.353   758  1535 V SystemServerTimingAsync: ssm.onCompletedEventUser-10_{|Switching|Starting|}_com.android.ecm.EnhancedConfirmationService took to complete: 0ms
05-27 13:52:22.353   758  1535 D SystemServerTimingAsync: ssm.onCompletedEventUser-10_{|Switching|Starting|}_com.android.server.power.hint.HintManagerService
05-27 13:52:22.353   758  1535 V SystemServerTimingAsync: ssm.onCompletedEventUser-10_{|Switching|Starting|}_com.android.server.power.hint.HintManagerService took to complete: 0ms
05-27 13:52:22.353   758  1535 D SystemServerTimingAsync: ssm.onCompletedEventUser-10_{|Switching|Starting|}_com.android.role.RoleService
05-27 13:52:22.353   758  1535 V SystemServerTimingAsync: ssm.onCompletedEventUser-10_{|Switching|Starting|}_com.android.role.RoleService took to complete: 0ms
05-27 13:52:22.353   758  1535 D SystemServerTimingAsync: ssm.onCompletedEventUser-10_{|Switching|Starting|}_com.android.server.vibrator.VibratorManagerService$Lifecycle
05-27 13:52:22.353   758  1535 V SystemServerTimingAsync: ssm.onCompletedEventUser-10_{|Switching|Starting|}_com.android.server.vibrator.VibratorManagerService$Lifecycle took to complete: 0ms
05-27 13:52:22.354   758  1535 D SystemServerTimingAsync: ssm.onCompletedEventUser-10_{|Switching|Starting|}_com.android.server.alarm.AlarmManagerService
05-27 13:52:22.354   758  1535 V SystemServerTimingAsync: ssm.onCompletedEventUser-10_{|Switching|Starting|}_com.android.server.alarm.AlarmManagerService took to complete: 0ms
05-27 13:52:22.354   758  1535 D SystemServerTimingAsync: ssm.onCompletedEventUser-10_{|Switching|Starting|}_com.android.server.devicestate.DeviceStateManagerService
05-27 13:52:22.354   758  1535 V SystemServerTimingAsync: ssm.onCompletedEventUser-10_{|Switching|Starting|}_com.android.server.devicestate.DeviceStateManagerService took to complete: 0ms
05-27 13:52:22.354   758  1535 D SystemServerTimingAsync: ssm.onCompletedEventUser-10_{|Switching|Starting|}_com.android.server.bluetooth.BluetoothService
05-27 13:52:22.355   758  1535 V SystemServerTimingAsync: ssm.onCompletedEventUser-10_{|Switching|Starting|}_com.android.server.bluetooth.BluetoothService took to complete: 0ms
05-27 13:52:22.355   758  1535 D SystemServerTimingAsync: ssm.onCompletedEventUser-10_{|Switching|Starting|}_com.android.server.connectivity.IpConnectivityMetrics
05-27 13:52:22.355   758  1535 V SystemServerTimingAsync: ssm.onCompletedEventUser-10_{|Switching|Starting|}_com.android.server.connectivity.IpConnectivityMetrics took to complete: 0ms
05-27 13:52:22.355   758  1535 D SystemServerTimingAsync: ssm.onCompletedEventUser-10_{|Switching|Starting|}_com.android.server.net.watchlist.NetworkWatchlistService$Lifecycle
05-27 13:52:22.355   758  1535 V SystemServerTimingAsync: ssm.onCompletedEventUser-10_{|Switching|Starting|}_com.android.server.net.watchlist.NetworkWatchlistService$Lifecycle took to complete: 0ms
05-27 13:52:22.355   758  1535 D SystemServerTimingAsync: ssm.onCompletedEventUser-10_{|Switching|Starting|}_com.android.server.PinnerService
05-27 13:52:22.356   758  1535 V SystemServerTimingAsync: ssm.onCompletedEventUser-10_{|Switching|Starting|}_com.android.server.PinnerService took to complete: 0ms
05-27 13:52:22.356   758  1535 D SystemServerTimingAsync: ssm.onCompletedEventUser-10_{|Switching|Starting|}_com.android.server.integrity.AppIntegrityManagerService
05-27 13:52:22.356   758  1535 V SystemServerTimingAsync: ssm.onCompletedEventUser-10_{|Switching|Starting|}_com.android.server.integrity.AppIntegrityManagerService took to complete: 0ms
05-27 13:52:22.356   758  1534 D SystemServerTimingAsync: ssm.onCompletedEventUser-10_{|Switching|Starting|}_com.android.server.logcat.LogcatManagerService
05-27 13:52:22.357   758  1534 V SystemServerTimingAsync: ssm.onCompletedEventUser-10_{|Switching|Starting|}_com.android.server.logcat.LogcatManagerService took to complete: 0ms
05-27 13:52:22.357   758  1534 D SystemServerTimingAsync: ssm.onCompletedEventUser-10_{|Switching|Starting|}_com.android.server.inputmethod.InputMethodManagerService$Lifecycle
05-27 13:52:22.357   758  1534 V SystemServerTimingAsync: ssm.onCompletedEventUser-10_{|Switching|Starting|}_com.android.server.inputmethod.InputMethodManagerService$Lifecycle took to complete: 0ms
05-27 13:52:22.357   758  1534 D SystemServerTimingAsync: ssm.onCompletedEventUser-10_{|Switching|Starting|}_com.android.server.accessibility.AccessibilityManagerService$Lifecycle
05-27 13:52:22.357   758  1534 V SystemServerTimingAsync: ssm.onCompletedEventUser-10_{|Switching|Starting|}_com.android.server.accessibility.AccessibilityManagerService$Lifecycle took to complete: 0ms
05-27 13:52:22.357   758  1534 D SystemServerTimingAsync: ssm.onCompletedEventUser-10_{|Switching|Starting|}_com.android.server.StorageManagerService$Lifecycle
05-27 13:52:22.358   758  1534 V SystemServerTimingAsync: ssm.onCompletedEventUser-10_{|Switching|Starting|}_com.android.server.StorageManagerService$Lifecycle took to complete: 1ms
05-27 13:52:22.358   758  1534 D SystemServerTimingAsync: ssm.onCompletedEventUser-10_{|Switching|Starting|}_com.android.server.usage.StorageStatsService$Lifecycle
05-27 13:52:22.358   758  1534 V SystemServerTimingAsync: ssm.onCompletedEventUser-10_{|Switching|Starting|}_com.android.server.usage.StorageStatsService$Lifecycle took to complete: 0ms
05-27 13:52:22.358   758  1534 D SystemServerTimingAsync: ssm.onCompletedEventUser-10_{|Switching|Starting|}_com.android.server.UiModeManagerService
05-27 13:52:22.358   758  1534 V SystemServerTimingAsync: ssm.onCompletedEventUser-10_{|Switching|Starting|}_com.android.server.UiModeManagerService took to complete: 0ms
05-27 13:52:22.358   758  1534 D SystemServerTimingAsync: ssm.onCompletedEventUser-10_{|Switching|Starting|}_com.android.server.locales.LocaleManagerService
05-27 13:52:22.358   758  1534 V SystemServerTimingAsync: ssm.onCompletedEventUser-10_{|Switching|Starting|}_com.android.server.locales.LocaleManagerService took to complete: 0ms
05-27 13:52:22.359   758  1534 D SystemServerTimingAsync: ssm.onCompletedEventUser-10_{|Switching|Starting|}_com.android.server.grammaticalinflection.GrammaticalInflectionService
05-27 13:52:22.359   758  1534 V SystemServerTimingAsync: ssm.onCompletedEventUser-10_{|Switching|Starting|}_com.android.server.grammaticalinflection.GrammaticalInflectionService took to complete: 0ms
05-27 13:52:22.359   758  1534 D SystemServerTimingAsync: ssm.onCompletedEventUser-10_{|Switching|Starting|}_com.android.server.apphibernation.AppHibernationService
05-27 13:52:22.359   758  1534 V SystemServerTimingAsync: ssm.onCompletedEventUser-10_{|Switching|Starting|}_com.android.server.apphibernation.AppHibernationService took to complete: 0ms
05-27 13:52:22.359   758  1534 D SystemServerTimingAsync: ssm.onCompletedEventUser-10_{|Switching|Starting|}_com.android.server.locksettings.LockSettingsService$Lifecycle
05-27 13:52:22.359   758  1534 V SystemServerTimingAsync: ssm.onCompletedEventUser-10_{|Switching|Starting|}_com.android.server.locksettings.LockSettingsService$Lifecycle took to complete: 0ms
05-27 13:52:22.359   758  1534 D SystemServerTimingAsync: ssm.onCompletedEventUser-10_{|Switching|Starting|}_com.android.server.testharness.TestHarnessModeService
05-27 13:52:22.359   758  1534 V SystemServerTimingAsync: ssm.onCompletedEventUser-10_{|Switching|Starting|}_com.android.server.testharness.TestHarnessModeService took to complete: 0ms
05-27 13:52:22.359   758  1534 D SystemServerTimingAsync: ssm.onCompletedEventUser-10_{|Switching|Starting|}_com.android.server.DeviceIdleController
05-27 13:52:22.359   758  1534 V SystemServerTimingAsync: ssm.onCompletedEventUser-10_{|Switching|Starting|}_com.android.server.DeviceIdleController took to complete: 0ms
05-27 13:52:22.360   758  1534 D SystemServerTimingAsync: ssm.onCompletedEventUser-10_{|Switching|Starting|}_com.android.server.devicepolicy.DevicePolicyManagerService$Lifecycle
05-27 13:52:22.360   758  1534 V SystemServerTimingAsync: ssm.onCompletedEventUser-10_{|Switching|Starting|}_com.android.server.devicepolicy.DevicePolicyManagerService$Lifecycle took to complete: 0ms
05-27 13:52:22.360   758  1534 D SystemServerTimingAsync: ssm.onCompletedEventUser-10_{|Switching|Starting|}_com.android.server.texttospeech.TextToSpeechManagerService
05-27 13:52:22.360   758  1534 V SystemServerTimingAsync: ssm.onCompletedEventUser-10_{|Switching|Starting|}_com.android.server.texttospeech.TextToSpeechManagerService took to complete: 0ms
05-27 13:52:22.360   758  1534 D SystemServerTimingAsync: ssm.onCompletedEventUser-10_{|Switching|Starting|}_com.android.server.wearable.WearableSensingManagerService
05-27 13:52:22.360   758  1534 V SystemServerTimingAsync: ssm.onCompletedEventUser-10_{|Switching|Starting|}_com.android.server.wearable.WearableSensingManagerService took to complete: 0ms
05-27 13:52:22.360   758  1534 D SystemServerTimingAsync: ssm.onCompletedEventUser-10_{|Switching|Starting|}_com.android.server.ondeviceintelligence.OnDeviceIntelligenceManagerService
05-27 13:52:22.360   758  1534 V SystemServerTimingAsync: ssm.onCompletedEventUser-10_{|Switching|Starting|}_com.android.server.ondeviceintelligence.OnDeviceIntelligenceManagerService took to complete: 0ms
05-27 13:52:22.360   758  1534 D SystemServerTimingAsync: ssm.onCompletedEventUser-10_{|Switching|Starting|}_com.android.server.speech.SpeechRecognitionManagerService
05-27 13:52:22.360   758  1535 D SystemServerTimingAsync: ssm.onCompletedEventUser-10_{|Switching|Starting|}_com.android.server.graphics.fonts.FontManagerService$Lifecycle
05-27 13:52:22.362   758  1535 V SystemServerTimingAsync: ssm.onCompletedEventUser-10_{|Switching|Starting|}_com.android.server.graphics.fonts.FontManagerService$Lifecycle took to complete: 0ms
05-27 13:52:22.362   758  1535 D SystemServerTimingAsync: ssm.onCompletedEventUser-10_{|Switching|Starting|}_com.android.server.textservices.TextServicesManagerService$Lifecycle
05-27 13:52:22.362   758  1535 V SystemServerTimingAsync: ssm.onCompletedEventUser-10_{|Switching|Starting|}_com.android.server.textservices.TextServicesManagerService$Lifecycle took to complete: 0ms
05-27 13:52:22.362   758  1535 D SystemServerTimingAsync: ssm.onCompletedEventUser-10_{|Switching|Starting|}_com.android.server.NetworkScoreService$Lifecycle
05-27 13:52:22.362   758  1535 V SystemServerTimingAsync: ssm.onCompletedEventUser-10_{|Switching|Starting|}_com.android.server.NetworkScoreService$Lifecycle took to complete: 0ms
05-27 13:52:22.362   758  1535 D SystemServerTimingAsync: ssm.onCompletedEventUser-10_{|Switching|Starting|}_com.android.server.NetworkStatsServiceInitializer
05-27 13:52:22.363   758  1535 V SystemServerTimingAsync: ssm.onCompletedEventUser-10_{|Switching|Starting|}_com.android.server.NetworkStatsServiceInitializer took to complete: 0ms
05-27 13:52:22.363   758  1535 D SystemServerTimingAsync: ssm.onCompletedEventUser-10_{|Switching|Starting|}_com.android.server.wifi.WifiService
05-27 13:52:22.363   758  1535 V SystemServerTimingAsync: ssm.onCompletedEventUser-10_{|Switching|Starting|}_com.android.server.wifi.WifiService took to complete: 0ms
05-27 13:52:22.363   758  1535 D SystemServerTimingAsync: ssm.onCompletedEventUser-10_{|Switching|Starting|}_com.android.server.wifi.scanner.WifiScanningService
05-27 13:52:22.363   758  1535 V SystemServerTimingAsync: ssm.onCompletedEventUser-10_{|Switching|Starting|}_com.android.server.wifi.scanner.WifiScanningService took to complete: 0ms
05-27 13:52:22.363   758  1535 D SystemServerTimingAsync: ssm.onCompletedEventUser-10_{|Switching|Starting|}_com.android.server.ConnectivityServiceInitializer
05-27 13:52:22.364   758  1535 V SystemServerTimingAsync: ssm.onCompletedEventUser-10_{|Switching|Starting|}_com.android.server.ConnectivityServiceInitializer took to complete: 0ms
05-27 13:52:22.364   758  1535 D SystemServerTimingAsync: ssm.onCompletedEventUser-10_{|Switching|Starting|}_com.android.server.notification.NotificationManagerService
05-27 13:52:22.364   758  1535 V SystemServerTimingAsync: ssm.onCompletedEventUser-10_{|Switching|Starting|}_com.android.server.notification.NotificationManagerService took to complete: 0ms
05-27 13:52:22.364   758  1536 D SystemServerTimingAsync: ssm.onCompletedEventUser-10_{|Switching|Starting|}_com.android.server.DropBoxManagerService
05-27 13:52:22.364   758  1536 V SystemServerTimingAsync: ssm.onCompletedEventUser-10_{|Switching|Starting|}_com.android.server.DropBoxManagerService took to complete: 0ms
05-27 13:52:22.364   758  1536 D SystemServerTimingAsync: ssm.onCompletedEventUser-10_{|Switching|Starting|}_com.android.server.storage.DeviceStorageMonitorService
05-27 13:52:22.364   758  1536 V SystemServerTimingAsync: ssm.onCompletedEventUser-10_{|Switching|Starting|}_com.android.server.storage.DeviceStorageMonitorService took to complete: 0ms
05-27 13:52:22.365   758  1536 D SystemServerTimingAsync: ssm.onCompletedEventUser-10_{|Switching|Starting|}_com.android.server.timedetector.TimeDetectorService$Lifecycle
05-27 13:52:22.365   758  1536 V SystemServerTimingAsync: ssm.onCompletedEventUser-10_{|Switching|Starting|}_com.android.server.timedetector.TimeDetectorService$Lifecycle took to complete: 0ms
05-27 13:52:22.365   758  1536 D SystemServerTimingAsync: ssm.onCompletedEventUser-10_{|Switching|Starting|}_com.android.server.location.LocationManagerService$Lifecycle
05-27 13:52:22.365   758  1536 V SystemServerTimingAsync: ssm.onCompletedEventUser-10_{|Switching|Starting|}_com.android.server.location.LocationManagerService$Lifecycle took to complete: 0ms
05-27 13:52:22.365   758  1536 D SystemServerTimingAsync: ssm.onCompletedEventUser-10_{|Switching|Starting|}_com.android.server.timezonedetector.TimeZoneDetectorService$Lifecycle
05-27 13:52:22.365   758  1536 V SystemServerTimingAsync: ssm.onCompletedEventUser-10_{|Switching|Starting|}_com.android.server.timezonedetector.TimeZoneDetectorService$Lifecycle took to complete: 0ms
05-27 13:52:22.366   758  1536 D SystemServerTimingAsync: ssm.onCompletedEventUser-10_{|Switching|Starting|}_com.android.server.location.altitude.AltitudeService$Lifecycle
05-27 13:52:22.366   758  1536 V SystemServerTimingAsync: ssm.onCompletedEventUser-10_{|Switching|Starting|}_com.android.server.location.altitude.AltitudeService$Lifecycle took to complete: 0ms
05-27 13:52:22.366   758  1536 D SystemServerTimingAsync: ssm.onCompletedEventUser-10_{|Switching|Starting|}_com.android.server.timezonedetector.location.LocationTimeZoneManagerService$Lifecycle
05-27 13:52:22.366   758  1536 V SystemServerTimingAsync: ssm.onCompletedEventUser-10_{|Switching|Starting|}_com.android.server.timezonedetector.location.LocationTimeZoneManagerService$Lifecycle took to complete: 0ms
05-27 13:52:22.366   758  1536 D SystemServerTimingAsync: ssm.onCompletedEventUser-10_{|Switching|Starting|}_com.android.server.timedetector.GnssTimeUpdateService$Lifecycle
05-27 13:52:22.366   758  1536 V SystemServerTimingAsync: ssm.onCompletedEventUser-10_{|Switching|Starting|}_com.android.server.timedetector.GnssTimeUpdateService$Lifecycle took to complete: 0ms
05-27 13:52:22.367   758  1536 D SystemServerTimingAsync: ssm.onCompletedEventUser-10_{|Switching|Starting|}_com.android.server.search.SearchManagerService$Lifecycle
05-27 13:52:22.367   758  1536 V SystemServerTimingAsync: ssm.onCompletedEventUser-10_{|Switching|Starting|}_com.android.server.search.SearchManagerService$Lifecycle took to complete: 0ms
05-27 13:52:22.367   758  1536 D SystemServerTimingAsync: ssm.onCompletedEventUser-10_{|Switching|Starting|}_com.android.server.audio.AudioService$Lifecycle
05-27 13:52:22.367   758  1536 V SystemServerTimingAsync: ssm.onCompletedEventUser-10_{|Switching|Starting|}_com.android.server.audio.AudioService$Lifecycle took to complete: 0ms
05-27 13:52:22.367   758  1536 D SystemServerTimingAsync: ssm.onCompletedEventUser-10_{|Switching|Starting|}_com.android.server.soundtrigger_middleware.SoundTriggerMiddlewareService$Lifecycle
05-27 13:52:22.367   758  1536 V SystemServerTimingAsync: ssm.onCompletedEventUser-10_{|Switching|Starting|}_com.android.server.soundtrigger_middleware.SoundTriggerMiddlewareService$Lifecycle took to complete: 0ms
05-27 13:52:22.367   758  1536 D SystemServerTimingAsync: ssm.onCompletedEventUser-10_{|Switching|Starting|}_com.android.server.broadcastradio.BroadcastRadioService
05-27 13:52:22.367   758  1536 V SystemServerTimingAsync: ssm.onCompletedEventUser-10_{|Switching|Starting|}_com.android.server.broadcastradio.BroadcastRadioService took to complete: 0ms
05-27 13:52:22.368   758  1534 V SystemServerTimingAsync: ssm.onCompletedEventUser-10_{|Switching|Starting|}_com.android.server.speech.SpeechRecognitionManagerService took to complete: 0ms
05-27 13:52:22.368   758  1534 D SystemServerTimingAsync: ssm.onCompletedEventUser-10_{|Switching|Starting|}_com.android.server.adb.AdbService$Lifecycle
05-27 13:52:22.368   758  1534 V SystemServerTimingAsync: ssm.onCompletedEventUser-10_{|Switching|Starting|}_com.android.server.adb.AdbService$Lifecycle took to complete: 0ms
05-27 13:52:22.368   758  1534 D SystemServerTimingAsync: ssm.onCompletedEventUser-10_{|Switching|Starting|}_com.android.server.usb.UsbService$Lifecycle
05-27 13:52:22.368   758  1534 V SystemServerTimingAsync: ssm.onCompletedEventUser-10_{|Switching|Starting|}_com.android.server.usb.UsbService$Lifecycle took to complete: 0ms
05-27 13:52:22.369   758  1534 D SystemServerTimingAsync: ssm.onCompletedEventUser-10_{|Switching|Starting|}_com.android.server.SerialService$Lifecycle
05-27 13:52:22.369   758  1534 V SystemServerTimingAsync: ssm.onCompletedEventUser-10_{|Switching|Starting|}_com.android.server.SerialService$Lifecycle took to complete: 0ms
05-27 13:52:22.369   758  1534 D SystemServerTimingAsync: ssm.onCompletedEventUser-10_{|Switching|Starting|}_com.android.server.twilight.TwilightService
05-27 13:52:22.369   758  1534 V SystemServerTimingAsync: ssm.onCompletedEventUser-10_{|Switching|Starting|}_com.android.server.twilight.TwilightService took to complete: 0ms
05-27 13:52:22.369   758  1534 D SystemServerTimingAsync: ssm.onCompletedEventUser-10_{|Switching|Starting|}_com.android.server.display.color.ColorDisplayService
05-27 13:52:22.369   758  1535 D SystemServerTimingAsync: ssm.onCompletedEventUser-10_{|Switching|Starting|}_com.android.server.DockObserver
05-27 13:52:22.370   758  1535 V SystemServerTimingAsync: ssm.onCompletedEventUser-10_{|Switching|Starting|}_com.android.server.DockObserver took to complete: 0ms
05-27 13:52:22.370   758  1535 D SystemServerTimingAsync: ssm.onCompletedEventUser-10_{|Switching|Starting|}_com.android.server.soundtrigger.SoundTriggerService
05-27 13:52:22.370   758  1535 V SystemServerTimingAsync: ssm.onCompletedEventUser-10_{|Switching|Starting|}_com.android.server.soundtrigger.SoundTriggerService took to complete: 0ms
05-27 13:52:22.370   758  1535 D SystemServerTimingAsync: ssm.onCompletedEventUser-10_{|Switching|Starting|}_com.android.server.trust.TrustManagerService
05-27 13:52:22.370   758  1535 V SystemServerTimingAsync: ssm.onCompletedEventUser-10_{|Switching|Starting|}_com.android.server.trust.TrustManagerService took to complete: 0ms
05-27 13:52:22.370   758  1535 D SystemServerTimingAsync: ssm.onCompletedEventUser-10_{|Switching|Starting|}_com.android.server.appwidget.AppWidgetService
05-27 13:52:22.371   758  1535 V SystemServerTimingAsync: ssm.onCompletedEventUser-10_{|Switching|Starting|}_com.android.server.appwidget.AppWidgetService took to complete: 0ms
05-27 13:52:22.371   758  1535 D SystemServerTimingAsync: ssm.onCompletedEventUser-10_{|Switching|Starting|}_com.android.server.voiceinteraction.VoiceInteractionManagerService
05-27 13:52:22.371   758  1535 V SystemServerTimingAsync: ssm.onCompletedEventUser-10_{|Switching|Starting|}_com.android.server.voiceinteraction.VoiceInteractionManagerService took to complete: 0ms
05-27 13:52:22.371   758  1535 D SystemServerTimingAsync: ssm.onCompletedEventUser-10_{|Switching|Starting|}_com.android.server.GestureLauncherService
05-27 13:52:22.371   758  1535 V SystemServerTimingAsync: ssm.onCompletedEventUser-10_{|Switching|Starting|}_com.android.server.GestureLauncherService took to complete: 0ms
05-27 13:52:22.371   758  1535 D SystemServerTimingAsync: ssm.onCompletedEventUser-10_{|Switching|Starting|}_com.android.server.SensorNotificationService
05-27 13:52:22.371   758  1535 V SystemServerTimingAsync: ssm.onCompletedEventUser-10_{|Switching|Starting|}_com.android.server.SensorNotificationService took to complete: 0ms
05-27 13:52:22.372   758  1535 D SystemServerTimingAsync: ssm.onCompletedEventUser-10_{|Switching|Starting|}_com.android.server.emergency.EmergencyAffordanceService
05-27 13:52:22.372   758  1534 V SystemServerTimingAsync: ssm.onCompletedEventUser-10_{|Switching|Starting|}_com.android.server.display.color.ColorDisplayService took to complete: 0ms
05-27 13:52:22.372   758  1534 D SystemServerTimingAsync: ssm.onCompletedEventUser-10_{|Switching|Starting|}_com.android.server.blob.BlobStoreManagerService
05-27 13:52:22.373   758  1534 V SystemServerTimingAsync: ssm.onCompletedEventUser-10_{|Switching|Starting|}_com.android.server.blob.BlobStoreManagerService took to complete: 0ms
05-27 13:52:22.373   758  1534 D SystemServerTimingAsync: ssm.onCompletedEventUser-10_{|Switching|Starting|}_com.android.server.dreams.DreamManagerService
05-27 13:52:22.373   758  1534 V SystemServerTimingAsync: ssm.onCompletedEventUser-10_{|Switching|Starting|}_com.android.server.dreams.DreamManagerService took to complete: 0ms
05-27 13:52:22.373   758  1534 D SystemServerTimingAsync: ssm.onCompletedEventUser-10_{|Switching|Starting|}_com.android.server.security.AttestationVerificationManagerService
05-27 13:52:22.373   758  1534 V SystemServerTimingAsync: ssm.onCompletedEventUser-10_{|Switching|Starting|}_com.android.server.security.AttestationVerificationManagerService took to complete: 0ms
05-27 13:52:22.374   758  1534 D SystemServerTimingAsync: ssm.onCompletedEventUser-10_{|Switching|Starting|}_com.android.server.companion.CompanionDeviceManagerService
05-27 13:52:22.375   758  1536 D SystemServerTimingAsync: ssm.onCompletedEventUser-10_{|Switching|Starting|}_com.android.server.job.JobSchedulerService
05-27 13:52:22.375   758  1536 V SystemServerTimingAsync: ssm.onCompletedEventUser-10_{|Switching|Starting|}_com.android.server.job.JobSchedulerService took to complete: 0ms
05-27 13:52:22.376   758  1536 D SystemServerTimingAsync: ssm.onCompletedEventUser-10_{|Switching|Starting|}_com.android.server.companion.virtual.VirtualDeviceManagerService
05-27 13:52:22.376   758  1536 V SystemServerTimingAsync: ssm.onCompletedEventUser-10_{|Switching|Starting|}_com.android.server.companion.virtual.VirtualDeviceManagerService took to complete: 0ms
05-27 13:52:22.376   758  1536 D SystemServerTimingAsync: ssm.onCompletedEventUser-10_{|Switching|Starting|}_com.android.server.restrictions.RestrictionsManagerService
05-27 13:52:22.376   758  1536 V SystemServerTimingAsync: ssm.onCompletedEventUser-10_{|Switching|Starting|}_com.android.server.restrictions.RestrictionsManagerService took to complete: 0ms
05-27 13:52:22.377   758  1536 D SystemServerTimingAsync: ssm.onCompletedEventUser-10_{|Switching|Starting|}_com.android.server.media.MediaSessionService
05-27 13:52:22.377   758  1536 V SystemServerTimingAsync: ssm.onCompletedEventUser-10_{|Switching|Starting|}_com.android.server.media.MediaSessionService took to complete: 0ms
05-27 13:52:22.377   758  1536 D SystemServerTimingAsync: ssm.onCompletedEventUser-10_{|Switching|Starting|}_com.android.server.biometrics.BiometricService
05-27 13:52:22.378   758  1536 V SystemServerTimingAsync: ssm.onCompletedEventUser-10_{|Switching|Starting|}_com.android.server.biometrics.BiometricService took to complete: 0ms
05-27 13:52:22.378   758  1536 D SystemServerTimingAsync: ssm.onCompletedEventUser-10_{|Switching|Starting|}_com.android.server.biometrics.AuthService
05-27 13:52:22.378   758  1536 V SystemServerTimingAsync: ssm.onCompletedEventUser-10_{|Switching|Starting|}_com.android.server.biometrics.AuthService took to complete: 0ms
05-27 13:52:22.379   758  1536 D SystemServerTimingAsync: ssm.onCompletedEventUser-10_{|Switching|Starting|}_com.android.server.adaptiveauth.AdaptiveAuthService
05-27 13:52:22.379   758  1536 V SystemServerTimingAsync: ssm.onCompletedEventUser-10_{|Switching|Starting|}_com.android.server.adaptiveauth.AdaptiveAuthService took to complete: 0ms
05-27 13:52:22.379   758  1536 D SystemServerTimingAsync: ssm.onCompletedEventUser-10_{|Switching|Starting|}_com.android.server.pm.ShortcutService$Lifecycle
05-27 13:52:22.379   758  1536 V SystemServerTimingAsync: ssm.onCompletedEventUser-10_{|Switching|Starting|}_com.android.server.pm.ShortcutService$Lifecycle took to complete: 0ms
05-27 13:52:22.379   758  1536 D SystemServerTimingAsync: ssm.onCompletedEventUser-10_{|Switching|Starting|}_com.android.server.pm.LauncherAppsService
05-27 13:52:22.379   758  1536 V SystemServerTimingAsync: ssm.onCompletedEventUser-10_{|Switching|Starting|}_com.android.server.pm.LauncherAppsService took to complete: 0ms
05-27 13:52:22.379   758  1536 D SystemServerTimingAsync: ssm.onCompletedEventUser-10_{|Switching|Starting|}_com.android.server.pm.CrossProfileAppsService
05-27 13:52:22.382   758  1534 V SystemServerTimingAsync: ssm.onCompletedEventUser-10_{|Switching|Starting|}_com.android.server.companion.CompanionDeviceManagerService took to complete: 0ms
05-27 13:52:22.382   758  1535 V SystemServerTimingAsync: ssm.onCompletedEventUser-10_{|Switching|Starting|}_com.android.server.emergency.EmergencyAffordanceService took to complete: 0ms
05-27 13:52:22.382   758  1535 D SystemServerTimingAsync: ssm.onCompletedEventUser-10_{|Switching|Starting|}_com.android.server.people.PeopleService
05-27 13:52:22.383   758  1535 V SystemServerTimingAsync: ssm.onCompletedEventUser-10_{|Switching|Starting|}_com.android.server.people.PeopleService took to complete: 1ms
05-27 13:52:22.383   758  1535 D SystemServerTimingAsync: ssm.onCompletedEventUser-10_{|Switching|Starting|}_com.android.server.media.metrics.MediaMetricsManagerService
05-27 13:52:22.383   758  1535 V SystemServerTimingAsync: ssm.onCompletedEventUser-10_{|Switching|Starting|}_com.android.server.media.metrics.MediaMetricsManagerService took to complete: 0ms
05-27 13:52:22.383   758  1535 D SystemServerTimingAsync: ssm.onCompletedEventUser-10_{|Switching|Starting|}_com.android.server.pm.BackgroundInstallControlService
05-27 13:52:22.383   758  1535 V SystemServerTimingAsync: ssm.onCompletedEventUser-10_{|Switching|Starting|}_com.android.server.pm.BackgroundInstallControlService took to complete: 0ms
05-27 13:52:22.383   758  1535 D SystemServerTimingAsync: ssm.onCompletedEventUser-10_{|Switching|Starting|}_com.android.server.media.projection.MediaProjectionManagerService
05-27 13:52:22.383   758  1535 V SystemServerTimingAsync: ssm.onCompletedEventUser-10_{|Switching|Starting|}_com.android.server.media.projection.MediaProjectionManagerService took to complete: 0ms
05-27 13:52:22.384   758  1535 D SystemServerTimingAsync: ssm.onCompletedEventUser-10_{|Switching|Starting|}_com.android.server.slice.SliceManagerService$Lifecycle
05-27 13:52:22.384   758  1535 V SystemServerTimingAsync: ssm.onCompletedEventUser-10_{|Switching|Starting|}_com.android.server.slice.SliceManagerService$Lifecycle took to complete: 0ms
05-27 13:52:22.384   758  1535 D SystemServerTimingAsync: ssm.onCompletedEventUser-10_{|Switching|Starting|}_com.android.server.stats.StatsCompanion$Lifecycle
05-27 13:52:22.384   758  1535 V SystemServerTimingAsync: ssm.onCompletedEventUser-10_{|Switching|Starting|}_com.android.server.stats.StatsCompanion$Lifecycle took to complete: 0ms
05-27 13:52:22.384   758  1535 D SystemServerTimingAsync: ssm.onCompletedEventUser-10_{|Switching|Starting|}_com.android.server.scheduling.RebootReadinessManagerService$Lifecycle
05-27 13:52:22.384   758  1535 V SystemServerTimingAsync: ssm.onCompletedEventUser-10_{|Switching|Starting|}_com.android.server.scheduling.RebootReadinessManagerService$Lifecycle took to complete: 0ms
05-27 13:52:22.384   758  1535 D SystemServerTimingAsync: ssm.onCompletedEventUser-10_{|Switching|Starting|}_com.android.server.stats.pull.StatsPullAtomService
05-27 13:52:22.385   758  1535 V SystemServerTimingAsync: ssm.onCompletedEventUser-10_{|Switching|Starting|}_com.android.server.stats.pull.StatsPullAtomService took to complete: 0ms
05-27 13:52:22.385   758  1535 D SystemServerTimingAsync: ssm.onCompletedEventUser-10_{|Switching|Starting|}_com.android.server.stats.bootstrap.StatsBootstrapAtomService$Lifecycle
05-27 13:52:22.385   758  1534 D SystemServerTimingAsync: ssm.onCompletedEventUser-10_{|Switching|Starting|}_com.android.server.incident.IncidentCompanionService
05-27 13:52:22.385   758  1534 V SystemServerTimingAsync: ssm.onCompletedEventUser-10_{|Switching|Starting|}_com.android.server.incident.IncidentCompanionService took to complete: 0ms
05-27 13:52:22.385   758  1534 D SystemServerTimingAsync: ssm.onCompletedEventUser-10_{|Switching|Starting|}_com.android.server.sdksandbox.SdkSandboxManagerService$Lifecycle
05-27 13:52:22.385   758  1534 V SystemServerTimingAsync: ssm.onCompletedEventUser-10_{|Switching|Starting|}_com.android.server.sdksandbox.SdkSandboxManagerService$Lifecycle took to complete: 0ms
05-27 13:52:22.385   758  1534 D SystemServerTimingAsync: ssm.onCompletedEventUser-10_{|Switching|Starting|}_com.android.server.adservices.AdServicesManagerService$Lifecycle
05-27 13:52:22.386   758  1534 V SystemServerTimingAsync: ssm.onCompletedEventUser-10_{|Switching|Starting|}_com.android.server.adservices.AdServicesManagerService$Lifecycle took to complete: 0ms
05-27 13:52:22.386   758  1534 D SystemServerTimingAsync: ssm.onCompletedEventUser-10_{|Switching|Starting|}_com.android.server.ondevicepersonalization.OnDevicePersonalizationSystemService$Lifecycle
05-27 13:52:22.386   758  1534 V SystemServerTimingAsync: ssm.onCompletedEventUser-10_{|Switching|Starting|}_com.android.server.ondevicepersonalization.OnDevicePersonalizationSystemService$Lifecycle took to complete: 0ms
05-27 13:52:22.386   758  1534 D SystemServerTimingAsync: ssm.onCompletedEventUser-10_{|Switching|Starting|}_android.os.profiling.ProfilingService$Lifecycle
05-27 13:52:22.386   758  1534 V SystemServerTimingAsync: ssm.onCompletedEventUser-10_{|Switching|Starting|}_android.os.profiling.ProfilingService$Lifecycle took to complete: 0ms
05-27 13:52:22.386   758  1534 D SystemServerTimingAsync: ssm.onCompletedEventUser-10_{|Switching|Starting|}_com.android.server.autofill.AutofillManagerService
05-27 13:52:22.386   758  1534 V SystemServerTimingAsync: ssm.onCompletedEventUser-10_{|Switching|Starting|}_com.android.server.autofill.AutofillManagerService took to complete: 0ms
05-27 13:52:22.386   758  1534 D SystemServerTimingAsync: ssm.onCompletedEventUser-10_{|Switching|Starting|}_com.android.server.clipboard.ClipboardService
05-27 13:52:22.387   758  1534 V SystemServerTimingAsync: ssm.onCompletedEventUser-10_{|Switching|Starting|}_com.android.server.clipboard.ClipboardService took to complete: 0ms
05-27 13:52:22.387   758  1534 D SystemServerTimingAsync: ssm.onCompletedEventUser-10_{|Switching|Starting|}_com.android.server.appbinding.AppBindingService$Lifecycle
05-27 13:52:22.387   758  1534 V SystemServerTimingAsync: ssm.onCompletedEventUser-10_{|Switching|Starting|}_com.android.server.appbinding.AppBindingService$Lifecycle took to complete: 0ms
05-27 13:52:22.387   758  1534 D SystemServerTimingAsync: ssm.onCompletedEventUser-10_{|Switching|Starting|}_com.android.server.tracing.TracingServiceProxy
05-27 13:52:22.387   758  1534 V SystemServerTimingAsync: ssm.onCompletedEventUser-10_{|Switching|Starting|}_com.android.server.tracing.TracingServiceProxy took to complete: 0ms
05-27 13:52:22.387   758  1534 D SystemServerTimingAsync: ssm.onCompletedEventUser-10_{|Switching|Starting|}_com.android.server.policy.PermissionPolicyService
05-27 13:52:22.387   758  1534 V SystemServerTimingAsync: ssm.onCompletedEventUser-10_{|Switching|Starting|}_com.android.server.policy.PermissionPolicyService took to complete: 0ms
05-27 13:52:22.387   758  1534 D SystemServerTimingAsync: ssm.onCompletedEventUser-10_{|Switching|Starting|}_com.android.server.pm.StagingManager$Lifecycle
05-27 13:52:22.387   758  1534 V SystemServerTimingAsync: ssm.onCompletedEventUser-10_{|Switching|Starting|}_com.android.server.pm.StagingManager$Lifecycle took to complete: 0ms
05-27 13:52:22.387   758  1534 D SystemServerTimingAsync: ssm.onCompletedEventUser-10_{|Switching|Starting|}_com.android.server.app.GameManagerService$Lifecycle
05-27 13:52:22.387   758  1534 V SystemServerTimingAsync: ssm.onCompletedEventUser-10_{|Switching|Starting|}_com.android.server.app.GameManagerService$Lifecycle took to complete: 0ms
05-27 13:52:22.388   758  1534 D SystemServerTimingAsync: ssm.onCompletedEventUser-10_{|Switching|Starting|}_com.android.safetycenter.SafetyCenterService
05-27 13:52:22.388   758  1534 V SystemServerTimingAsync: ssm.onCompletedEventUser-10_{|Switching|Starting|}_com.android.safetycenter.SafetyCenterService took to complete: 0ms
05-27 13:52:22.388   758  1534 D SystemServerTimingAsync: ssm.onCompletedEventUser-10_{|Switching|Starting|}_com.android.server.appsearch.AppSearchModule$Lifecycle
05-27 13:52:22.388   758  1534 V SystemServerTimingAsync: ssm.onCompletedEventUser-10_{|Switching|Starting|}_com.android.server.appsearch.AppSearchModule$Lifecycle took to complete: 0ms
05-27 13:52:22.388   758  1534 D SystemServerTimingAsync: ssm.onCompletedEventUser-10_{|Switching|Starting|}_com.android.server.media.MediaCommunicationService
05-27 13:52:22.388   758  1534 V SystemServerTimingAsync: ssm.onCompletedEventUser-10_{|Switching|Starting|}_com.android.server.media.MediaCommunicationService took to complete: 0ms
05-27 13:52:22.388   758  1534 D SystemServerTimingAsync: ssm.onCompletedEventUser-10_{|Switching|Starting|}_com.android.server.compat.overrides.AppCompatOverridesService$Lifecycle
05-27 13:52:22.388   758  1534 V SystemServerTimingAsync: ssm.onCompletedEventUser-10_{|Switching|Starting|}_com.android.server.compat.overrides.AppCompatOverridesService$Lifecycle took to complete: 0ms
05-27 13:52:22.388   758  1534 D SystemServerTimingAsync: ssm.onCompletedEventUser-10_{|Switching|Starting|}_com.android.server.healthconnect.HealthConnectManagerService
05-27 13:52:22.391   758  1536 V SystemServerTimingAsync: ssm.onCompletedEventUser-10_{|Switching|Starting|}_com.android.server.pm.CrossProfileAppsService took to complete: 0ms
05-27 13:52:22.391   758  1536 D SystemServerTimingAsync: ssm.onCompletedEventUser-10_{|Switching|Starting|}_com.android.server.devicelock.DeviceLockService
05-27 13:52:22.391   758  1536 V SystemServerTimingAsync: ssm.onCompletedEventUser-10_{|Switching|Starting|}_com.android.server.devicelock.DeviceLockService took to complete: 0ms
05-27 13:52:22.391   758  1536 D SystemServerTimingAsync: ssm.onCompletedEventUser-10_{|Switching|Starting|}_com.android.server.SensitiveContentProtectionManagerService
05-27 13:52:22.391   758  1536 V SystemServerTimingAsync: ssm.onCompletedEventUser-10_{|Switching|Starting|}_com.android.server.SensitiveContentProtectionManagerService took to complete: 0ms
05-27 13:52:22.392   758  1536 D SystemServerTimingAsync: ssm.onCompletedEventUser-10_{|Switching|Starting|}_com.android.internal.car.CarServiceHelperService
05-27 13:52:22.392   758  1536 V SystemServerTimingAsync: ssm.onCompletedEventUser-10_{|Switching|Starting|}_com.android.internal.car.CarServiceHelperService took to complete: 0ms
05-27 13:52:22.393   758  1535 V SystemServerTimingAsync: ssm.onCompletedEventUser-10_{|Switching|Starting|}_com.android.server.stats.bootstrap.StatsBootstrapAtomService$Lifecycle took to complete: 0ms
05-27 13:52:22.393   758  1534 V SystemServerTimingAsync: ssm.onCompletedEventUser-10_{|Switching|Starting|}_com.android.server.healthconnect.HealthConnectManagerService took to complete: 0ms
05-27 13:52:22.394   758   795 V SystemServerTimingAsync: ssm.CompletedEventUser-10 took to complete: 60ms
05-27 13:52:22.421   582   691 D BootAnimation: Playing files = /system/media/bootanimation.zip/part4, Requested repeat = 1, playUntilComplete = true
05-27 13:52:22.525  1314  1421 W ServiceManagerCppClient: Waited one second for android.hardware.bluetooth.audio.IBluetoothAudioProviderFactory/default (is service started? Number of threads started in the threadpool: 16. Are binder threads started and available?)
05-27 13:52:22.516     0     0 I servicemanager: Caller(pid=1314,uid=1001002,sid=u:r:bluetooth:s0) Since 'android.hardware.bluetooth.audio.IBluetoothAudioProviderFactory/default' could not be found trying to start it as a lazy AIDL service. (if it's not configured to be a lazy service, it may be stuck starting or still starting).
05-27 13:52:22.521     0     0 E init    : Control message: Could not find 'aidl/android.hardware.bluetooth.audio.IBluetoothAudioProviderFactory/default' for ctl.interface_start from pid: 164 (/system/bin/servicemanager)
05-27 13:52:22.535   164  1539 W libc    : Unable to set property "ctl.interface_start" to "aidl/android.hardware.bluetooth.audio.IBluetoothAudioProviderFactory/default": PROP_ERROR_HANDLE_CONTROL_MESSAGE (0x20)
05-27 13:52:22.524     0     0 I servicemanager: Caller(pid=1314,uid=1001002,sid=u:r:bluetooth:s0) Tried to start aidl service android.hardware.bluetooth.audio.IBluetoothAudioProviderFactory/default as a lazy service, but was unable to. Usually this happens when a service is not installed, but if the service is intended to be used as a lazy service, then it may be configured incorrectly.
05-27 13:52:22.701  1314  1540 W ActivityThread: Failed to find provider info for com.android.contacts (user not unlocked)
05-27 13:52:22.979  1234  1287 D EGL_emulation: app_time_stats: avg=2.03ms min=1.36ms max=6.15ms count=60
05-27 13:52:23.205   758   771 I system_server: Background concurrent mark compact GC freed 23MB AllocSpace bytes, 56(1216KB) LOS objects, 49% free, 19MB/38MB, paused 876us,2.114ms total 158.586ms
05-27 13:52:23.215   758   773 W system_server: ApkAssets: Deleting an ApkAssets object '<empty> and /system/app/CarLatinIME/CarLatinIME.apk' with 1 weak references
05-27 13:52:23.215   758   773 W system_server: ApkAssets: Deleting an ApkAssets object '<empty> and /apex/com.android.devicelock/priv-app/DeviceLockController@AP3A.241105.008/DeviceLockController.apk' with 1 weak references
05-27 13:52:23.216   758   773 W system_server: ApkAssets: Deleting an ApkAssets object '<empty> and /system/priv-app/InputDevices/InputDevices.apk' with 1 weak references
05-27 13:52:23.217   758   773 W system_server: ApkAssets: Deleting an ApkAssets object '<empty> and /system/priv-app/CarService/automotive-debug.apk' with 1 weak references
05-27 13:52:23.218   758   773 W system_server: ApkAssets: Deleting an ApkAssets object '<empty> and /system/priv-app/AaosCustomizationTool/AaosCustomizationTool.apk' with 1 weak references
05-27 13:52:23.218   758   773 W system_server: ApkAssets: Deleting an ApkAssets object '<empty> and /system/priv-app/CarRotaryController/CarRotaryController.apk' with 1 weak references
05-27 13:52:23.219   758   773 W system_server: ApkAssets: Deleting an ApkAssets object '/system/app/CarRotaryImeRRO/CarRotaryImeRRO.apk' with 1 weak references
05-27 13:52:23.220   758   773 W system_server: ApkAssets: Deleting an ApkAssets object '<empty> and /system_ext/app/AccessibilityMenu/AccessibilityMenu.apk' with 1 weak references
05-27 13:52:23.221   758   773 W system_server: ApkAssets: Deleting an ApkAssets object '<empty> and /apex/com.android.btservices/app/Bluetooth@AP3A.241105.008/Bluetooth.apk' with 1 weak references
05-27 13:52:23.322   582   691 D EGL_emulation: app_time_stats: avg=34.22ms min=22.06ms max=55.68ms count=30
05-27 13:52:23.532  1314  1421 W ServiceManagerCppClient: Waited one second for android.hardware.bluetooth.audio.IBluetoothAudioProviderFactory/default (is service started? Number of threads started in the threadpool: 16. Are binder threads started and available?)
05-27 13:52:23.522     0     0 I servicemanager: Caller(pid=1314,uid=1001002,sid=u:r:bluetooth:s0) Since 'android.hardware.bluetooth.audio.IBluetoothAudioProviderFactory/default' could not be found trying to start it as a lazy AIDL service. (if it's not configured to be a lazy service, it may be stuck starting or still starting).
05-27 13:52:23.529     0     0 E init    : Control message: Could not find 'aidl/android.hardware.bluetooth.audio.IBluetoothAudioProviderFactory/default' for ctl.interface_start from pid: 164 (/system/bin/servicemanager)
05-27 13:52:23.532     0     0 I servicemanager: Caller(pid=1314,uid=1001002,sid=u:r:bluetooth:s0) Tried to start aidl service android.hardware.bluetooth.audio.IBluetoothAudioProviderFactory/default as a lazy service, but was unable to. Usually this happens when a service is not installed, but if the service is intended to be used as a lazy service, then it may be configured incorrectly.
05-27 13:52:23.542   164  1547 W libc    : Unable to set property "ctl.interface_start" to "aidl/android.hardware.bluetooth.audio.IBluetoothAudioProviderFactory/default": PROP_ERROR_HANDLE_CONTROL_MESSAGE (0x20)
05-27 13:52:23.544   205   205 D EmulatedVehicleHardware: Set value for property ID: 290459441
05-27 13:52:23.586   582   691 D BootAnimation: Playing files = /system/media/bootanimation.zip/part5, Requested repeat = 1, playUntilComplete = true
05-27 13:52:23.620   582   691 D BootAnimation: BootAnimationShownTiming End time: 34620ms
05-27 13:52:23.630   582   582 D BootAnimation: BootAnimationStopTiming start time: 34630ms
05-27 13:52:23.681     0     0 I binder  : undelivered transaction 36480, process died.
05-27 13:52:23.681     0     0 I init    : Service 'bootanim' (pid 582) exited with status 0 oneshot service took 22.219999 seconds in background
05-27 13:52:23.684     0     0 I init    : Sending signal 9 to service 'bootanim' (pid 582) process group...
05-27 13:52:23.686     0     0 I libprocessgroup: Removed cgroup /sys/fs/cgroup/uid_1003/pid_582
05-27 13:52:23.711   466   504 I SurfaceFlinger: Boot is finished (23052 ms)
05-27 13:52:23.713   466   504 I sf_stop_bootanim: 34713
05-27 13:52:23.715   466   466 D SurfaceFlinger: Power hint is disabled
05-27 13:52:23.715   758   786 I wm_boot_animation_done: 34715
05-27 13:52:23.715   758   786 D ActivityManagerTiming: FinishBooting
05-27 13:52:23.716   397   397 W Zygote  : forkRepeatedly terminated due to non-simple command
05-27 13:52:23.716   397   397 D Zygote  : mbuffer starts with 1 , nice name is , mEnd = 19, mNext = 19, mLinesLeft = 0, mFd = 6
05-27 13:52:23.722   758   786 I ActivityManager: About to commit checkpoint
05-27 13:52:23.722   758   786 I SystemServiceManager: Starting phase 1000
05-27 13:52:23.723   758   786 D ActivityManagerTiming: OnBootPhase_1000
05-27 13:52:23.723   758   786 D ActivityManagerTiming: OnBootPhase_1000_com.android.server.security.FileIntegrityService
