05-27 13:52:20.218  1206  1408 D HvacController: handleHvacPropertyChange - propertyId: HVAC_AUTO_RECIRC_ON value: CarPropertyValue{mPropertyId=0x15200512, propertyName=HVAC_AUTO_RECIRC_ON, mAreaId=0x20, mStatus=0, mTimestampNanos=6245571682, mValue=false}
05-27 13:52:20.219  1206  1408 D HvacController: handleHvacPropertyChange - propertyId: HVAC_AUTO_RECIRC_ON value: CarPropertyValue{mPropertyId=0x15200512, propertyName=HVAC_AUTO_RECIRC_ON, mAreaId=0x40, mStatus=0, mTimestampNanos=6245571207, mValue=false}
05-27 13:52:20.220  1206  1408 D HvacController: handleHvacPropertyChange - propertyId: HVAC_AUTO_RECIRC_ON value: CarPropertyValue{mPropertyId=0x15200512, propertyName=HVAC_AUTO_RECIRC_ON, mAreaId=0x40, mStatus=0, mTimestampNanos=6245571207, mValue=false}
05-27 13:52:20.222  1206  1408 D HvacController: handleHvacPropertyChange - propertyId: HVAC_SEAT_VENTILATION value: CarPropertyValue{mPropertyId=0x15400513, propertyName=HVAC_SEAT_VENTILATION, mAreaId=0x1, mStatus=0, mTimestampNanos=6245580700, mValue=0}
05-27 13:52:20.223  1206  1408 D HvacController: handleHvacPropertyChange - propertyId: HVAC_SEAT_VENTILATION value: CarPropertyValue{mPropertyId=0x15400513, propertyName=HVAC_SEAT_VENTILATION, mAreaId=0x1, mStatus=0, mTimestampNanos=6245580700, mValue=0}
05-27 13:52:20.223  1206  1206 D OverlayViewGlobalStateController: Content shown: com.android.systemui.car.keyguard.CarKeyguardViewController
05-27 13:52:20.225  1206  1408 D HvacController: handleHvacPropertyChange - propertyId: HVAC_SEAT_VENTILATION value: CarPropertyValue{mPropertyId=0x15400513, propertyName=HVAC_SEAT_VENTILATION, mAreaId=0x4, mStatus=0, mTimestampNanos=6245581243, mValue=0}
05-27 13:52:20.226  1206  1408 D HvacController: handleHvacPropertyChange - propertyId: HVAC_SEAT_VENTILATION value: CarPropertyValue{mPropertyId=0x15400513, propertyName=HVAC_SEAT_VENTILATION, mAreaId=0x4, mStatus=0, mTimestampNanos=6245581243, mValue=0}
05-27 13:52:20.226  1206  1408 D HvacController: handleHvacPropertyChange - propertyId: HVAC_SEAT_VENTILATION value: CarPropertyValue{mPropertyId=0x15400513, propertyName=HVAC_SEAT_VENTILATION, mAreaId=0x10, mStatus=0, mTimestampNanos=6245581754, mValue=0}
05-27 13:52:20.228  1206  1408 D HvacController: handleHvacPropertyChange - propertyId: HVAC_SEAT_VENTILATION value: CarPropertyValue{mPropertyId=0x15400513, propertyName=HVAC_SEAT_VENTILATION, mAreaId=0x10, mStatus=0, mTimestampNanos=6245581754, mValue=0}
05-27 13:52:20.232  1206  1408 D HvacController: handleHvacPropertyChange - propertyId: HVAC_SEAT_VENTILATION value: CarPropertyValue{mPropertyId=0x15400513, propertyName=HVAC_SEAT_VENTILATION, mAreaId=0x20, mStatus=0, mTimestampNanos=6245582832, mValue=0}
05-27 13:52:20.233  1206  1408 D HvacController: handleHvacPropertyChange - propertyId: HVAC_SEAT_VENTILATION value: CarPropertyValue{mPropertyId=0x15400513, propertyName=HVAC_SEAT_VENTILATION, mAreaId=0x20, mStatus=0, mTimestampNanos=6245582832, mValue=0}
05-27 13:52:20.234  1206  1408 D HvacController: handleHvacPropertyChange - propertyId: HVAC_SEAT_VENTILATION value: CarPropertyValue{mPropertyId=0x15400513, propertyName=HVAC_SEAT_VENTILATION, mAreaId=0x40, mStatus=0, mTimestampNanos=6245582326, mValue=0}
05-27 13:52:20.235  1206  1408 D HvacController: handleHvacPropertyChange - propertyId: HVAC_SEAT_VENTILATION value: CarPropertyValue{mPropertyId=0x15400513, propertyName=HVAC_SEAT_VENTILATION, mAreaId=0x40, mStatus=0, mTimestampNanos=6245582326, mValue=0}
05-27 13:52:20.236  1206  1408 D HvacController: handleHvacPropertyChange - propertyId: HVAC_ELECTRIC_DEFROSTER_ON value: CarPropertyValue{mPropertyId=0x13200514, propertyName=HVAC_ELECTRIC_DEFROSTER_ON, mAreaId=0x1, mStatus=0, mTimestampNanos=6245623513, mValue=false}
05-27 13:52:20.237  1206  1408 D HvacController: handleHvacPropertyChange - propertyId: HVAC_ELECTRIC_DEFROSTER_ON value: CarPropertyValue{mPropertyId=0x13200514, propertyName=HVAC_ELECTRIC_DEFROSTER_ON, mAreaId=0x1, mStatus=0, mTimestampNanos=6245623513, mValue=false}
05-27 13:52:20.238  1206  1408 D HvacController: handleHvacPropertyChange - propertyId: HVAC_ELECTRIC_DEFROSTER_ON value: CarPropertyValue{mPropertyId=0x13200514, propertyName=HVAC_ELECTRIC_DEFROSTER_ON, mAreaId=0x2, mStatus=0, mTimestampNanos=6245624201, mValue=false}
05-27 13:52:20.239  1206  1408 D HvacController: handleHvacPropertyChange - propertyId: HVAC_ELECTRIC_DEFROSTER_ON value: CarPropertyValue{mPropertyId=0x13200514, propertyName=HVAC_ELECTRIC_DEFROSTER_ON, mAreaId=0x2, mStatus=0, mTimestampNanos=6245624201, mValue=false}
05-27 13:52:20.247  1206  1408 D HvacController: handleHvacPropertyChange - propertyId: HVAC_ACTUAL_FAN_SPEED_RPM value: CarPropertyValue{mPropertyId=0x1540050f, propertyName=HVAC_ACTUAL_FAN_SPEED_RPM, mAreaId=0x1, mStatus=0, mTimestampNanos=6244940056, mValue=50}
05-27 13:52:20.247  1206  1206 I viewroot_draw_event: [VRI[BottomCarSystemBar],reportDrawFinished seqId=0]
05-27 13:52:20.250  1206  1408 D HvacController: handleHvacPropertyChange - propertyId: HVAC_AC_ON value: CarPropertyValue{mPropertyId=0x15200505, propertyName=HVAC_AC_ON, mAreaId=0x1, mStatus=0, mTimestampNanos=6245686887, mValue=true}
05-27 13:52:20.256  1206  1408 D HvacController: handleHvacPropertyChange - propertyId: HVAC_AUTO_ON value: CarPropertyValue{mPropertyId=0x1520050a, propertyName=HVAC_AUTO_ON, mAreaId=0x1, mStatus=0, mTimestampNanos=6245789035, mValue=true}
05-27 13:52:20.256   758   787 I input_focus: [Focus request 72143c1 SystemUIOverlayWindow,reason=UpdateInputWindows]
05-27 13:52:20.267  1206  1206 I viewroot_draw_event: [VRI[SystemUIOverlayWindow],Start draw after previous draw not visible]
05-27 13:52:20.268   582   691 D EGL_emulation: app_time_stats: avg=35.65ms min=13.94ms max=102.46ms count=28
05-27 13:52:20.269  1206  1408 D HvacController: handleHvacPropertyChange - propertyId: HVAC_AUTO_RECIRC_ON value: CarPropertyValue{mPropertyId=0x15200512, propertyName=HVAC_AUTO_RECIRC_ON, mAreaId=0x1, mStatus=0, mTimestampNanos=6245569635, mValue=false}
05-27 13:52:20.272  1206  1206 I viewroot_draw_event: [VRI[SystemUIOverlayWindow],reportDrawFinished seqId=0]
05-27 13:52:20.275  1206  1408 D HvacController: handleHvacPropertyChange - propertyId: HVAC_FAN_DIRECTION value: CarPropertyValue{mPropertyId=0x15400501, propertyName=HVAC_FAN_DIRECTION, mAreaId=0x1, mStatus=0, mTimestampNanos=6245574677, mValue=1}
05-27 13:52:20.279  1206  1408 D HvacController: handleHvacPropertyChange - propertyId: HVAC_FAN_SPEED value: CarPropertyValue{mPropertyId=0x15400500, propertyName=HVAC_FAN_SPEED, mAreaId=0x1, mStatus=0, mTimestampNanos=6245711272, mValue=3}
05-27 13:52:20.284  1206  1408 D HvacController: handleHvacPropertyChange - propertyId: HVAC_MAX_AC_ON value: CarPropertyValue{mPropertyId=0x15200506, propertyName=HVAC_MAX_AC_ON, mAreaId=0x1, mStatus=0, mTimestampNanos=6245272713, mValue=false}
05-27 13:52:20.289  1206  1408 D HvacController: handleHvacPropertyChange - propertyId: HVAC_RECIRC_ON value: CarPropertyValue{mPropertyId=0x15200508, propertyName=HVAC_RECIRC_ON, mAreaId=0x1, mStatus=0, mTimestampNanos=6245845709, mValue=true}
05-27 13:52:20.295  1206  1408 D HvacController: handleHvacPropertyChange - propertyId: HVAC_TEMPERATURE_CURRENT value: CarPropertyValue{mPropertyId=0x15600502, propertyName=HVAC_TEMPERATURE_CURRENT, mAreaId=0x1, mStatus=0, mTimestampNanos=6245078986, mValue=19.1}
05-27 13:52:20.299  1206  1408 D HvacController: handleHvacPropertyChange - propertyId: HVAC_TEMPERATURE_SET value: CarPropertyValue{mPropertyId=0x15600503, propertyName=HVAC_TEMPERATURE_SET, mAreaId=0x1, mStatus=0, mTimestampNanos=6245117511, mValue=17.0}
05-27 13:52:20.303  1206  1408 D HvacController: handleHvacPropertyChange - propertyId: HVAC_ACTUAL_FAN_SPEED_RPM value: CarPropertyValue{mPropertyId=0x1540050f, propertyName=HVAC_ACTUAL_FAN_SPEED_RPM, mAreaId=0x1, mStatus=0, mTimestampNanos=6244940056, mValue=50}
05-27 13:52:20.304  1206  1206 D OverlayViewGlobalStateController: Content hidden: com.android.systemui.car.keyguard.CarKeyguardViewController
05-27 13:52:20.307  1206  1206 D CarSystemBarController: refreshSystemBar: locked?: false homeDisabled: false notificationDisabled: false qcDisabled: false systemIconsDisabled: false
05-27 13:52:20.308  1206  1395 D CarPrivacyChipViewController: updatePrivacyChipView
05-27 13:52:20.310  1206  1206 D KeyguardViewMediator: KeyguardViewMediator queue processing message: KEYGUARD_DONE_DRAWING
05-27 13:52:20.314  1206  1408 D HvacController: handleHvacPropertyChange - propertyId: HVAC_AC_ON value: CarPropertyValue{mPropertyId=0x15200505, propertyName=HVAC_AC_ON, mAreaId=0x1, mStatus=0, mTimestampNanos=6245686887, mValue=true}
05-27 13:52:20.317   758   787 I input_focus: [Focus request 85695ae com.android.car.settings/com.android.car.settings.FallbackHome,reason=UpdateInputWindows]
05-27 13:52:20.320  1206  1206 I viewroot_draw_event: [VRI[SystemUIOverlayWindow],Not drawing due to not visible. Reason=View.INVISIBLE]
05-27 13:52:20.321  1206  1206 I viewroot_draw_event: [VRI[SystemUIOverlayWindow],reportDrawFinished seqId=0]
05-27 13:52:20.321  1206  1408 D HvacController: handleHvacPropertyChange - propertyId: HVAC_AUTO_ON value: CarPropertyValue{mPropertyId=0x1520050a, propertyName=HVAC_AUTO_ON, mAreaId=0x1, mStatus=0, mTimestampNanos=6245789035, mValue=true}
05-27 13:52:20.330  1206  1408 D HvacController: handleHvacPropertyChange - propertyId: HVAC_AUTO_RECIRC_ON value: CarPropertyValue{mPropertyId=0x15200512, propertyName=HVAC_AUTO_RECIRC_ON, mAreaId=0x1, mStatus=0, mTimestampNanos=6245569635, mValue=false}
05-27 13:52:20.335  1206  1206 I sysui_multi_action: [757,197,758,5,759,0]
05-27 13:52:20.335  1206  1408 D HvacController: handleHvacPropertyChange - propertyId: HVAC_FAN_DIRECTION value: CarPropertyValue{mPropertyId=0x15400501, propertyName=HVAC_FAN_DIRECTION, mAreaId=0x1, mStatus=0, mTimestampNanos=6245574677, mValue=1}
05-27 13:52:20.336  1206  1206 E KeyguardViewMediator: mHideAnimationFinishedRunnable#run
05-27 13:52:20.336  1206  1206 D KeyguardViewMediator: Hiding keyguard while occluded. Just hide the keyguard view and exit.
05-27 13:52:20.339  1206  1366 E FromLockscreenTransitionInteractor: Ignoring startTransition: This interactor asked to transition from LOCKSCREEN -> GONE, but we last transitioned to OFF, not LOCKSCREEN. This should never happen - check currentTransitionInfoInternal or use filterRelevantKeyguardState before starting transitions.
05-27 13:52:20.344  1206  1395 D CarPrivacyChipViewController: updatePrivacyChipView
05-27 13:52:20.344  1206  1206 D CarSystemBarController: refreshSystemBar: locked?: false homeDisabled: false notificationDisabled: false qcDisabled: false systemIconsDisabled: false
05-27 13:52:20.346  1206  1408 D HvacController: handleHvacPropertyChange - propertyId: HVAC_FAN_SPEED value: CarPropertyValue{mPropertyId=0x15400500, propertyName=HVAC_FAN_SPEED, mAreaId=0x1, mStatus=0, mTimestampNanos=6245711272, mValue=3}
05-27 13:52:20.346  1206  1206 D CarSystemBarController: refreshSystemBar: locked?: false homeDisabled: false notificationDisabled: false qcDisabled: false systemIconsDisabled: false
05-27 13:52:20.353   758   758 W AccessibilityManagerService:  wait for adding window timeout: 5
05-27 13:52:20.355  1206  1206 I viewroot_draw_event: [VRI[SystemUIOverlayWindow],reportDrawFinished seqId=0]
05-27 13:52:20.358  1368  1368 V RotaryController: onAccessibilityEvent: EventType: TYPE_WINDOW_STATE_CHANGED; EventTime: 30851; PackageName: com.android.systemui; MovementGranularity: 0; Action: 0; ContentChangeTypes: []; WindowChangeTypes: [] [ ClassName: android.widget.FrameLayout; Text: [Lower temperature, 63, Raise temperature]; ContentDescription: null; ItemCount: -1; CurrentItemIndex: -1; Enabled: true; Password: false; Checked: false; FullScreen: false; Scrollable: false; ImportantForAccessibility: true; AccessibilityDataSensitive: false; BeforeText: null; FromIndex: -1; ToIndex: -1; ScrollX: 0; ScrollY: 0; MaxScrollX: 0; MaxScrollY: 0; ScrollDeltaX: -1; ScrollDeltaY: -1; AddedCount: -1; RemovedCount: -1; ParcelableData: null; DisplayId: 0 ]; recordCount: 0
05-27 13:52:20.364  1206  1408 D HvacController: handleHvacPropertyChange - propertyId: HVAC_MAX_AC_ON value: CarPropertyValue{mPropertyId=0x15200506, propertyName=HVAC_MAX_AC_ON, mAreaId=0x1, mStatus=0, mTimestampNanos=6245272713, mValue=false}
05-27 13:52:20.367  1368  1368 V RotaryController: event window ID: 5
05-27 13:52:20.371  1206  1408 D HvacController: handleHvacPropertyChange - propertyId: HVAC_RECIRC_ON value: CarPropertyValue{mPropertyId=0x15200508, propertyName=HVAC_RECIRC_ON, mAreaId=0x1, mStatus=0, mTimestampNanos=6245845709, mValue=true}
05-27 13:52:20.382   758   940 D SystemServerTiming: getUserSwitchability-10
05-27 13:52:20.382   758   940 D SystemServerTiming: TM.isInCall
05-27 13:52:20.382   758   940 V SystemServerTiming: TM.isInCall took to complete: 0ms
05-27 13:52:20.382   758   940 D SystemServerTiming: hasUserRestriction-DISALLOW_USER_SWITCH
05-27 13:52:20.383   758   940 V SystemServerTiming: hasUserRestriction-DISALLOW_USER_SWITCH took to complete: 0ms
05-27 13:52:20.383   758   940 V SystemServerTiming: getUserSwitchability-10 took to complete: 1ms
05-27 13:52:20.383  1206  1408 D HvacController: handleHvacPropertyChange - propertyId: HVAC_TEMPERATURE_CURRENT value: CarPropertyValue{mPropertyId=0x15600502, propertyName=HVAC_TEMPERATURE_CURRENT, mAreaId=0x1, mStatus=0, mTimestampNanos=6245078986, mValue=19.1}
05-27 13:52:20.389  1206  1408 D HvacController: handleHvacPropertyChange - propertyId: HVAC_TEMPERATURE_SET value: CarPropertyValue{mPropertyId=0x15600503, propertyName=HVAC_TEMPERATURE_SET, mAreaId=0x1, mStatus=0, mTimestampNanos=6245117511, mValue=17.0}
05-27 13:52:20.398  1206  1408 D HvacController: handleHvacPropertyChange - propertyId: HVAC_ACTUAL_FAN_SPEED_RPM value: CarPropertyValue{mPropertyId=0x1540050f, propertyName=HVAC_ACTUAL_FAN_SPEED_RPM, mAreaId=0x4, mStatus=0, mTimestampNanos=6244940596, mValue=50}
05-27 13:52:20.404  1206  1408 D HvacController: handleHvacPropertyChange - propertyId: HVAC_AC_ON value: CarPropertyValue{mPropertyId=0x15200505, propertyName=HVAC_AC_ON, mAreaId=0x4, mStatus=0, mTimestampNanos=6245688603, mValue=true}
05-27 13:52:20.407  1206  1408 D HvacController: handleHvacPropertyChange - propertyId: HVAC_AUTO_ON value: CarPropertyValue{mPropertyId=0x1520050a, propertyName=HVAC_AUTO_ON, mAreaId=0x4, mStatus=0, mTimestampNanos=6245789592, mValue=true}
05-27 13:52:20.415  1206  1408 D HvacController: handleHvacPropertyChange - propertyId: HVAC_AUTO_RECIRC_ON value: CarPropertyValue{mPropertyId=0x15200512, propertyName=HVAC_AUTO_RECIRC_ON, mAreaId=0x4, mStatus=0, mTimestampNanos=6245570157, mValue=false}
05-27 13:52:20.418  1206  1408 D HvacController: handleHvacPropertyChange - propertyId: HVAC_FAN_DIRECTION value: CarPropertyValue{mPropertyId=0x15400501, propertyName=HVAC_FAN_DIRECTION, mAreaId=0x4, mStatus=0, mTimestampNanos=6245575213, mValue=1}
05-27 13:52:20.422  1206  1408 D HvacController: handleHvacPropertyChange - propertyId: HVAC_FAN_SPEED value: CarPropertyValue{mPropertyId=0x15400500, propertyName=HVAC_FAN_SPEED, mAreaId=0x4, mStatus=0, mTimestampNanos=6245711844, mValue=3}
05-27 13:52:20.427  1206  1408 D HvacController: handleHvacPropertyChange - propertyId: HVAC_MAX_AC_ON value: CarPropertyValue{mPropertyId=0x15200506, propertyName=HVAC_MAX_AC_ON, mAreaId=0x4, mStatus=0, mTimestampNanos=6245273254, mValue=false}
05-27 13:52:20.430  1206  1408 D HvacController: handleHvacPropertyChange - propertyId: HVAC_RECIRC_ON value: CarPropertyValue{mPropertyId=0x15200508, propertyName=HVAC_RECIRC_ON, mAreaId=0x4, mStatus=0, mTimestampNanos=6245861604, mValue=true}
05-27 13:52:20.434  1206  1408 D HvacController: handleHvacPropertyChange - propertyId: HVAC_TEMPERATURE_CURRENT value: CarPropertyValue{mPropertyId=0x15600502, propertyName=HVAC_TEMPERATURE_CURRENT, mAreaId=0x4, mStatus=0, mTimestampNanos=6245079614, mValue=19.1}
05-27 13:52:20.437  1206  1408 D HvacController: handleHvacPropertyChange - propertyId: HVAC_TEMPERATURE_SET value: CarPropertyValue{mPropertyId=0x15600503, propertyName=HVAC_TEMPERATURE_SET, mAreaId=0x4, mStatus=0, mTimestampNanos=6245118110, mValue=17.0}
05-27 13:52:20.440  1206  1408 D HvacController: handleHvacPropertyChange - propertyId: HVAC_ACTUAL_FAN_SPEED_RPM value: CarPropertyValue{mPropertyId=0x1540050f, propertyName=HVAC_ACTUAL_FAN_SPEED_RPM, mAreaId=0x4, mStatus=0, mTimestampNanos=6244940596, mValue=50}
05-27 13:52:20.444  1206  1408 D HvacController: handleHvacPropertyChange - propertyId: HVAC_AC_ON value: CarPropertyValue{mPropertyId=0x15200505, propertyName=HVAC_AC_ON, mAreaId=0x4, mStatus=0, mTimestampNanos=6245688603, mValue=true}
05-27 13:52:20.448  1206  1408 D HvacController: handleHvacPropertyChange - propertyId: HVAC_AUTO_ON value: CarPropertyValue{mPropertyId=0x1520050a, propertyName=HVAC_AUTO_ON, mAreaId=0x4, mStatus=0, mTimestampNanos=6245789592, mValue=true}
05-27 13:52:20.451  1206  1408 D HvacController: handleHvacPropertyChange - propertyId: HVAC_AUTO_RECIRC_ON value: CarPropertyValue{mPropertyId=0x15200512, propertyName=HVAC_AUTO_RECIRC_ON, mAreaId=0x4, mStatus=0, mTimestampNanos=6245570157, mValue=false}
05-27 13:52:20.456  1206  1408 D HvacController: handleHvacPropertyChange - propertyId: HVAC_FAN_DIRECTION value: CarPropertyValue{mPropertyId=0x15400501, propertyName=HVAC_FAN_DIRECTION, mAreaId=0x4, mStatus=0, mTimestampNanos=6245575213, mValue=1}
05-27 13:52:20.460  1206  1408 D HvacController: handleHvacPropertyChange - propertyId: HVAC_FAN_SPEED value: CarPropertyValue{mPropertyId=0x15400500, propertyName=HVAC_FAN_SPEED, mAreaId=0x4, mStatus=0, mTimestampNanos=6245711844, mValue=3}
05-27 13:52:20.464  1206  1408 D HvacController: handleHvacPropertyChange - propertyId: HVAC_MAX_AC_ON value: CarPropertyValue{mPropertyId=0x15200506, propertyName=HVAC_MAX_AC_ON, mAreaId=0x4, mStatus=0, mTimestampNanos=6245273254, mValue=false}
05-27 13:52:20.467  1206  1408 D HvacController: handleHvacPropertyChange - propertyId: HVAC_RECIRC_ON value: CarPropertyValue{mPropertyId=0x15200508, propertyName=HVAC_RECIRC_ON, mAreaId=0x4, mStatus=0, mTimestampNanos=6245861604, mValue=true}
05-27 13:52:20.471  1206  1408 D HvacController: handleHvacPropertyChange - propertyId: HVAC_TEMPERATURE_CURRENT value: CarPropertyValue{mPropertyId=0x15600502, propertyName=HVAC_TEMPERATURE_CURRENT, mAreaId=0x4, mStatus=0, mTimestampNanos=6245079614, mValue=19.1}
05-27 13:52:20.474  1206  1408 D HvacController: handleHvacPropertyChange - propertyId: HVAC_TEMPERATURE_SET value: CarPropertyValue{mPropertyId=0x15600503, propertyName=HVAC_TEMPERATURE_SET, mAreaId=0x4, mStatus=0, mTimestampNanos=6245118110, mValue=17.0}
05-27 13:52:20.480  1206  1408 D HvacController: handleHvacPropertyChange - propertyId: HVAC_ACTUAL_FAN_SPEED_RPM value: CarPropertyValue{mPropertyId=0x1540050f, propertyName=HVAC_ACTUAL_FAN_SPEED_RPM, mAreaId=0x10, mStatus=0, mTimestampNanos=6244941276, mValue=50}
05-27 13:52:20.483  1206  1408 D HvacController: handleHvacPropertyChange - propertyId: HVAC_AC_ON value: CarPropertyValue{mPropertyId=0x15200505, propertyName=HVAC_AC_ON, mAreaId=0x10, mStatus=0, mTimestampNanos=6245689201, mValue=true}
05-27 13:52:20.486  1206  1408 D HvacController: handleHvacPropertyChange - propertyId: HVAC_AUTO_ON value: CarPropertyValue{mPropertyId=0x1520050a, propertyName=HVAC_AUTO_ON, mAreaId=0x10, mStatus=0, mTimestampNanos=6245790087, mValue=true}
05-27 13:52:20.489  1206  1408 D HvacController: handleHvacPropertyChange - propertyId: HVAC_AUTO_RECIRC_ON value: CarPropertyValue{mPropertyId=0x15200512, propertyName=HVAC_AUTO_RECIRC_ON, mAreaId=0x10, mStatus=0, mTimestampNanos=6245570641, mValue=false}
05-27 13:52:20.493  1206  1408 D HvacController: handleHvacPropertyChange - propertyId: HVAC_FAN_DIRECTION value: CarPropertyValue{mPropertyId=0x15400501, propertyName=HVAC_FAN_DIRECTION, mAreaId=0x10, mStatus=0, mTimestampNanos=6245575772, mValue=1}
05-27 13:52:20.496  1206  1408 D HvacController: handleHvacPropertyChange - propertyId: HVAC_FAN_SPEED value: CarPropertyValue{mPropertyId=0x15400500, propertyName=HVAC_FAN_SPEED, mAreaId=0x10, mStatus=0, mTimestampNanos=6245712344, mValue=3}
05-27 13:52:20.499  1206  1408 D HvacController: handleHvacPropertyChange - propertyId: HVAC_MAX_AC_ON value: CarPropertyValue{mPropertyId=0x15200506, propertyName=HVAC_MAX_AC_ON, mAreaId=0x10, mStatus=0, mTimestampNanos=6245273789, mValue=false}
05-27 13:52:20.502  1206  1408 D HvacController: handleHvacPropertyChange - propertyId: HVAC_RECIRC_ON value: CarPropertyValue{mPropertyId=0x15200508, propertyName=HVAC_RECIRC_ON, mAreaId=0x10, mStatus=0, mTimestampNanos=6245862332, mValue=true}
05-27 13:52:20.506  1206  1408 D HvacController: handleHvacPropertyChange - propertyId: HVAC_TEMPERATURE_CURRENT value: CarPropertyValue{mPropertyId=0x15600502, propertyName=HVAC_TEMPERATURE_CURRENT, mAreaId=0x10, mStatus=0, mTimestampNanos=6245080131, mValue=19.1}
05-27 13:52:20.509  1206  1408 D HvacController: handleHvacPropertyChange - propertyId: HVAC_TEMPERATURE_SET value: CarPropertyValue{mPropertyId=0x15600503, propertyName=HVAC_TEMPERATURE_SET, mAreaId=0x10, mStatus=0, mTimestampNanos=6245118647, mValue=17.0}
05-27 13:52:20.512  1314  1421 W ServiceManagerCppClient: Waited one second for android.hardware.bluetooth.audio.IBluetoothAudioProviderFactory/default (is service started? Number of threads started in the threadpool: 16. Are binder threads started and available?)
05-27 13:52:20.513  1206  1408 D HvacController: handleHvacPropertyChange - propertyId: HVAC_ACTUAL_FAN_SPEED_RPM value: CarPropertyValue{mPropertyId=0x1540050f, propertyName=HVAC_ACTUAL_FAN_SPEED_RPM, mAreaId=0x10, mStatus=0, mTimestampNanos=6244941276, mValue=50}
05-27 13:52:20.516  1206  1408 D HvacController: handleHvacPropertyChange - propertyId: HVAC_AC_ON value: CarPropertyValue{mPropertyId=0x15200505, propertyName=HVAC_AC_ON, mAreaId=0x10, mStatus=0, mTimestampNanos=6245689201, mValue=true}
05-27 13:52:20.519  1206  1408 D HvacController: handleHvacPropertyChange - propertyId: HVAC_AUTO_ON value: CarPropertyValue{mPropertyId=0x1520050a, propertyName=HVAC_AUTO_ON, mAreaId=0x10, mStatus=0, mTimestampNanos=6245790087, mValue=true}
05-27 13:52:20.502     0     0 I servicemanager: Caller(pid=1314,uid=1001002,sid=u:r:bluetooth:s0) Since 'android.hardware.bluetooth.audio.IBluetoothAudioProviderFactory/default' could not be found trying to start it as a lazy AIDL service. (if it's not configured to be a lazy service, it may be stuck starting or still starting).
05-27 13:52:20.507     0     0 E init    : Control message: Could not find 'aidl/android.hardware.bluetooth.audio.IBluetoothAudioProviderFactory/default' for ctl.interface_start from pid: 164 (/system/bin/servicemanager)
05-27 13:52:20.521   164  1524 W libc    : Unable to set property "ctl.interface_start" to "aidl/android.hardware.bluetooth.audio.IBluetoothAudioProviderFactory/default": PROP_ERROR_HANDLE_CONTROL_MESSAGE (0x20)
05-27 13:52:20.526  1206  1408 D HvacController: handleHvacPropertyChange - propertyId: HVAC_AUTO_RECIRC_ON value: CarPropertyValue{mPropertyId=0x15200512, propertyName=HVAC_AUTO_RECIRC_ON, mAreaId=0x10, mStatus=0, mTimestampNanos=6245570641, mValue=false}
05-27 13:52:20.510     0     0 I servicemanager: Caller(pid=1314,uid=1001002,sid=u:r:bluetooth:s0) Tried to start aidl service android.hardware.bluetooth.audio.IBluetoothAudioProviderFactory/default as a lazy service, but was unable to. Usually this happens when a service is not installed, but if the service is intended to be used as a lazy service, then it may be configured incorrectly.
05-27 13:52:20.530  1206  1408 D HvacController: handleHvacPropertyChange - propertyId: HVAC_FAN_DIRECTION value: CarPropertyValue{mPropertyId=0x15400501, propertyName=HVAC_FAN_DIRECTION, mAreaId=0x10, mStatus=0, mTimestampNanos=6245575772, mValue=1}
05-27 13:52:20.535  1206  1408 D HvacController: handleHvacPropertyChange - propertyId: HVAC_FAN_SPEED value: CarPropertyValue{mPropertyId=0x15400500, propertyName=HVAC_FAN_SPEED, mAreaId=0x10, mStatus=0, mTimestampNanos=6245712344, mValue=3}
05-27 13:52:20.538   205   205 D EmulatedVehicleHardware: Set value for property ID: 290459441
05-27 13:52:20.540  1206  1408 D HvacController: handleHvacPropertyChange - propertyId: HVAC_MAX_AC_ON value: CarPropertyValue{mPropertyId=0x15200506, propertyName=HVAC_MAX_AC_ON, mAreaId=0x10, mStatus=0, mTimestampNanos=6245273789, mValue=false}
05-27 13:52:20.543  1206  1408 D HvacController: handleHvacPropertyChange - propertyId: HVAC_RECIRC_ON value: CarPropertyValue{mPropertyId=0x15200508, propertyName=HVAC_RECIRC_ON, mAreaId=0x10, mStatus=0, mTimestampNanos=6245862332, mValue=true}
05-27 13:52:20.547  1206  1408 D HvacController: handleHvacPropertyChange - propertyId: HVAC_TEMPERATURE_CURRENT value: CarPropertyValue{mPropertyId=0x15600502, propertyName=HVAC_TEMPERATURE_CURRENT, mAreaId=0x10, mStatus=0, mTimestampNanos=6245080131, mValue=19.1}
05-27 13:52:20.551  1206  1408 D HvacController: handleHvacPropertyChange - propertyId: HVAC_TEMPERATURE_SET value: CarPropertyValue{mPropertyId=0x15600503, propertyName=HVAC_TEMPERATURE_SET, mAreaId=0x10, mStatus=0, mTimestampNanos=6245118647, mValue=17.0}
05-27 13:52:20.554  1206  1408 D HvacController: handleHvacPropertyChange - propertyId: HVAC_ACTUAL_FAN_SPEED_RPM value: CarPropertyValue{mPropertyId=0x1540050f, propertyName=HVAC_ACTUAL_FAN_SPEED_RPM, mAreaId=0x20, mStatus=0, mTimestampNanos=6244942444, mValue=50}
05-27 13:52:20.557  1206  1408 D HvacController: handleHvacPropertyChange - propertyId: HVAC_AC_ON value: CarPropertyValue{mPropertyId=0x15200505, propertyName=HVAC_AC_ON, mAreaId=0x20, mStatus=0, mTimestampNanos=6245690423, mValue=true}
05-27 13:52:20.560  1206  1408 D HvacController: handleHvacPropertyChange - propertyId: HVAC_AUTO_ON value: CarPropertyValue{mPropertyId=0x1520050a, propertyName=HVAC_AUTO_ON, mAreaId=0x20, mStatus=0, mTimestampNanos=6245791197, mValue=true}
05-27 13:52:20.564  1206  1408 D HvacController: handleHvacPropertyChange - propertyId: HVAC_AUTO_RECIRC_ON value: CarPropertyValue{mPropertyId=0x15200512, propertyName=HVAC_AUTO_RECIRC_ON, mAreaId=0x20, mStatus=0, mTimestampNanos=6245571682, mValue=false}
05-27 13:52:20.568  1206  1408 D HvacController: handleHvacPropertyChange - propertyId: HVAC_FAN_DIRECTION value: CarPropertyValue{mPropertyId=0x15400501, propertyName=HVAC_FAN_DIRECTION, mAreaId=0x20, mStatus=0, mTimestampNanos=6245576875, mValue=1}
05-27 13:52:20.572  1206  1408 D HvacController: handleHvacPropertyChange - propertyId: HVAC_FAN_SPEED value: CarPropertyValue{mPropertyId=0x15400500, propertyName=HVAC_FAN_SPEED, mAreaId=0x20, mStatus=0, mTimestampNanos=6245713497, mValue=3}
05-27 13:52:20.577  1206  1408 D HvacController: handleHvacPropertyChange - propertyId: HVAC_MAX_AC_ON value: CarPropertyValue{mPropertyId=0x15200506, propertyName=HVAC_MAX_AC_ON, mAreaId=0x20, mStatus=0, mTimestampNanos=6245274885, mValue=false}
05-27 13:52:20.581  1206  1408 D HvacController: handleHvacPropertyChange - propertyId: HVAC_RECIRC_ON value: CarPropertyValue{mPropertyId=0x15200508, propertyName=HVAC_RECIRC_ON, mAreaId=0x20, mStatus=0, mTimestampNanos=6245863542, mValue=true}
05-27 13:52:20.584  1206  1408 D HvacController: handleHvacPropertyChange - propertyId: HVAC_TEMPERATURE_CURRENT value: CarPropertyValue{mPropertyId=0x15600502, propertyName=HVAC_TEMPERATURE_CURRENT, mAreaId=0x20, mStatus=0, mTimestampNanos=6245081326, mValue=19.1}
05-27 13:52:20.587  1206  1408 D HvacController: handleHvacPropertyChange - propertyId: HVAC_TEMPERATURE_SET value: CarPropertyValue{mPropertyId=0x15600503, propertyName=HVAC_TEMPERATURE_SET, mAreaId=0x20, mStatus=0, mTimestampNanos=6245119822, mValue=17.0}
05-27 13:52:20.590  1206  1408 D HvacController: handleHvacPropertyChange - propertyId: HVAC_ACTUAL_FAN_SPEED_RPM value: CarPropertyValue{mPropertyId=0x1540050f, propertyName=HVAC_ACTUAL_FAN_SPEED_RPM, mAreaId=0x20, mStatus=0, mTimestampNanos=6244942444, mValue=50}
05-27 13:52:20.595  1206  1408 D HvacController: handleHvacPropertyChange - propertyId: HVAC_AC_ON value: CarPropertyValue{mPropertyId=0x15200505, propertyName=HVAC_AC_ON, mAreaId=0x20, mStatus=0, mTimestampNanos=6245690423, mValue=true}
05-27 13:52:20.600  1206  1408 D HvacController: handleHvacPropertyChange - propertyId: HVAC_AUTO_ON value: CarPropertyValue{mPropertyId=0x1520050a, propertyName=HVAC_AUTO_ON, mAreaId=0x20, mStatus=0, mTimestampNanos=6245791197, mValue=true}
05-27 13:52:20.603  1206  1408 D HvacController: handleHvacPropertyChange - propertyId: HVAC_AUTO_RECIRC_ON value: CarPropertyValue{mPropertyId=0x15200512, propertyName=HVAC_AUTO_RECIRC_ON, mAreaId=0x20, mStatus=0, mTimestampNanos=6245571682, mValue=false}
05-27 13:52:20.607  1206  1408 D HvacController: handleHvacPropertyChange - propertyId: HVAC_FAN_DIRECTION value: CarPropertyValue{mPropertyId=0x15400501, propertyName=HVAC_FAN_DIRECTION, mAreaId=0x20, mStatus=0, mTimestampNanos=6245576875, mValue=1}
05-27 13:52:20.614  1206  1408 D HvacController: handleHvacPropertyChange - propertyId: HVAC_FAN_SPEED value: CarPropertyValue{mPropertyId=0x15400500, propertyName=HVAC_FAN_SPEED, mAreaId=0x20, mStatus=0, mTimestampNanos=6245713497, mValue=3}
05-27 13:52:20.617  1206  1408 D HvacController: handleHvacPropertyChange - propertyId: HVAC_MAX_AC_ON value: CarPropertyValue{mPropertyId=0x15200506, propertyName=HVAC_MAX_AC_ON, mAreaId=0x20, mStatus=0, mTimestampNanos=6245274885, mValue=false}
05-27 13:52:20.619  1206  1408 D HvacController: handleHvacPropertyChange - propertyId: HVAC_RECIRC_ON value: CarPropertyValue{mPropertyId=0x15200508, propertyName=HVAC_RECIRC_ON, mAreaId=0x20, mStatus=0, mTimestampNanos=6245863542, mValue=true}
05-27 13:52:20.622  1206  1408 D HvacController: handleHvacPropertyChange - propertyId: HVAC_TEMPERATURE_CURRENT value: CarPropertyValue{mPropertyId=0x15600502, propertyName=HVAC_TEMPERATURE_CURRENT, mAreaId=0x20, mStatus=0, mTimestampNanos=6245081326, mValue=19.1}
05-27 13:52:20.626  1206  1408 D HvacController: handleHvacPropertyChange - propertyId: HVAC_TEMPERATURE_SET value: CarPropertyValue{mPropertyId=0x15600503, propertyName=HVAC_TEMPERATURE_SET, mAreaId=0x20, mStatus=0, mTimestampNanos=6245119822, mValue=17.0}
05-27 13:52:20.631  1206  1408 D HvacController: handleHvacPropertyChange - propertyId: HVAC_ACTUAL_FAN_SPEED_RPM value: CarPropertyValue{mPropertyId=0x1540050f, propertyName=HVAC_ACTUAL_FAN_SPEED_RPM, mAreaId=0x40, mStatus=0, mTimestampNanos=6244941944, mValue=50}
05-27 13:52:20.633  1206  1408 D HvacController: handleHvacPropertyChange - propertyId: HVAC_AC_ON value: CarPropertyValue{mPropertyId=0x15200505, propertyName=HVAC_AC_ON, mAreaId=0x40, mStatus=0, mTimestampNanos=6245689873, mValue=true}
05-27 13:52:20.636  1206  1408 D HvacController: handleHvacPropertyChange - propertyId: HVAC_AUTO_ON value: CarPropertyValue{mPropertyId=0x1520050a, propertyName=HVAC_AUTO_ON, mAreaId=0x40, mStatus=0, mTimestampNanos=6245790706, mValue=true}
05-27 13:52:20.639  1206  1408 D HvacController: handleHvacPropertyChange - propertyId: HVAC_AUTO_RECIRC_ON value: CarPropertyValue{mPropertyId=0x15200512, propertyName=HVAC_AUTO_RECIRC_ON, mAreaId=0x40, mStatus=0, mTimestampNanos=6245571207, mValue=false}
05-27 13:52:20.642  1206  1408 D HvacController: handleHvacPropertyChange - propertyId: HVAC_FAN_DIRECTION value: CarPropertyValue{mPropertyId=0x15400501, propertyName=HVAC_FAN_DIRECTION, mAreaId=0x40, mStatus=0, mTimestampNanos=6245576346, mValue=1}
05-27 13:52:20.647  1206  1408 D HvacController: handleHvacPropertyChange - propertyId: HVAC_FAN_SPEED value: CarPropertyValue{mPropertyId=0x15400500, propertyName=HVAC_FAN_SPEED, mAreaId=0x40, mStatus=0, mTimestampNanos=6245713017, mValue=3}
05-27 13:52:20.652  1206  1408 D HvacController: handleHvacPropertyChange - propertyId: HVAC_MAX_AC_ON value: CarPropertyValue{mPropertyId=0x15200506, propertyName=HVAC_MAX_AC_ON, mAreaId=0x40, mStatus=0, mTimestampNanos=6245274401, mValue=false}
05-27 13:52:20.656  1206  1408 D HvacController: handleHvacPropertyChange - propertyId: HVAC_RECIRC_ON value: CarPropertyValue{mPropertyId=0x15200508, propertyName=HVAC_RECIRC_ON, mAreaId=0x40, mStatus=0, mTimestampNanos=6245863031, mValue=true}
05-27 13:52:20.661  1206  1408 D HvacController: handleHvacPropertyChange - propertyId: HVAC_TEMPERATURE_CURRENT value: CarPropertyValue{mPropertyId=0x15600502, propertyName=HVAC_TEMPERATURE_CURRENT, mAreaId=0x40, mStatus=0, mTimestampNanos=6245080756, mValue=19.1}
05-27 13:52:20.665  1206  1408 D HvacController: handleHvacPropertyChange - propertyId: HVAC_TEMPERATURE_SET value: CarPropertyValue{mPropertyId=0x15600503, propertyName=HVAC_TEMPERATURE_SET, mAreaId=0x40, mStatus=0, mTimestampNanos=6245119304, mValue=17.0}
05-27 13:52:20.668  1206  1408 D HvacController: handleHvacPropertyChange - propertyId: HVAC_ACTUAL_FAN_SPEED_RPM value: CarPropertyValue{mPropertyId=0x1540050f, propertyName=HVAC_ACTUAL_FAN_SPEED_RPM, mAreaId=0x40, mStatus=0, mTimestampNanos=6244941944, mValue=50}
05-27 13:52:20.671  1206  1408 D HvacController: handleHvacPropertyChange - propertyId: HVAC_AC_ON value: CarPropertyValue{mPropertyId=0x15200505, propertyName=HVAC_AC_ON, mAreaId=0x40, mStatus=0, mTimestampNanos=6245689873, mValue=true}
05-27 13:52:20.677  1206  1408 D HvacController: handleHvacPropertyChange - propertyId: HVAC_AUTO_ON value: CarPropertyValue{mPropertyId=0x1520050a, propertyName=HVAC_AUTO_ON, mAreaId=0x40, mStatus=0, mTimestampNanos=6245790706, mValue=true}
05-27 13:52:20.684  1206  1408 D HvacController: handleHvacPropertyChange - propertyId: HVAC_AUTO_RECIRC_ON value: CarPropertyValue{mPropertyId=0x15200512, propertyName=HVAC_AUTO_RECIRC_ON, mAreaId=0x40, mStatus=0, mTimestampNanos=6245571207, mValue=false}
05-27 13:52:20.689  1206  1408 D HvacController: handleHvacPropertyChange - propertyId: HVAC_FAN_DIRECTION value: CarPropertyValue{mPropertyId=0x15400501, propertyName=HVAC_FAN_DIRECTION, mAreaId=0x40, mStatus=0, mTimestampNanos=6245576346, mValue=1}
05-27 13:52:20.695  1206  1408 D HvacController: handleHvacPropertyChange - propertyId: HVAC_FAN_SPEED value: CarPropertyValue{mPropertyId=0x15400500, propertyName=HVAC_FAN_SPEED, mAreaId=0x40, mStatus=0, mTimestampNanos=6245713017, mValue=3}
05-27 13:52:20.699  1206  1408 D HvacController: handleHvacPropertyChange - propertyId: HVAC_MAX_AC_ON value: CarPropertyValue{mPropertyId=0x15200506, propertyName=HVAC_MAX_AC_ON, mAreaId=0x40, mStatus=0, mTimestampNanos=6245274401, mValue=false}
05-27 13:52:20.703  1206  1408 D HvacController: handleHvacPropertyChange - propertyId: HVAC_RECIRC_ON value: CarPropertyValue{mPropertyId=0x15200508, propertyName=HVAC_RECIRC_ON, mAreaId=0x40, mStatus=0, mTimestampNanos=6245863031, mValue=true}
05-27 13:52:20.707  1206  1408 D HvacController: handleHvacPropertyChange - propertyId: HVAC_TEMPERATURE_CURRENT value: CarPropertyValue{mPropertyId=0x15600502, propertyName=HVAC_TEMPERATURE_CURRENT, mAreaId=0x40, mStatus=0, mTimestampNanos=6245080756, mValue=19.1}
05-27 13:52:20.712  1206  1408 D HvacController: handleHvacPropertyChange - propertyId: HVAC_TEMPERATURE_SET value: CarPropertyValue{mPropertyId=0x15600503, propertyName=HVAC_TEMPERATURE_SET, mAreaId=0x40, mStatus=0, mTimestampNanos=6245119304, mValue=17.0}
05-27 13:52:20.715   758   940 W UserManagerService: Requested status bar icon for non-badged user 10
05-27 13:52:20.716   758   940 W UserManagerService: Requested status bar icon for non-badged user 10
05-27 13:52:20.731   458   458 I APM::AudioPolicyEngine: getDevicesForStrategyInt no device found for strategy 0
05-27 13:52:20.732   458   458 D AudioFlinger: AUDIO_OUTPUT_FLAG_FAST denied: sharedBuffer=0x799b3de5daf0 frameCount=0 mFrameCount=720 format=0x1 mFormat=0x5 isLinear=1 channelMask=0x3 sampleRate=44100 mSampleRate=48000 hasFastMixer=1 tid=1526 fastTrackAvailMask=0xfe
05-27 13:52:20.754   458   458 I APM::AudioPolicyEngine: getDevicesForStrategyInt no device found for strategy 0
05-27 13:52:20.754   458   458 I APM::AudioPolicyEngine: getDevicesForStrategyInt no device found for strategy 0
05-27 13:52:20.759   458   458 D audioserver: logFgsApiBegin: FGS Logger Transaction failed, -129
05-27 13:52:20.761   758   841 W AS.PlaybackActivityMon: No piid assigned for invalid/internal port id 64
05-27 13:52:20.766   758   758 W AccessibilityManagerService:  wait for adding window timeout: 6
05-27 13:52:20.769  1368  1368 V RotaryController: onAccessibilityEvent: EventType: TYPE_WINDOW_STATE_CHANGED; EventTime: 31265; PackageName: com.android.systemui; MovementGranularity: 0; Action: 0; ContentChangeTypes: []; WindowChangeTypes: [] [ ClassName: android.widget.FrameLayout; Text: []; ContentDescription: null; ItemCount: -1; CurrentItemIndex: -1; Enabled: true; Password: false; Checked: false; FullScreen: false; Scrollable: false; ImportantForAccessibility: true; AccessibilityDataSensitive: false; BeforeText: null; FromIndex: -1; ToIndex: -1; ScrollX: 0; ScrollY: 0; MaxScrollX: 0; MaxScrollY: 0; ScrollDeltaX: -1; ScrollDeltaY: -1; AddedCount: -1; RemovedCount: -1; ParcelableData: null; DisplayId: 0 ]; recordCount: 0
05-27 13:52:20.770  1368  1368 V RotaryController: event window ID: 6
05-27 13:52:20.773   407  1529 D audio_hw_generic_caremu: mixer_thread_loop: starting mixer loop
05-27 13:52:20.849   407  1528 W audio_hw_generic_caremu: Not supplying enough data to HAL, expected position 3765 , only wrote 2160
05-27 13:52:20.877   458   630 D AudioFlinger: mixer(0x799d84fe68e0) throttle end: throttle time(12)
05-27 13:52:20.967  1234  1287 D EGL_emulation: app_time_stats: avg=5.57ms min=1.37ms max=17.99ms count=56
05-27 13:52:21.150   458   630 D audioserver: logFgsApiEnd: FGS Logger Transaction failed, -129
05-27 13:52:21.151   458   610 I APM::AudioPolicyEngine: getDevicesForStrategyInt no device found for strategy 1
05-27 13:52:21.151   458   610 I APM::AudioPolicyEngine: getDevicesForStrategyInt no device found for strategy 2
05-27 13:52:21.153   458   610 I APM::AudioPolicyEngine: getDevicesForStrategyInt no device found for strategy 5
05-27 13:52:21.154   458   610 I APM::AudioPolicyEngine: getDevicesForStrategyInt no device found for strategy 7
05-27 13:52:21.156   458   610 I APM::AudioPolicyEngine: getDevicesForStrategyInt no device found for strategy 3
05-27 13:52:21.157   458   610 I APM::AudioPolicyEngine: getDevicesForStrategyInt no device found for strategy 0
05-27 13:52:21.158   458   610 I APM::AudioPolicyEngine: getDevicesForStrategyInt no device found for strategy 4
05-27 13:52:21.158   458   610 I APM::AudioPolicyEngine: getDevicesForStrategyInt no device found for strategy 9
05-27 13:52:21.159   458   610 I APM::AudioPolicyEngine: getDevicesForStrategyInt no device found for strategy 6
05-27 13:52:21.160   458   610 I APM::AudioPolicyEngine: getDevicesForStrategyInt no device found for strategy 8
05-27 13:52:21.161   458   610 I APM::AudioPolicyEngine: getDevicesForStrategyInt no device found for strategy 8
05-27 13:52:21.162   458   610 I APM::AudioPolicyEngine: getDevicesForStrategyInt no device found for strategy 0
05-27 13:52:21.271   582   691 D EGL_emulation: app_time_stats: avg=35.71ms min=19.41ms max=101.23ms count=28
05-27 13:52:21.518  1314  1421 W ServiceManagerCppClient: Waited one second for android.hardware.bluetooth.audio.IBluetoothAudioProviderFactory/default (is service started? Number of threads started in the threadpool: 16. Are binder threads started and available?)
05-27 13:52:21.508     0     0 I servicemanager: Caller(pid=1314,uid=1001002,sid=u:r:bluetooth:s0) Since 'android.hardware.bluetooth.audio.IBluetoothAudioProviderFactory/default' could not be found trying to start it as a lazy AIDL service. (if it's not configured to be a lazy service, it may be stuck starting or still starting).
05-27 13:52:21.532   164  1532 W libc    : Unable to set property "ctl.interface_start" to "aidl/android.hardware.bluetooth.audio.IBluetoothAudioProviderFactory/default": PROP_ERROR_HANDLE_CONTROL_MESSAGE (0x20)
05-27 13:52:21.518     0     0 E init    : Control message: Could not find 'aidl/android.hardware.bluetooth.audio.IBluetoothAudioProviderFactory/default' for ctl.interface_start from pid: 164 (/system/bin/servicemanager)
05-27 13:52:21.522     0     0 I servicemanager: Caller(pid=1314,uid=1001002,sid=u:r:bluetooth:s0) Tried to start aidl service android.hardware.bluetooth.audio.IBluetoothAudioProviderFactory/default as a lazy service, but was unable to. Usually this happens when a service is not installed, but if the service is intended to be used as a lazy service, then it may be configured incorrectly.
05-27 13:52:21.978  1234  1287 D EGL_emulation: app_time_stats: avg=1.98ms min=1.33ms max=3.62ms count=61
05-27 13:52:22.013   758   785 I DropBoxManagerService: add tag=system_app_strictmode isTagEnabled=true flags=0x2
05-27 13:52:22.014  1146  1533 W ContextImpl: Failed to ensure /data/user/10/com.android.car/files: mkdir failed: ENOENT (No such file or directory)
05-27 13:52:22.015  1146  1533 D ProfileInstaller: Installing profile for com.android.car
05-27 13:52:22.018   758   785 I DropBoxManagerService: add tag=system_app_strictmode isTagEnabled=true flags=0x2
05-27 13:52:22.022   758   785 I DropBoxManagerService: add tag=system_app_strictmode isTagEnabled=true flags=0x2
05-27 13:52:22.026   758   785 I DropBoxManagerService: add tag=system_app_strictmode isTagEnabled=true flags=0x2
05-27 13:52:22.026  1146  1533 W ContextImpl: Failed to ensure /data/user/10/com.android.car/files: mkdir failed: ENOENT (No such file or directory)
05-27 13:52:22.033   758   785 I DropBoxManagerService: add tag=system_app_strictmode isTagEnabled=true flags=0x2
05-27 13:52:22.036   758   785 I DropBoxManagerService: add tag=system_app_strictmode isTagEnabled=true flags=0x2
05-27 13:52:22.038   758   785 I DropBoxManagerService: add tag=system_app_strictmode isTagEnabled=true flags=0x2
05-27 13:52:22.045   758   785 I DropBoxManagerService: add tag=system_app_strictmode isTagEnabled=true flags=0x2
05-27 13:52:22.048   758   785 I DropBoxManagerService: add tag=system_app_strictmode isTagEnabled=true flags=0x2
05-27 13:52:22.293   582   691 D EGL_emulation: app_time_stats: avg=34.03ms min=22.99ms max=44.73ms count=30
05-27 13:52:22.333   758   795 I ActivityManager: reportOnUserCompletedEvent(10): stored=101, eligible=101
05-27 13:52:22.333   758   795 I ssm_user_completed_event: [10,5]
05-27 13:52:22.333   758   795 D SystemServerTimingAsync: ssm.CompletedEventUser-10
05-27 13:52:22.334   758   795 I SystemServiceManager: Calling onCompletedEventUser 10
05-27 13:52:22.335   758  1534 D SystemServerTimingAsync: ssm.onCompletedEventUser-10_{|Switching|Starting|}_com.android.server.security.FileIntegrityService
05-27 13:52:22.336   758  1534 V SystemServerTimingAsync: ssm.onCompletedEventUser-10_{|Switching|Starting|}_com.android.server.security.FileIntegrityService took to complete: 0ms
05-27 13:52:22.336   758  1534 D SystemServerTimingAsync: ssm.onCompletedEventUser-10_{|Switching|Starting|}_com.android.server.flags.FeatureFlagsService
05-27 13:52:22.336   758  1534 V SystemServerTimingAsync: ssm.onCompletedEventUser-10_{|Switching|Starting|}_com.android.server.flags.FeatureFlagsService took to complete: 0ms
05-27 13:52:22.336   758  1534 D SystemServerTimingAsync: ssm.onCompletedEventUser-10_{|Switching|Starting|}_com.android.server.uri.UriGrantsManagerService$Lifecycle
05-27 13:52:22.337   758  1535 D SystemServerTimingAsync: ssm.onCompletedEventUser-10_{|Switching|Starting|}_com.android.server.pm.Installer
05-27 13:52:22.338   758  1535 V SystemServerTimingAsync: ssm.onCompletedEventUser-10_{|Switching|Starting|}_com.android.server.pm.Installer took to complete: 0ms
05-27 13:52:22.338   758  1535 D SystemServerTimingAsync: ssm.onCompletedEventUser-10_{|Switching|Starting|}_com.android.server.powerstats.PowerStatsService
05-27 13:52:22.338   758  1535 V SystemServerTimingAsync: ssm.onCompletedEventUser-10_{|Switching|Starting|}_com.android.server.powerstats.PowerStatsService took to complete: 0ms
05-27 13:52:22.338   758  1535 D SystemServerTimingAsync: ssm.onCompletedEventUser-10_{|Switching|Starting|}_com.android.server.permission.access.AccessCheckingService
05-27 13:52:22.338   758  1535 V SystemServerTimingAsync: ssm.onCompletedEventUser-10_{|Switching|Starting|}_com.android.server.permission.access.AccessCheckingService took to complete: 0ms
05-27 13:52:22.339   758  1535 D SystemServerTimingAsync: ssm.onCompletedEventUser-10_{|Switching|Starting|}_com.android.server.wm.ActivityTaskManagerService$Lifecycle
05-27 13:52:22.339   758  1535 V SystemServerTimingAsync: ssm.onCompletedEventUser-10_{|Switching|Starting|}_com.android.server.wm.ActivityTaskManagerService$Lifecycle took to complete: 0ms
05-27 13:52:22.339   758  1535 D SystemServerTimingAsync: ssm.onCompletedEventUser-10_{|Switching|Starting|}_com.android.server.am.ActivityManagerService$Lifecycle
05-27 13:52:22.339   758  1535 V SystemServerTimingAsync: ssm.onCompletedEventUser-10_{|Switching|Starting|}_com.android.server.am.ActivityManagerService$Lifecycle took to complete: 0ms
05-27 13:52:22.340   758  1535 D SystemServerTimingAsync: ssm.onCompletedEventUser-10_{|Switching|Starting|}_com.android.server.pm.DataLoaderManagerService
05-27 13:52:22.340   758  1535 V SystemServerTimingAsync: ssm.onCompletedEventUser-10_{|Switching|Starting|}_com.android.server.pm.DataLoaderManagerService took to complete: 0ms
05-27 13:52:22.340   758  1535 D SystemServerTimingAsync: ssm.onCompletedEventUser-10_{|Switching|Starting|}_com.android.server.power.PowerManagerService
05-27 13:52:22.340   758  1535 V SystemServerTimingAsync: ssm.onCompletedEventUser-10_{|Switching|Starting|}_com.android.server.power.PowerManagerService took to complete: 0ms
05-27 13:52:22.340   758  1535 D SystemServerTimingAsync: ssm.onCompletedEventUser-10_{|Switching|Starting|}_com.android.server.power.ThermalManagerService
05-27 13:52:22.340   758  1535 V SystemServerTimingAsync: ssm.onCompletedEventUser-10_{|Switching|Starting|}_com.android.server.power.ThermalManagerService took to complete: 0ms
05-27 13:52:22.341   758  1535 D SystemServerTimingAsync: ssm.onCompletedEventUser-10_{|Switching|Starting|}_com.android.server.recoverysystem.RecoverySystemService$Lifecycle
05-27 13:52:22.341   758  1535 V SystemServerTimingAsync: ssm.onCompletedEventUser-10_{|Switching|Starting|}_com.android.server.recoverysystem.RecoverySystemService$Lifecycle took to complete: 0ms
05-27 13:52:22.341   758  1535 D SystemServerTimingAsync: ssm.onCompletedEventUser-10_{|Switching|Starting|}_com.android.server.lights.LightsService
05-27 13:52:22.341   758  1535 V SystemServerTimingAsync: ssm.onCompletedEventUser-10_{|Switching|Starting|}_com.android.server.lights.LightsService took to complete: 0ms
05-27 13:52:22.341   758  1535 D SystemServerTimingAsync: ssm.onCompletedEventUser-10_{|Switching|Starting|}_com.android.server.display.DisplayManagerService
05-27 13:52:22.341   758  1535 V SystemServerTimingAsync: ssm.onCompletedEventUser-10_{|Switching|Starting|}_com.android.server.display.DisplayManagerService took to complete: 0ms
05-27 13:52:22.341   758  1535 D SystemServerTimingAsync: ssm.onCompletedEventUser-10_{|Switching|Starting|}_com.android.server.pm.verify.domain.DomainVerificationService
05-27 13:52:22.341   758  1535 V SystemServerTimingAsync: ssm.onCompletedEventUser-10_{|Switching|Starting|}_com.android.server.pm.verify.domain.DomainVerificationService took to complete: 0ms
05-27 13:52:22.342   758  1535 D SystemServerTimingAsync: ssm.onCompletedEventUser-10_{|Switching|Starting|}_com.android.server.pm.PackageInstallerService$Lifecycle
05-27 13:52:22.342   758  1535 V SystemServerTimingAsync: ssm.onCompletedEventUser-10_{|Switching|Starting|}_com.android.server.pm.PackageInstallerService$Lifecycle took to complete: 0ms
05-27 13:52:22.342   758  1535 D SystemServerTimingAsync: ssm.onCompletedEventUser-10_{|Switching|Starting|}_com.android.server.pm.UserManagerService$LifeCycle
05-27 13:52:22.342   758  1535 V SystemServerTimingAsync: ssm.onCompletedEventUser-10_{|Switching|Starting|}_com.android.server.pm.UserManagerService$LifeCycle took to complete: 0ms
05-27 13:52:22.343   758  1535 D SystemServerTimingAsync: ssm.onCompletedEventUser-10_{|Switching|Starting|}_com.android.server.om.OverlayManagerService
05-27 13:52:22.343   758  1535 V SystemServerTimingAsync: ssm.onCompletedEventUser-10_{|Switching|Starting|}_com.android.server.om.OverlayManagerService took to complete: 0ms
05-27 13:52:22.344   758  1535 D SystemServerTimingAsync: ssm.onCompletedEventUser-10_{|Switching|Starting|}_com.android.server.resources.ResourcesManagerService
05-27 13:52:22.344   758  1536 D SystemServerTimingAsync: ssm.onCompletedEventUser-10_{|Switching|Starting|}_com.android.server.os.DeviceIdentifiersPolicyService
05-27 13:52:22.344   758  1536 V SystemServerTimingAsync: ssm.onCompletedEventUser-10_{|Switching|Starting|}_com.android.server.os.DeviceIdentifiersPolicyService took to complete: 0ms
05-27 13:52:22.345   758  1536 D SystemServerTimingAsync: ssm.onCompletedEventUser-10_{|Switching|Starting|}_com.android.server.sensorprivacy.SensorPrivacyService
05-27 13:52:22.345   758  1536 V SystemServerTimingAsync: ssm.onCompletedEventUser-10_{|Switching|Starting|}_com.android.server.sensorprivacy.SensorPrivacyService took to complete: 0ms
05-27 13:52:22.346   758  1536 D SystemServerTimingAsync: ssm.onCompletedEventUser-10_{|Switching|Starting|}_com.android.server.sensors.SensorService
05-27 13:52:22.346   758  1536 V SystemServerTimingAsync: ssm.onCompletedEventUser-10_{|Switching|Starting|}_com.android.server.sensors.SensorService took to complete: 0ms
05-27 13:52:22.347   758  1536 D SystemServerTimingAsync: ssm.onCompletedEventUser-10_{|Switching|Starting|}_com.android.server.SystemConfigService
