05-27 13:52:20.024   758  1517 V SystemServerTimingAsync: ssm.onCompletedEventUser-0_{|Starting|}_com.android.server.DockObserver took to complete: 0ms
05-27 13:52:20.024   758  1517 D SystemServerTimingAsync: ssm.onCompletedEventUser-0_{|Starting|}_com.android.server.SensorNotificationService
05-27 13:52:20.025   758  1517 V SystemServerTimingAsync: ssm.onCompletedEventUser-0_{|Starting|}_com.android.server.SensorNotificationService took to complete: 0ms
05-27 13:52:20.025   758  1517 D SystemServerTimingAsync: ssm.onCompletedEventUser-0_{|Starting|}_com.android.server.emergency.EmergencyAffordanceService
05-27 13:52:20.025   758  1517 V SystemServerTimingAsync: ssm.onCompletedEventUser-0_{|Starting|}_com.android.server.emergency.EmergencyAffordanceService took to complete: 0ms
05-27 13:52:20.025   758  1517 D SystemServerTimingAsync: ssm.onCompletedEventUser-0_{|Starting|}_com.android.server.blob.BlobStoreManagerService
05-27 13:52:20.026   758  1517 V SystemServerTimingAsync: ssm.onCompletedEventUser-0_{|Starting|}_com.android.server.blob.BlobStoreManagerService took to complete: 0ms
05-27 13:52:20.026   758  1517 D SystemServerTimingAsync: ssm.onCompletedEventUser-0_{|Starting|}_com.android.server.dreams.DreamManagerService
05-27 13:52:20.026   758  1517 V SystemServerTimingAsync: ssm.onCompletedEventUser-0_{|Starting|}_com.android.server.dreams.DreamManagerService took to complete: 0ms
05-27 13:52:20.026   758  1517 D SystemServerTimingAsync: ssm.onCompletedEventUser-0_{|Starting|}_com.android.server.security.AttestationVerificationManagerService
05-27 13:52:20.026   758  1517 V SystemServerTimingAsync: ssm.onCompletedEventUser-0_{|Starting|}_com.android.server.security.AttestationVerificationManagerService took to complete: 0ms
05-27 13:52:20.026   758  1517 D SystemServerTimingAsync: ssm.onCompletedEventUser-0_{|Starting|}_com.android.server.companion.CompanionDeviceManagerService
05-27 13:52:20.026   758  1517 V SystemServerTimingAsync: ssm.onCompletedEventUser-0_{|Starting|}_com.android.server.companion.CompanionDeviceManagerService took to complete: 0ms
05-27 13:52:20.027   758  1517 D SystemServerTimingAsync: ssm.onCompletedEventUser-0_{|Starting|}_com.android.server.companion.virtual.VirtualDeviceManagerService
05-27 13:52:20.027   758  1517 V SystemServerTimingAsync: ssm.onCompletedEventUser-0_{|Starting|}_com.android.server.companion.virtual.VirtualDeviceManagerService took to complete: 0ms
05-27 13:52:20.027   758  1517 D SystemServerTimingAsync: ssm.onCompletedEventUser-0_{|Starting|}_com.android.server.restrictions.RestrictionsManagerService
05-27 13:52:20.027  1206  1408 D HvacController: handleHvacPropertyChange - propertyId: HVAC_DEFROSTER value: CarPropertyValue{mPropertyId=0x13200504, propertyName=HVAC_DEFROSTER, mAreaId=0x1, mStatus=0, mTimestampNanos=6245315535, mValue=false}
05-27 13:52:20.027   758  1517 V SystemServerTimingAsync: ssm.onCompletedEventUser-0_{|Starting|}_com.android.server.restrictions.RestrictionsManagerService took to complete: 0ms
05-27 13:52:20.027   758  1517 D SystemServerTimingAsync: ssm.onCompletedEventUser-0_{|Starting|}_com.android.server.media.MediaSessionService
05-27 13:52:20.027   758  1517 V SystemServerTimingAsync: ssm.onCompletedEventUser-0_{|Starting|}_com.android.server.media.MediaSessionService took to complete: 0ms
05-27 13:52:20.027   758  1517 D SystemServerTimingAsync: ssm.onCompletedEventUser-0_{|Starting|}_com.android.server.biometrics.BiometricService
05-27 13:52:20.027  1206  1408 D HvacController: handleHvacPropertyChange - propertyId: HVAC_DEFROSTER value: CarPropertyValue{mPropertyId=0x13200504, propertyName=HVAC_DEFROSTER, mAreaId=0x1, mStatus=0, mTimestampNanos=6245315535, mValue=false}
05-27 13:52:20.027   758  1517 V SystemServerTimingAsync: ssm.onCompletedEventUser-0_{|Starting|}_com.android.server.biometrics.BiometricService took to complete: 0ms
05-27 13:52:20.028   758  1517 D SystemServerTimingAsync: ssm.onCompletedEventUser-0_{|Starting|}_com.android.server.biometrics.AuthService
05-27 13:52:20.028   758  1517 V SystemServerTimingAsync: ssm.onCompletedEventUser-0_{|Starting|}_com.android.server.biometrics.AuthService took to complete: 0ms
05-27 13:52:20.028   758  1517 D SystemServerTimingAsync: ssm.onCompletedEventUser-0_{|Starting|}_com.android.server.adaptiveauth.AdaptiveAuthService
05-27 13:52:20.028   758  1517 V SystemServerTimingAsync: ssm.onCompletedEventUser-0_{|Starting|}_com.android.server.adaptiveauth.AdaptiveAuthService took to complete: 0ms
05-27 13:52:20.028  1206  1408 D HvacController: handleHvacPropertyChange - propertyId: HVAC_DEFROSTER value: CarPropertyValue{mPropertyId=0x13200504, propertyName=HVAC_DEFROSTER, mAreaId=0x2, mStatus=0, mTimestampNanos=6245316084, mValue=false}
05-27 13:52:20.029  1206  1408 D HvacController: handleHvacPropertyChange - propertyId: HVAC_DEFROSTER value: CarPropertyValue{mPropertyId=0x13200504, propertyName=HVAC_DEFROSTER, mAreaId=0x2, mStatus=0, mTimestampNanos=6245316084, mValue=false}
05-27 13:52:20.030   758  1516 D SystemServerTimingAsync: ssm.onCompletedEventUser-0_{|Starting|}_com.android.server.pm.ShortcutService$Lifecycle
05-27 13:52:20.030   758  1515 D SystemServerTimingAsync: ssm.onCompletedEventUser-0_{|Starting|}_com.android.server.pm.LauncherAppsService
05-27 13:52:20.030   758  1515 V SystemServerTimingAsync: ssm.onCompletedEventUser-0_{|Starting|}_com.android.server.pm.LauncherAppsService took to complete: 0ms
05-27 13:52:20.030  1206  1408 D HvacController: handleHvacPropertyChange - propertyId: HVAC_AC_ON value: CarPropertyValue{mPropertyId=0x15200505, propertyName=HVAC_AC_ON, mAreaId=0x1, mStatus=0, mTimestampNanos=6245686887, mValue=true}
05-27 13:52:20.030   758  1515 D SystemServerTimingAsync: ssm.onCompletedEventUser-0_{|Starting|}_com.android.server.pm.CrossProfileAppsService
05-27 13:52:20.030   758  1515 V SystemServerTimingAsync: ssm.onCompletedEventUser-0_{|Starting|}_com.android.server.pm.CrossProfileAppsService took to complete: 0ms
05-27 13:52:20.030   758  1515 D SystemServerTimingAsync: ssm.onCompletedEventUser-0_{|Starting|}_com.android.server.people.PeopleService
05-27 13:52:20.030   758  1515 V SystemServerTimingAsync: ssm.onCompletedEventUser-0_{|Starting|}_com.android.server.people.PeopleService took to complete: 0ms
05-27 13:52:20.030   758  1515 D SystemServerTimingAsync: ssm.onCompletedEventUser-0_{|Starting|}_com.android.server.media.metrics.MediaMetricsManagerService
05-27 13:52:20.030  1206  1408 D HvacController: handleHvacPropertyChange - propertyId: HVAC_AC_ON value: CarPropertyValue{mPropertyId=0x15200505, propertyName=HVAC_AC_ON, mAreaId=0x1, mStatus=0, mTimestampNanos=6245686887, mValue=true}
05-27 13:52:20.030   758  1515 V SystemServerTimingAsync: ssm.onCompletedEventUser-0_{|Starting|}_com.android.server.media.metrics.MediaMetricsManagerService took to complete: 0ms
05-27 13:52:20.031   758  1515 D SystemServerTimingAsync: ssm.onCompletedEventUser-0_{|Starting|}_com.android.server.pm.BackgroundInstallControlService
05-27 13:52:20.031   758  1515 V SystemServerTimingAsync: ssm.onCompletedEventUser-0_{|Starting|}_com.android.server.pm.BackgroundInstallControlService took to complete: 0ms
05-27 13:52:20.031   758  1515 D SystemServerTimingAsync: ssm.onCompletedEventUser-0_{|Starting|}_com.android.server.media.projection.MediaProjectionManagerService
05-27 13:52:20.031   758  1515 V SystemServerTimingAsync: ssm.onCompletedEventUser-0_{|Starting|}_com.android.server.media.projection.MediaProjectionManagerService took to complete: 0ms
05-27 13:52:20.031   758  1515 D SystemServerTimingAsync: ssm.onCompletedEventUser-0_{|Starting|}_com.android.server.slice.SliceManagerService$Lifecycle
05-27 13:52:20.031  1206  1408 D HvacController: handleHvacPropertyChange - propertyId: HVAC_AC_ON value: CarPropertyValue{mPropertyId=0x15200505, propertyName=HVAC_AC_ON, mAreaId=0x4, mStatus=0, mTimestampNanos=6245688603, mValue=true}
05-27 13:52:20.031   758  1515 V SystemServerTimingAsync: ssm.onCompletedEventUser-0_{|Starting|}_com.android.server.slice.SliceManagerService$Lifecycle took to complete: 0ms
05-27 13:52:20.031   758  1515 D SystemServerTimingAsync: ssm.onCompletedEventUser-0_{|Starting|}_com.android.server.stats.StatsCompanion$Lifecycle
05-27 13:52:20.031   758  1515 V SystemServerTimingAsync: ssm.onCompletedEventUser-0_{|Starting|}_com.android.server.stats.StatsCompanion$Lifecycle took to complete: 0ms
05-27 13:52:20.031   758  1515 D SystemServerTimingAsync: ssm.onCompletedEventUser-0_{|Starting|}_com.android.server.scheduling.RebootReadinessManagerService$Lifecycle
05-27 13:52:20.031  1206  1206 E ConstraintLayout: layout_constraintHeight_default="wrap" is deprecated.
05-27 13:52:20.031  1206  1206 E ConstraintLayout: Use layout_height="WRAP_CONTENT" and layout_constrainedHeight="true" instead.
05-27 13:52:20.031   758  1515 V SystemServerTimingAsync: ssm.onCompletedEventUser-0_{|Starting|}_com.android.server.scheduling.RebootReadinessManagerService$Lifecycle took to complete: 0ms
05-27 13:52:20.031   758  1516 V SystemServerTimingAsync: ssm.onCompletedEventUser-0_{|Starting|}_com.android.server.pm.ShortcutService$Lifecycle took to complete: 0ms
05-27 13:52:20.034   758  1516 D SystemServerTimingAsync: ssm.onCompletedEventUser-0_{|Starting|}_com.android.server.incident.IncidentCompanionService
05-27 13:52:20.034   758  1516 V SystemServerTimingAsync: ssm.onCompletedEventUser-0_{|Starting|}_com.android.server.incident.IncidentCompanionService took to complete: 0ms
05-27 13:52:20.034   758  1516 D SystemServerTimingAsync: ssm.onCompletedEventUser-0_{|Starting|}_com.android.server.sdksandbox.SdkSandboxManagerService$Lifecycle
05-27 13:52:20.034   758  1517 D SystemServerTimingAsync: ssm.onCompletedEventUser-0_{|Starting|}_com.android.server.stats.pull.StatsPullAtomService
05-27 13:52:20.034   758  1517 V SystemServerTimingAsync: ssm.onCompletedEventUser-0_{|Starting|}_com.android.server.stats.pull.StatsPullAtomService took to complete: 0ms
05-27 13:52:20.034   758  1517 D SystemServerTimingAsync: ssm.onCompletedEventUser-0_{|Starting|}_com.android.server.adservices.AdServicesManagerService$Lifecycle
05-27 13:52:20.034   758  1517 V SystemServerTimingAsync: ssm.onCompletedEventUser-0_{|Starting|}_com.android.server.adservices.AdServicesManagerService$Lifecycle took to complete: 0ms
05-27 13:52:20.032  1206  1408 D HvacController: handleHvacPropertyChange - propertyId: HVAC_AC_ON value: CarPropertyValue{mPropertyId=0x15200505, propertyName=HVAC_AC_ON, mAreaId=0x4, mStatus=0, mTimestampNanos=6245688603, mValue=true}
05-27 13:52:20.034   758  1517 D SystemServerTimingAsync: ssm.onCompletedEventUser-0_{|Starting|}_com.android.server.ondevicepersonalization.OnDevicePersonalizationSystemService$Lifecycle
05-27 13:52:20.034   758  1517 V SystemServerTimingAsync: ssm.onCompletedEventUser-0_{|Starting|}_com.android.server.ondevicepersonalization.OnDevicePersonalizationSystemService$Lifecycle took to complete: 0ms
05-27 13:52:20.035   758  1517 D SystemServerTimingAsync: ssm.onCompletedEventUser-0_{|Starting|}_android.os.profiling.ProfilingService$Lifecycle
05-27 13:52:20.035   758  1517 V SystemServerTimingAsync: ssm.onCompletedEventUser-0_{|Starting|}_android.os.profiling.ProfilingService$Lifecycle took to complete: 0ms
05-27 13:52:20.035   758  1517 D SystemServerTimingAsync: ssm.onCompletedEventUser-0_{|Starting|}_com.android.server.clipboard.ClipboardService
05-27 13:52:20.035   758  1517 V SystemServerTimingAsync: ssm.onCompletedEventUser-0_{|Starting|}_com.android.server.clipboard.ClipboardService took to complete: 0ms
05-27 13:52:20.035   758  1517 D SystemServerTimingAsync: ssm.onCompletedEventUser-0_{|Starting|}_com.android.server.appbinding.AppBindingService$Lifecycle
05-27 13:52:20.035   758  1517 V SystemServerTimingAsync: ssm.onCompletedEventUser-0_{|Starting|}_com.android.server.appbinding.AppBindingService$Lifecycle took to complete: 0ms
05-27 13:52:20.035   758  1517 D SystemServerTimingAsync: ssm.onCompletedEventUser-0_{|Starting|}_com.android.server.tracing.TracingServiceProxy
05-27 13:52:20.035   758  1517 V SystemServerTimingAsync: ssm.onCompletedEventUser-0_{|Starting|}_com.android.server.tracing.TracingServiceProxy took to complete: 0ms
05-27 13:52:20.038  1206  1408 D HvacController: handleHvacPropertyChange - propertyId: HVAC_AC_ON value: CarPropertyValue{mPropertyId=0x15200505, propertyName=HVAC_AC_ON, mAreaId=0x10, mStatus=0, mTimestampNanos=6245689201, mValue=true}
05-27 13:52:20.038   758  1516 V SystemServerTimingAsync: ssm.onCompletedEventUser-0_{|Starting|}_com.android.server.sdksandbox.SdkSandboxManagerService$Lifecycle took to complete: 0ms
05-27 13:52:20.039   758  1516 D SystemServerTimingAsync: ssm.onCompletedEventUser-0_{|Starting|}_com.android.server.policy.PermissionPolicyService
05-27 13:52:20.039   758  1515 D SystemServerTimingAsync: ssm.onCompletedEventUser-0_{|Starting|}_com.android.server.stats.bootstrap.StatsBootstrapAtomService$Lifecycle
05-27 13:52:20.039   758  1515 V SystemServerTimingAsync: ssm.onCompletedEventUser-0_{|Starting|}_com.android.server.stats.bootstrap.StatsBootstrapAtomService$Lifecycle took to complete: 0ms
05-27 13:52:20.039   758  1515 D SystemServerTimingAsync: ssm.onCompletedEventUser-0_{|Starting|}_com.android.server.pm.StagingManager$Lifecycle
05-27 13:52:20.039   758  1515 V SystemServerTimingAsync: ssm.onCompletedEventUser-0_{|Starting|}_com.android.server.pm.StagingManager$Lifecycle took to complete: 0ms
05-27 13:52:20.040  1206  1408 D HvacController: handleHvacPropertyChange - propertyId: HVAC_AC_ON value: CarPropertyValue{mPropertyId=0x15200505, propertyName=HVAC_AC_ON, mAreaId=0x10, mStatus=0, mTimestampNanos=6245689201, mValue=true}
05-27 13:52:20.040   758  1515 D SystemServerTimingAsync: ssm.onCompletedEventUser-0_{|Starting|}_com.android.server.app.GameManagerService$Lifecycle
05-27 13:52:20.040   758  1515 V SystemServerTimingAsync: ssm.onCompletedEventUser-0_{|Starting|}_com.android.server.app.GameManagerService$Lifecycle took to complete: 0ms
05-27 13:52:20.041   758  1515 D SystemServerTimingAsync: ssm.onCompletedEventUser-0_{|Starting|}_com.android.server.appsearch.AppSearchModule$Lifecycle
05-27 13:52:20.041   758  1516 V SystemServerTimingAsync: ssm.onCompletedEventUser-0_{|Starting|}_com.android.server.policy.PermissionPolicyService took to complete: 0ms
05-27 13:52:20.041   758  1516 D SystemServerTimingAsync: ssm.onCompletedEventUser-0_{|Starting|}_com.android.server.media.MediaCommunicationService
05-27 13:52:20.041   758  1516 V SystemServerTimingAsync: ssm.onCompletedEventUser-0_{|Starting|}_com.android.server.media.MediaCommunicationService took to complete: 0ms
05-27 13:52:20.041   758  1516 D SystemServerTimingAsync: ssm.onCompletedEventUser-0_{|Starting|}_com.android.server.compat.overrides.AppCompatOverridesService$Lifecycle
05-27 13:52:20.041   758  1516 V SystemServerTimingAsync: ssm.onCompletedEventUser-0_{|Starting|}_com.android.server.compat.overrides.AppCompatOverridesService$Lifecycle took to complete: 0ms
05-27 13:52:20.042   758  1516 D SystemServerTimingAsync: ssm.onCompletedEventUser-0_{|Starting|}_com.android.server.healthconnect.HealthConnectManagerService
05-27 13:52:20.042   758  1516 V SystemServerTimingAsync: ssm.onCompletedEventUser-0_{|Starting|}_com.android.server.healthconnect.HealthConnectManagerService took to complete: 0ms
05-27 13:52:20.042   758  1516 D SystemServerTimingAsync: ssm.onCompletedEventUser-0_{|Starting|}_com.android.server.devicelock.DeviceLockService
05-27 13:52:20.042   758  1516 V SystemServerTimingAsync: ssm.onCompletedEventUser-0_{|Starting|}_com.android.server.devicelock.DeviceLockService took to complete: 0ms
05-27 13:52:20.042   758  1516 D SystemServerTimingAsync: ssm.onCompletedEventUser-0_{|Starting|}_com.android.server.SensitiveContentProtectionManagerService
05-27 13:52:20.042   758  1516 V SystemServerTimingAsync: ssm.onCompletedEventUser-0_{|Starting|}_com.android.server.SensitiveContentProtectionManagerService took to complete: 0ms
05-27 13:52:20.043   758  1516 D SystemServerTimingAsync: ssm.onCompletedEventUser-0_{|Starting|}_com.android.internal.car.CarServiceHelperService
05-27 13:52:20.043   758  1516 V SystemServerTimingAsync: ssm.onCompletedEventUser-0_{|Starting|}_com.android.internal.car.CarServiceHelperService took to complete: 0ms
05-27 13:52:20.044   758  1517 D SystemServerTimingAsync: ssm.onCompletedEventUser-0_{|Starting|}_com.android.safetycenter.SafetyCenterService
05-27 13:52:20.044  1206  1408 D HvacController: handleHvacPropertyChange - propertyId: HVAC_AC_ON value: CarPropertyValue{mPropertyId=0x15200505, propertyName=HVAC_AC_ON, mAreaId=0x20, mStatus=0, mTimestampNanos=6245690423, mValue=true}
05-27 13:52:20.045   758  1517 V SystemServerTimingAsync: ssm.onCompletedEventUser-0_{|Starting|}_com.android.safetycenter.SafetyCenterService took to complete: 0ms
05-27 13:52:20.045  1206  1408 D HvacController: handleHvacPropertyChange - propertyId: HVAC_AC_ON value: CarPropertyValue{mPropertyId=0x15200505, propertyName=HVAC_AC_ON, mAreaId=0x20, mStatus=0, mTimestampNanos=6245690423, mValue=true}
05-27 13:52:20.045   758  1515 V SystemServerTimingAsync: ssm.onCompletedEventUser-0_{|Starting|}_com.android.server.appsearch.AppSearchModule$Lifecycle took to complete: 0ms
05-27 13:52:20.046   758   795 V SystemServerTimingAsync: ssm.CompletedEventUser-0 took to complete: 73ms
05-27 13:52:20.046  1206  1408 D HvacController: handleHvacPropertyChange - propertyId: HVAC_AC_ON value: CarPropertyValue{mPropertyId=0x15200505, propertyName=HVAC_AC_ON, mAreaId=0x40, mStatus=0, mTimestampNanos=6245689873, mValue=true}
05-27 13:52:20.048  1011  1518 E ContextImpl: Data directory doesn't exist for package com.android.car
05-27 13:52:20.048  1011  1518 E ContextImpl: java.lang.Throwable
05-27 13:52:20.048  1011  1518 E ContextImpl: 	at android.app.ContextImpl.getDataDir(ContextImpl.java:3272)
05-27 13:52:20.048  1011  1518 E ContextImpl: 	at android.app.ContextImpl.getFilesDir(ContextImpl.java:853)
05-27 13:52:20.048  1011  1518 E ContextImpl: 	at android.content.ContextWrapper.getFilesDir(ContextWrapper.java:288)
05-27 13:52:20.048  1011  1518 E ContextImpl: 	at androidx.profileinstaller.ProfileInstaller.writeProfile(ProfileInstaller.java:571)
05-27 13:52:20.048  1011  1518 E ContextImpl: 	at androidx.profileinstaller.ProfileInstaller.writeProfile(ProfileInstaller.java:515)
05-27 13:52:20.048  1011  1518 E ContextImpl: 	at androidx.profileinstaller.ProfileInstaller.writeProfile(ProfileInstaller.java:479)
05-27 13:52:20.048  1011  1518 E ContextImpl: 	at androidx.profileinstaller.ProfileInstallerInitializer.lambda$writeInBackground$2(ProfileInstallerInitializer.java:145)
05-27 13:52:20.048  1011  1518 E ContextImpl: 	at androidx.profileinstaller.ProfileInstallerInitializer$$ExternalSyntheticLambda2.run(D8$$SyntheticClass:0)
05-27 13:52:20.048  1011  1518 E ContextImpl: 	at java.util.concurrent.ThreadPoolExecutor.runWorker(ThreadPoolExecutor.java:1145)
05-27 13:52:20.048  1011  1518 E ContextImpl: 	at java.util.concurrent.ThreadPoolExecutor$Worker.run(ThreadPoolExecutor.java:644)
05-27 13:52:20.048  1011  1518 E ContextImpl: 	at java.lang.Thread.run(Thread.java:1012)
05-27 13:52:20.048  1206  1408 D HvacController: handleHvacPropertyChange - propertyId: HVAC_AC_ON value: CarPropertyValue{mPropertyId=0x15200505, propertyName=HVAC_AC_ON, mAreaId=0x40, mStatus=0, mTimestampNanos=6245689873, mValue=true}
05-27 13:52:20.049   758   841 I am_wtf  : [0,1011,com.android.car,545799759,ContextImpl,Data directory doesn't exist for package com.android.car]
05-27 13:52:20.050  1206  1206 E ConstraintLayout: layout_constraintHeight_default="wrap" is deprecated.
05-27 13:52:20.050  1206  1206 E ConstraintLayout: Use layout_height="WRAP_CONTENT" and layout_constrainedHeight="true" instead.
05-27 13:52:20.054  1011  1518 W ContextImpl: Failed to ensure /data/user/0/com.android.car/files: mkdir failed: ENOENT (No such file or directory)
05-27 13:52:20.054  1206  1408 D HvacController: handleHvacPropertyChange - propertyId: HVAC_MAX_AC_ON value: CarPropertyValue{mPropertyId=0x15200506, propertyName=HVAC_MAX_AC_ON, mAreaId=0x1, mStatus=0, mTimestampNanos=6245272713, mValue=false}
05-27 13:52:20.055  1011  1518 D ProfileInstaller: Installing profile for com.android.car
05-27 13:52:20.059  1011  1518 W ContextImpl: Failed to ensure /data/user/0/com.android.car/files: mkdir failed: ENOENT (No such file or directory)
05-27 13:52:20.063  1206  1408 D HvacController: handleHvacPropertyChange - propertyId: HVAC_MAX_AC_ON value: CarPropertyValue{mPropertyId=0x15200506, propertyName=HVAC_MAX_AC_ON, mAreaId=0x1, mStatus=0, mTimestampNanos=6245272713, mValue=false}
05-27 13:52:20.067   758   785 I DropBoxManagerService: add tag=system_app_strictmode isTagEnabled=true flags=0x2
05-27 13:52:20.068  1206  1206 E ConstraintLayout: layout_constraintHeight_default="wrap" is deprecated.
05-27 13:52:20.068  1206  1206 E ConstraintLayout: Use layout_height="WRAP_CONTENT" and layout_constrainedHeight="true" instead.
05-27 13:52:20.070  1206  1408 D HvacController: handleHvacPropertyChange - propertyId: HVAC_MAX_AC_ON value: CarPropertyValue{mPropertyId=0x15200506, propertyName=HVAC_MAX_AC_ON, mAreaId=0x4, mStatus=0, mTimestampNanos=6245273254, mValue=false}
05-27 13:52:20.071   758   785 I DropBoxManagerService: add tag=system_app_strictmode isTagEnabled=true flags=0x2
05-27 13:52:20.072  1206  1408 D HvacController: handleHvacPropertyChange - propertyId: HVAC_MAX_AC_ON value: CarPropertyValue{mPropertyId=0x15200506, propertyName=HVAC_MAX_AC_ON, mAreaId=0x4, mStatus=0, mTimestampNanos=6245273254, mValue=false}
05-27 13:52:20.077  1206  1206 E ConstraintLayout: layout_constraintHeight_default="wrap" is deprecated.
05-27 13:52:20.077  1206  1206 E ConstraintLayout: Use layout_height="WRAP_CONTENT" and layout_constrainedHeight="true" instead.
05-27 13:52:20.077  1206  1408 D HvacController: handleHvacPropertyChange - propertyId: HVAC_MAX_AC_ON value: CarPropertyValue{mPropertyId=0x15200506, propertyName=HVAC_MAX_AC_ON, mAreaId=0x10, mStatus=0, mTimestampNanos=6245273789, mValue=false}
05-27 13:52:20.078  1206  1408 D HvacController: handleHvacPropertyChange - propertyId: HVAC_MAX_AC_ON value: CarPropertyValue{mPropertyId=0x15200506, propertyName=HVAC_MAX_AC_ON, mAreaId=0x10, mStatus=0, mTimestampNanos=6245273789, mValue=false}
05-27 13:52:20.079  1206  1408 D HvacController: handleHvacPropertyChange - propertyId: HVAC_MAX_AC_ON value: CarPropertyValue{mPropertyId=0x15200506, propertyName=HVAC_MAX_AC_ON, mAreaId=0x20, mStatus=0, mTimestampNanos=6245274885, mValue=false}
05-27 13:52:20.079  1206  1408 D HvacController: handleHvacPropertyChange - propertyId: HVAC_MAX_AC_ON value: CarPropertyValue{mPropertyId=0x15200506, propertyName=HVAC_MAX_AC_ON, mAreaId=0x20, mStatus=0, mTimestampNanos=6245274885, mValue=false}
05-27 13:52:20.079   758   785 I DropBoxManagerService: add tag=system_app_strictmode isTagEnabled=true flags=0x2
05-27 13:52:20.082   536   998 D BufferPoolAccessor2.0: bufferpool2 0x72a69d1fe068 : 0(0 size) total buffers - 0(0 size) used buffers - 11/15 (recycle/alloc) - 4/14 (fetch/transfer)
05-27 13:52:20.082   536   998 D BufferPoolAccessor2.0: bufferpool2 0x72a69d1fe2b8 : 0(0 size) total buffers - 0(0 size) used buffers - 5/7 (recycle/alloc) - 2/6 (fetch/transfer)
05-27 13:52:20.082   536   998 D BufferPoolAccessor2.0: bufferpool2 0x72a69d2025c8 : 0(0 size) total buffers - 0(0 size) used buffers - 8/10 (recycle/alloc) - 2/9 (fetch/transfer)
05-27 13:52:20.082   536   998 D BufferPoolAccessor2.0: bufferpool2 0x72a69d1fee48 : 0(0 size) total buffers - 0(0 size) used buffers - 10/15 (recycle/alloc) - 6/14 (fetch/transfer)
05-27 13:52:20.082   536   998 D BufferPoolAccessor2.0: bufferpool2 0x72a69d1fdbc8 : 0(0 size) total buffers - 0(0 size) used buffers - 7/10 (recycle/alloc) - 3/9 (fetch/transfer)
05-27 13:52:20.082   536   998 D BufferPoolAccessor2.0: bufferpool2 0x72a69d1fd4d8 : 0(0 size) total buffers - 0(0 size) used buffers - 8/11 (recycle/alloc) - 3/10 (fetch/transfer)
05-27 13:52:20.082   536   998 D BufferPoolAccessor2.0: evictor expired: 10, evicted: 6
05-27 13:52:20.082  1206  1408 D HvacController: handleHvacPropertyChange - propertyId: HVAC_MAX_AC_ON value: CarPropertyValue{mPropertyId=0x15200506, propertyName=HVAC_MAX_AC_ON, mAreaId=0x40, mStatus=0, mTimestampNanos=6245274401, mValue=false}
05-27 13:52:20.083  1206  1408 D HvacController: handleHvacPropertyChange - propertyId: HVAC_MAX_AC_ON value: CarPropertyValue{mPropertyId=0x15200506, propertyName=HVAC_MAX_AC_ON, mAreaId=0x40, mStatus=0, mTimestampNanos=6245274401, mValue=false}
05-27 13:52:20.087  1206  1408 D HvacController: handleHvacPropertyChange - propertyId: HVAC_MAX_DEFROST_ON value: CarPropertyValue{mPropertyId=0x15200507, propertyName=HVAC_MAX_DEFROST_ON, mAreaId=0x5, mStatus=0, mTimestampNanos=6245586342, mValue=false}
05-27 13:52:20.088   758   785 I DropBoxManagerService: add tag=system_app_strictmode isTagEnabled=true flags=0x2
05-27 13:52:20.088  1206  1408 D HvacController: handleHvacPropertyChange - propertyId: HVAC_MAX_DEFROST_ON value: CarPropertyValue{mPropertyId=0x15200507, propertyName=HVAC_MAX_DEFROST_ON, mAreaId=0x5, mStatus=0, mTimestampNanos=6245586342, mValue=false}
05-27 13:52:20.088   758   785 I DropBoxManagerService: add tag=system_app_strictmode isTagEnabled=true flags=0x2
05-27 13:52:20.090  1206  1408 D HvacController: handleHvacPropertyChange - propertyId: HVAC_MAX_DEFROST_ON value: CarPropertyValue{mPropertyId=0x15200507, propertyName=HVAC_MAX_DEFROST_ON, mAreaId=0x70, mStatus=0, mTimestampNanos=6245602898, mValue=false}
05-27 13:52:20.090  1206  1408 D HvacController: handleHvacPropertyChange - propertyId: HVAC_MAX_DEFROST_ON value: CarPropertyValue{mPropertyId=0x15200507, propertyName=HVAC_MAX_DEFROST_ON, mAreaId=0x70, mStatus=0, mTimestampNanos=6245602898, mValue=false}
05-27 13:52:20.091  1206  1408 D HvacController: handleHvacPropertyChange - propertyId: HVAC_RECIRC_ON value: CarPropertyValue{mPropertyId=0x15200508, propertyName=HVAC_RECIRC_ON, mAreaId=0x1, mStatus=0, mTimestampNanos=6245845709, mValue=true}
05-27 13:52:20.093  1206  1408 D HvacController: handleHvacPropertyChange - propertyId: HVAC_RECIRC_ON value: CarPropertyValue{mPropertyId=0x15200508, propertyName=HVAC_RECIRC_ON, mAreaId=0x1, mStatus=0, mTimestampNanos=6245845709, mValue=true}
05-27 13:52:20.094  1206  1408 D HvacController: handleHvacPropertyChange - propertyId: HVAC_RECIRC_ON value: CarPropertyValue{mPropertyId=0x15200508, propertyName=HVAC_RECIRC_ON, mAreaId=0x4, mStatus=0, mTimestampNanos=6245861604, mValue=true}
05-27 13:52:20.094  1206  1408 D HvacController: handleHvacPropertyChange - propertyId: HVAC_RECIRC_ON value: CarPropertyValue{mPropertyId=0x15200508, propertyName=HVAC_RECIRC_ON, mAreaId=0x4, mStatus=0, mTimestampNanos=6245861604, mValue=true}
05-27 13:52:20.095   758   785 I DropBoxManagerService: add tag=system_app_strictmode isTagEnabled=true flags=0x2
05-27 13:52:20.096  1206  1408 D HvacController: handleHvacPropertyChange - propertyId: HVAC_RECIRC_ON value: CarPropertyValue{mPropertyId=0x15200508, propertyName=HVAC_RECIRC_ON, mAreaId=0x10, mStatus=0, mTimestampNanos=6245862332, mValue=true}
05-27 13:52:20.098  1206  1206 E ConstraintLayout: layout_constraintHeight_default="wrap" is deprecated.
05-27 13:52:20.098  1206  1206 E ConstraintLayout: Use layout_height="WRAP_CONTENT" and layout_constrainedHeight="true" instead.
05-27 13:52:20.099  1206  1408 D HvacController: handleHvacPropertyChange - propertyId: HVAC_RECIRC_ON value: CarPropertyValue{mPropertyId=0x15200508, propertyName=HVAC_RECIRC_ON, mAreaId=0x10, mStatus=0, mTimestampNanos=6245862332, mValue=true}
05-27 13:52:20.101  1206  1408 D HvacController: handleHvacPropertyChange - propertyId: HVAC_RECIRC_ON value: CarPropertyValue{mPropertyId=0x15200508, propertyName=HVAC_RECIRC_ON, mAreaId=0x20, mStatus=0, mTimestampNanos=6245863542, mValue=true}
05-27 13:52:20.102  1206  1408 D HvacController: handleHvacPropertyChange - propertyId: HVAC_RECIRC_ON value: CarPropertyValue{mPropertyId=0x15200508, propertyName=HVAC_RECIRC_ON, mAreaId=0x20, mStatus=0, mTimestampNanos=6245863542, mValue=true}
05-27 13:52:20.105  1206  1408 D HvacController: handleHvacPropertyChange - propertyId: HVAC_RECIRC_ON value: CarPropertyValue{mPropertyId=0x15200508, propertyName=HVAC_RECIRC_ON, mAreaId=0x40, mStatus=0, mTimestampNanos=6245863031, mValue=true}
05-27 13:52:20.105   758   785 I DropBoxManagerService: add tag=system_app_strictmode isTagEnabled=true flags=0x2
05-27 13:52:20.106  1206  1408 D HvacController: handleHvacPropertyChange - propertyId: HVAC_RECIRC_ON value: CarPropertyValue{mPropertyId=0x15200508, propertyName=HVAC_RECIRC_ON, mAreaId=0x40, mStatus=0, mTimestampNanos=6245863031, mValue=true}
05-27 13:52:20.106  1206  1206 D OverviewProxyService: Overview proxy service connected
05-27 13:52:20.107  1206  1408 D HvacController: handleHvacPropertyChange - propertyId: HVAC_DUAL_ON value: CarPropertyValue{mPropertyId=0x15200509, propertyName=HVAC_DUAL_ON, mAreaId=0x75, mStatus=0, mTimestampNanos=6245885543, mValue=false}
05-27 13:52:20.108   758  1056 D BufferPoolAccessor2.0: bufferpool2 0x7e2d5173c748 : 0(0 size) total buffers - 0(0 size) used buffers - 2/7 (recycle/alloc) - 13/34 (fetch/transfer)
05-27 13:52:20.108   758  1056 D BufferPoolAccessor2.0: bufferpool2 0x7e2d51741cd8 : 0(0 size) total buffers - 0(0 size) used buffers - 2/7 (recycle/alloc) - 5/34 (fetch/transfer)
05-27 13:52:20.109   758  1056 D BufferPoolAccessor2.0: bufferpool2 0x7e2d5173fa28 : 0(0 size) total buffers - 0(0 size) used buffers - 2/7 (recycle/alloc) - 5/26 (fetch/transfer)
05-27 13:52:20.109   758  1056 D BufferPoolAccessor2.0: bufferpool2 0x7e2d51739908 : 0(0 size) total buffers - 0(0 size) used buffers - 2/7 (recycle/alloc) - 5/24 (fetch/transfer)
05-27 13:52:20.109   758  1056 D BufferPoolAccessor2.0: evictor expired: 4, evicted: 4
05-27 13:52:20.111  1206  1408 D HvacController: handleHvacPropertyChange - propertyId: HVAC_DUAL_ON value: CarPropertyValue{mPropertyId=0x15200509, propertyName=HVAC_DUAL_ON, mAreaId=0x75, mStatus=0, mTimestampNanos=6245885543, mValue=false}
05-27 13:52:20.112  1206  1206 D OverviewProxyService: OverviewProxyService connected, initializing overview proxy
05-27 13:52:20.112  1206  1408 D HvacController: handleHvacPropertyChange - propertyId: HVAC_AUTO_ON value: CarPropertyValue{mPropertyId=0x1520050a, propertyName=HVAC_AUTO_ON, mAreaId=0x1, mStatus=0, mTimestampNanos=6245789035, mValue=true}
05-27 13:52:20.114   758   785 I DropBoxManagerService: add tag=system_app_strictmode isTagEnabled=true flags=0x2
05-27 13:52:20.114  1206  1408 D HvacController: handleHvacPropertyChange - propertyId: HVAC_AUTO_ON value: CarPropertyValue{mPropertyId=0x1520050a, propertyName=HVAC_AUTO_ON, mAreaId=0x1, mStatus=0, mTimestampNanos=6245789035, mValue=true}
05-27 13:52:20.115   758   785 I DropBoxManagerService: add tag=system_app_strictmode isTagEnabled=true flags=0x2
05-27 13:52:20.117  1206  1408 D HvacController: handleHvacPropertyChange - propertyId: HVAC_AUTO_ON value: CarPropertyValue{mPropertyId=0x1520050a, propertyName=HVAC_AUTO_ON, mAreaId=0x4, mStatus=0, mTimestampNanos=6245789592, mValue=true}
05-27 13:52:20.118  1206  1408 D HvacController: handleHvacPropertyChange - propertyId: HVAC_AUTO_ON value: CarPropertyValue{mPropertyId=0x1520050a, propertyName=HVAC_AUTO_ON, mAreaId=0x4, mStatus=0, mTimestampNanos=6245789592, mValue=true}
05-27 13:52:20.119  1206  1408 D HvacController: handleHvacPropertyChange - propertyId: HVAC_AUTO_ON value: CarPropertyValue{mPropertyId=0x1520050a, propertyName=HVAC_AUTO_ON, mAreaId=0x10, mStatus=0, mTimestampNanos=6245790087, mValue=true}
05-27 13:52:20.120  1206  1408 D HvacController: handleHvacPropertyChange - propertyId: HVAC_AUTO_ON value: CarPropertyValue{mPropertyId=0x1520050a, propertyName=HVAC_AUTO_ON, mAreaId=0x10, mStatus=0, mTimestampNanos=6245790087, mValue=true}
05-27 13:52:20.122  1206  1408 D HvacController: handleHvacPropertyChange - propertyId: HVAC_AUTO_ON value: CarPropertyValue{mPropertyId=0x1520050a, propertyName=HVAC_AUTO_ON, mAreaId=0x20, mStatus=0, mTimestampNanos=6245791197, mValue=true}
05-27 13:52:20.122  1206  1408 D HvacController: handleHvacPropertyChange - propertyId: HVAC_AUTO_ON value: CarPropertyValue{mPropertyId=0x1520050a, propertyName=HVAC_AUTO_ON, mAreaId=0x20, mStatus=0, mTimestampNanos=6245791197, mValue=true}
05-27 13:52:20.123  1206  1206 I viewroot_draw_event: [VRI[TopCarSystemBar],reportDrawFinished seqId=0]
05-27 13:52:20.124  1206  1408 D HvacController: handleHvacPropertyChange - propertyId: HVAC_AUTO_ON value: CarPropertyValue{mPropertyId=0x1520050a, propertyName=HVAC_AUTO_ON, mAreaId=0x40, mStatus=0, mTimestampNanos=6245790706, mValue=true}
05-27 13:52:20.125  1206  1408 D HvacController: handleHvacPropertyChange - propertyId: HVAC_AUTO_ON value: CarPropertyValue{mPropertyId=0x1520050a, propertyName=HVAC_AUTO_ON, mAreaId=0x40, mStatus=0, mTimestampNanos=6245790706, mValue=true}
05-27 13:52:20.127  1206  1408 D HvacController: handleHvacPropertyChange - propertyId: HVAC_SEAT_TEMPERATURE value: CarPropertyValue{mPropertyId=0x1540050b, propertyName=HVAC_SEAT_TEMPERATURE, mAreaId=0x1, mStatus=0, mTimestampNanos=6245792799, mValue=0}
05-27 13:52:20.127  1206  1408 D HvacController: handleHvacPropertyChange - propertyId: HVAC_SEAT_TEMPERATURE value: CarPropertyValue{mPropertyId=0x1540050b, propertyName=HVAC_SEAT_TEMPERATURE, mAreaId=0x1, mStatus=0, mTimestampNanos=6245792799, mValue=0}
05-27 13:52:20.129  1206  1408 D HvacController: handleHvacPropertyChange - propertyId: HVAC_SEAT_TEMPERATURE value: CarPropertyValue{mPropertyId=0x1540050b, propertyName=HVAC_SEAT_TEMPERATURE, mAreaId=0x4, mStatus=0, mTimestampNanos=6245793334, mValue=0}
05-27 13:52:20.130  1206  1408 D HvacController: handleHvacPropertyChange - propertyId: HVAC_SEAT_TEMPERATURE value: CarPropertyValue{mPropertyId=0x1540050b, propertyName=HVAC_SEAT_TEMPERATURE, mAreaId=0x4, mStatus=0, mTimestampNanos=6245793334, mValue=0}
05-27 13:52:20.130  1206  1333 W AudioManager: attempt to call registerAudioRecordingCallback() on a previouslyregistered callback
05-27 13:52:20.131  1206  1408 D HvacController: handleHvacPropertyChange - propertyId: HVAC_SEAT_TEMPERATURE value: CarPropertyValue{mPropertyId=0x1540050b, propertyName=HVAC_SEAT_TEMPERATURE, mAreaId=0x10, mStatus=0, mTimestampNanos=6245793849, mValue=0}
05-27 13:52:20.133  1206  1206 D DisplayRepository: combining enabled=[0], connectedExternalDisplayIds=[], ignored=[]
05-27 13:52:20.135  1206  1408 D HvacController: handleHvacPropertyChange - propertyId: HVAC_SEAT_TEMPERATURE value: CarPropertyValue{mPropertyId=0x1540050b, propertyName=HVAC_SEAT_TEMPERATURE, mAreaId=0x10, mStatus=0, mTimestampNanos=6245793849, mValue=0}
05-27 13:52:20.137  1206  1408 D HvacController: handleHvacPropertyChange - propertyId: HVAC_SEAT_TEMPERATURE value: CarPropertyValue{mPropertyId=0x1540050b, propertyName=HVAC_SEAT_TEMPERATURE, mAreaId=0x20, mStatus=0, mTimestampNanos=6245794916, mValue=0}
05-27 13:52:20.139   758   758 W AccessibilityManagerService:  wait for adding window timeout: 4
05-27 13:52:20.139  1206  1408 D HvacController: handleHvacPropertyChange - propertyId: HVAC_SEAT_TEMPERATURE value: CarPropertyValue{mPropertyId=0x1540050b, propertyName=HVAC_SEAT_TEMPERATURE, mAreaId=0x20, mStatus=0, mTimestampNanos=6245794916, mValue=0}
05-27 13:52:20.140  1206  1408 D HvacController: handleHvacPropertyChange - propertyId: HVAC_SEAT_TEMPERATURE value: CarPropertyValue{mPropertyId=0x1540050b, propertyName=HVAC_SEAT_TEMPERATURE, mAreaId=0x40, mStatus=0, mTimestampNanos=6245794434, mValue=0}
05-27 13:52:20.142  1206  1408 D HvacController: handleHvacPropertyChange - propertyId: HVAC_SEAT_TEMPERATURE value: CarPropertyValue{mPropertyId=0x1540050b, propertyName=HVAC_SEAT_TEMPERATURE, mAreaId=0x40, mStatus=0, mTimestampNanos=6245794434, mValue=0}
05-27 13:52:20.143  1368  1368 V RotaryController: onAccessibilityEvent: EventType: TYPE_WINDOW_STATE_CHANGED; EventTime: 30636; PackageName: com.android.systemui; MovementGranularity: 0; Action: 0; ContentChangeTypes: []; WindowChangeTypes: [] [ ClassName: android.widget.FrameLayout; Text: [Bluetooth Setting: Bluetooth off, Signal Settings: Using Mobile Data, Display Settings, 1:52, User Avatar, Driver]; ContentDescription: null; ItemCount: -1; CurrentItemIndex: -1; Enabled: true; Password: false; Checked: false; FullScreen: false; Scrollable: false; ImportantForAccessibility: true; AccessibilityDataSensitive: false; BeforeText: null; FromIndex: -1; ToIndex: -1; ScrollX: 0; ScrollY: 0; MaxScrollX: 0; MaxScrollY: 0; ScrollDeltaX: -1; ScrollDeltaY: -1; AddedCount: -1; RemovedCount: -1; ParcelableData: null; DisplayId: 0 ]; recordCount: 0
05-27 13:52:20.145  1206  1408 D HvacController: handleHvacPropertyChange - propertyId: HVAC_SIDE_MIRROR_HEAT value: CarPropertyValue{mPropertyId=0x1440050c, propertyName=HVAC_SIDE_MIRROR_HEAT, mAreaId=0x3, mStatus=0, mTimestampNanos=6245275707, mValue=0}
05-27 13:52:20.145  1368  1368 V RotaryController: event window ID: 4
05-27 13:52:20.146  1206  1408 D HvacController: handleHvacPropertyChange - propertyId: HVAC_SIDE_MIRROR_HEAT value: CarPropertyValue{mPropertyId=0x1440050c, propertyName=HVAC_SIDE_MIRROR_HEAT, mAreaId=0x3, mStatus=0, mTimestampNanos=6245275707, mValue=0}
05-27 13:52:20.147  1206  1408 D HvacController: handleHvacPropertyChange - propertyId: HVAC_STEERING_WHEEL_HEAT value: CarPropertyValue{mPropertyId=0x1140050d, propertyName=HVAC_STEERING_WHEEL_HEAT, mAreaId=0x0, mStatus=0, mTimestampNanos=6245572429, mValue=0}
05-27 13:52:20.147  1206  1408 D HvacController: handleHvacPropertyChange - propertyId: HVAC_STEERING_WHEEL_HEAT value: CarPropertyValue{mPropertyId=0x1140050d, propertyName=HVAC_STEERING_WHEEL_HEAT, mAreaId=0x0, mStatus=0, mTimestampNanos=6245572429, mValue=0}
05-27 13:52:20.148  1206  1408 D HvacController: handleHvacPropertyChange - propertyId: HVAC_TEMPERATURE_DISPLAY_UNITS value: CarPropertyValue{mPropertyId=0x1140050e, propertyName=HVAC_TEMPERATURE_DISPLAY_UNITS, mAreaId=0x0, mStatus=0, mTimestampNanos=6246061799, mValue=49}
05-27 13:52:20.149  1206  1408 D HvacController: handleHvacPropertyChange - propertyId: HVAC_TEMPERATURE_DISPLAY_UNITS value: CarPropertyValue{mPropertyId=0x1140050e, propertyName=HVAC_TEMPERATURE_DISPLAY_UNITS, mAreaId=0x0, mStatus=0, mTimestampNanos=6246061799, mValue=49}
05-27 13:52:20.149  1206  1408 D HvacController: handleHvacPropertyChange - propertyId: HVAC_ACTUAL_FAN_SPEED_RPM value: CarPropertyValue{mPropertyId=0x1540050f, propertyName=HVAC_ACTUAL_FAN_SPEED_RPM, mAreaId=0x1, mStatus=0, mTimestampNanos=6244940056, mValue=50}
05-27 13:52:20.150  1206  1408 D HvacController: handleHvacPropertyChange - propertyId: HVAC_ACTUAL_FAN_SPEED_RPM value: CarPropertyValue{mPropertyId=0x1540050f, propertyName=HVAC_ACTUAL_FAN_SPEED_RPM, mAreaId=0x1, mStatus=0, mTimestampNanos=6244940056, mValue=50}
05-27 13:52:20.153  1206  1408 D HvacController: handleHvacPropertyChange - propertyId: HVAC_ACTUAL_FAN_SPEED_RPM value: CarPropertyValue{mPropertyId=0x1540050f, propertyName=HVAC_ACTUAL_FAN_SPEED_RPM, mAreaId=0x4, mStatus=0, mTimestampNanos=6244940596, mValue=50}
05-27 13:52:20.153  1206  1408 D HvacController: handleHvacPropertyChange - propertyId: HVAC_ACTUAL_FAN_SPEED_RPM value: CarPropertyValue{mPropertyId=0x1540050f, propertyName=HVAC_ACTUAL_FAN_SPEED_RPM, mAreaId=0x4, mStatus=0, mTimestampNanos=6244940596, mValue=50}
05-27 13:52:20.155  1206  1408 D HvacController: handleHvacPropertyChange - propertyId: HVAC_ACTUAL_FAN_SPEED_RPM value: CarPropertyValue{mPropertyId=0x1540050f, propertyName=HVAC_ACTUAL_FAN_SPEED_RPM, mAreaId=0x10, mStatus=0, mTimestampNanos=6244941276, mValue=50}
05-27 13:52:20.155  1206  1408 D HvacController: handleHvacPropertyChange - propertyId: HVAC_ACTUAL_FAN_SPEED_RPM value: CarPropertyValue{mPropertyId=0x1540050f, propertyName=HVAC_ACTUAL_FAN_SPEED_RPM, mAreaId=0x10, mStatus=0, mTimestampNanos=6244941276, mValue=50}
05-27 13:52:20.157  1206  1408 D HvacController: handleHvacPropertyChange - propertyId: HVAC_ACTUAL_FAN_SPEED_RPM value: CarPropertyValue{mPropertyId=0x1540050f, propertyName=HVAC_ACTUAL_FAN_SPEED_RPM, mAreaId=0x20, mStatus=0, mTimestampNanos=6244942444, mValue=50}
05-27 13:52:20.159  1206  1408 D HvacController: handleHvacPropertyChange - propertyId: HVAC_ACTUAL_FAN_SPEED_RPM value: CarPropertyValue{mPropertyId=0x1540050f, propertyName=HVAC_ACTUAL_FAN_SPEED_RPM, mAreaId=0x20, mStatus=0, mTimestampNanos=6244942444, mValue=50}
05-27 13:52:20.161  1206  1408 D HvacController: handleHvacPropertyChange - propertyId: HVAC_ACTUAL_FAN_SPEED_RPM value: CarPropertyValue{mPropertyId=0x1540050f, propertyName=HVAC_ACTUAL_FAN_SPEED_RPM, mAreaId=0x40, mStatus=0, mTimestampNanos=6244941944, mValue=50}
05-27 13:52:20.162  1206  1408 D HvacController: handleHvacPropertyChange - propertyId: HVAC_ACTUAL_FAN_SPEED_RPM value: CarPropertyValue{mPropertyId=0x1540050f, propertyName=HVAC_ACTUAL_FAN_SPEED_RPM, mAreaId=0x40, mStatus=0, mTimestampNanos=6244941944, mValue=50}
05-27 13:52:20.163  1206  1408 D HvacController: handleHvacPropertyChange - propertyId: HVAC_POWER_ON value: CarPropertyValue{mPropertyId=0x15200510, propertyName=HVAC_POWER_ON, mAreaId=0x1, mStatus=0, mTimestampNanos=6245565710, mValue=true}
05-27 13:52:20.165  1206  1206 I WalletControllerImpl: Setting WalletTile position: null
05-27 13:52:20.168  1206  1408 D HvacController: handleHvacPropertyChange - propertyId: HVAC_POWER_ON value: CarPropertyValue{mPropertyId=0x15200510, propertyName=HVAC_POWER_ON, mAreaId=0x1, mStatus=0, mTimestampNanos=6245565710, mValue=true}
05-27 13:52:20.170  1206  1408 D HvacController: handleHvacPropertyChange - propertyId: HVAC_POWER_ON value: CarPropertyValue{mPropertyId=0x15200510, propertyName=HVAC_POWER_ON, mAreaId=0x4, mStatus=0, mTimestampNanos=6245566290, mValue=true}
05-27 13:52:20.170  1206  1408 D HvacController: handleHvacPropertyChange - propertyId: HVAC_POWER_ON value: CarPropertyValue{mPropertyId=0x15200510, propertyName=HVAC_POWER_ON, mAreaId=0x4, mStatus=0, mTimestampNanos=6245566290, mValue=true}
05-27 13:52:20.172  1206  1408 D HvacController: handleHvacPropertyChange - propertyId: HVAC_POWER_ON value: CarPropertyValue{mPropertyId=0x15200510, propertyName=HVAC_POWER_ON, mAreaId=0x10, mStatus=0, mTimestampNanos=6245566847, mValue=true}
05-27 13:52:20.173  1206  1408 D HvacController: handleHvacPropertyChange - propertyId: HVAC_POWER_ON value: CarPropertyValue{mPropertyId=0x15200510, propertyName=HVAC_POWER_ON, mAreaId=0x10, mStatus=0, mTimestampNanos=6245566847, mValue=true}
05-27 13:52:20.174  1206  1408 D HvacController: handleHvacPropertyChange - propertyId: HVAC_POWER_ON value: CarPropertyValue{mPropertyId=0x15200510, propertyName=HVAC_POWER_ON, mAreaId=0x20, mStatus=0, mTimestampNanos=6245567947, mValue=true}
05-27 13:52:20.175  1206  1408 D HvacController: handleHvacPropertyChange - propertyId: HVAC_POWER_ON value: CarPropertyValue{mPropertyId=0x15200510, propertyName=HVAC_POWER_ON, mAreaId=0x20, mStatus=0, mTimestampNanos=6245567947, mValue=true}
05-27 13:52:20.177  1206  1408 D HvacController: handleHvacPropertyChange - propertyId: HVAC_POWER_ON value: CarPropertyValue{mPropertyId=0x15200510, propertyName=HVAC_POWER_ON, mAreaId=0x40, mStatus=0, mTimestampNanos=6245567420, mValue=true}
05-27 13:52:20.177  1206  1408 D HvacController: handleHvacPropertyChange - propertyId: HVAC_POWER_ON value: CarPropertyValue{mPropertyId=0x15200510, propertyName=HVAC_POWER_ON, mAreaId=0x40, mStatus=0, mTimestampNanos=6245567420, mValue=true}
05-27 13:52:20.179   758   841 D SystemServerTiming: getUserSwitchability-10
05-27 13:52:20.180   758   841 D SystemServerTiming: TM.isInCall
05-27 13:52:20.180   758   776 D SystemServerTiming: getUserSwitchability-10
05-27 13:52:20.180   758   776 D SystemServerTiming: TM.isInCall
05-27 13:52:20.181   758   841 V SystemServerTiming: TM.isInCall took to complete: 1ms
05-27 13:52:20.183   758   841 D SystemServerTiming: hasUserRestriction-DISALLOW_USER_SWITCH
05-27 13:52:20.183   758   841 V SystemServerTiming: hasUserRestriction-DISALLOW_USER_SWITCH took to complete: 0ms
05-27 13:52:20.185   758   841 V SystemServerTiming: getUserSwitchability-10 took to complete: 5ms
05-27 13:52:20.185  1206  1408 D HvacController: handleHvacPropertyChange - propertyId: HVAC_FAN_DIRECTION_AVAILABLE value: CarPropertyValue{mPropertyId=0x15410511, propertyName=HVAC_FAN_DIRECTION_AVAILABLE, mAreaId=0x1, mStatus=0, mTimestampNanos=6245780552, mValue=[Ljava.lang.Integer;@a33ed5a}
05-27 13:52:20.187   758   776 V SystemServerTiming: TM.isInCall took to complete: 1ms
05-27 13:52:20.188  1206  1408 D HvacController: handleHvacPropertyChange - propertyId: HVAC_FAN_DIRECTION_AVAILABLE value: CarPropertyValue{mPropertyId=0x15410511, propertyName=HVAC_FAN_DIRECTION_AVAILABLE, mAreaId=0x1, mStatus=0, mTimestampNanos=6245780552, mValue=[Ljava.lang.Integer;@a33ed5a}
05-27 13:52:20.190   758   776 D SystemServerTiming: hasUserRestriction-DISALLOW_USER_SWITCH
05-27 13:52:20.193   758   776 V SystemServerTiming: hasUserRestriction-DISALLOW_USER_SWITCH took to complete: 0ms
05-27 13:52:20.194   758   776 V SystemServerTiming: getUserSwitchability-10 took to complete: 14ms
05-27 13:52:20.194  1206  1408 D HvacController: handleHvacPropertyChange - propertyId: HVAC_FAN_DIRECTION_AVAILABLE value: CarPropertyValue{mPropertyId=0x15410511, propertyName=HVAC_FAN_DIRECTION_AVAILABLE, mAreaId=0x4, mStatus=0, mTimestampNanos=6245781286, mValue=[Ljava.lang.Integer;@2b38526}
05-27 13:52:20.197  1206  1408 D HvacController: handleHvacPropertyChange - propertyId: HVAC_FAN_DIRECTION_AVAILABLE value: CarPropertyValue{mPropertyId=0x15410511, propertyName=HVAC_FAN_DIRECTION_AVAILABLE, mAreaId=0x4, mStatus=0, mTimestampNanos=6245781286, mValue=[Ljava.lang.Integer;@2b38526}
05-27 13:52:20.199  1206  1408 D HvacController: handleHvacPropertyChange - propertyId: HVAC_FAN_DIRECTION_AVAILABLE value: CarPropertyValue{mPropertyId=0x15410511, propertyName=HVAC_FAN_DIRECTION_AVAILABLE, mAreaId=0x10, mStatus=0, mTimestampNanos=6245781826, mValue=[Ljava.lang.Integer;@ba28f14}
05-27 13:52:20.200   582   691 D BootAnimation: Playing files = /system/media/bootanimation.zip/part3, Requested repeat = 1, playUntilComplete = true
05-27 13:52:20.201  1206  1408 D HvacController: handleHvacPropertyChange - propertyId: HVAC_FAN_DIRECTION_AVAILABLE value: CarPropertyValue{mPropertyId=0x15410511, propertyName=HVAC_FAN_DIRECTION_AVAILABLE, mAreaId=0x10, mStatus=0, mTimestampNanos=6245781826, mValue=[Ljava.lang.Integer;@ba28f14}
05-27 13:52:20.203  1206  1408 D HvacController: handleHvacPropertyChange - propertyId: HVAC_FAN_DIRECTION_AVAILABLE value: CarPropertyValue{mPropertyId=0x15410511, propertyName=HVAC_FAN_DIRECTION_AVAILABLE, mAreaId=0x20, mStatus=0, mTimestampNanos=6245782867, mValue=[Ljava.lang.Integer;@642cdb2}
05-27 13:52:20.203  1206  1408 D HvacController: handleHvacPropertyChange - propertyId: HVAC_FAN_DIRECTION_AVAILABLE value: CarPropertyValue{mPropertyId=0x15410511, propertyName=HVAC_FAN_DIRECTION_AVAILABLE, mAreaId=0x20, mStatus=0, mTimestampNanos=6245782867, mValue=[Ljava.lang.Integer;@642cdb2}
05-27 13:52:20.204  1206  1408 D HvacController: handleHvacPropertyChange - propertyId: HVAC_FAN_DIRECTION_AVAILABLE value: CarPropertyValue{mPropertyId=0x15410511, propertyName=HVAC_FAN_DIRECTION_AVAILABLE, mAreaId=0x40, mStatus=0, mTimestampNanos=6245782401, mValue=[Ljava.lang.Integer;@eca0103}
05-27 13:52:20.205  1206  1408 D HvacController: handleHvacPropertyChange - propertyId: HVAC_FAN_DIRECTION_AVAILABLE value: CarPropertyValue{mPropertyId=0x15410511, propertyName=HVAC_FAN_DIRECTION_AVAILABLE, mAreaId=0x40, mStatus=0, mTimestampNanos=6245782401, mValue=[Ljava.lang.Integer;@eca0103}
05-27 13:52:20.207  1206  1408 D HvacController: handleHvacPropertyChange - propertyId: HVAC_AUTO_RECIRC_ON value: CarPropertyValue{mPropertyId=0x15200512, propertyName=HVAC_AUTO_RECIRC_ON, mAreaId=0x1, mStatus=0, mTimestampNanos=6245569635, mValue=false}
05-27 13:52:20.208  1206  1408 D HvacController: handleHvacPropertyChange - propertyId: HVAC_AUTO_RECIRC_ON value: CarPropertyValue{mPropertyId=0x15200512, propertyName=HVAC_AUTO_RECIRC_ON, mAreaId=0x1, mStatus=0, mTimestampNanos=6245569635, mValue=false}
05-27 13:52:20.209  1206  1408 D HvacController: handleHvacPropertyChange - propertyId: HVAC_AUTO_RECIRC_ON value: CarPropertyValue{mPropertyId=0x15200512, propertyName=HVAC_AUTO_RECIRC_ON, mAreaId=0x4, mStatus=0, mTimestampNanos=6245570157, mValue=false}
05-27 13:52:20.210  1206  1408 D HvacController: handleHvacPropertyChange - propertyId: HVAC_AUTO_RECIRC_ON value: CarPropertyValue{mPropertyId=0x15200512, propertyName=HVAC_AUTO_RECIRC_ON, mAreaId=0x4, mStatus=0, mTimestampNanos=6245570157, mValue=false}
05-27 13:52:20.211  1206  1206 I KeyguardSecurityView: Switching mode from Uninitialized to Default
05-27 13:52:20.214  1206  1408 D HvacController: handleHvacPropertyChange - propertyId: HVAC_AUTO_RECIRC_ON value: CarPropertyValue{mPropertyId=0x15200512, propertyName=HVAC_AUTO_RECIRC_ON, mAreaId=0x10, mStatus=0, mTimestampNanos=6245570641, mValue=false}
05-27 13:52:20.216  1206  1408 D HvacController: handleHvacPropertyChange - propertyId: HVAC_AUTO_RECIRC_ON value: CarPropertyValue{mPropertyId=0x15200512, propertyName=HVAC_AUTO_RECIRC_ON, mAreaId=0x10, mStatus=0, mTimestampNanos=6245570641, mValue=false}
05-27 13:52:20.218  1206  1408 D HvacController: handleHvacPropertyChange - propertyId: HVAC_AUTO_RECIRC_ON value: CarPropertyValue{mPropertyId=0x15200512, propertyName=HVAC_AUTO_RECIRC_ON, mAreaId=0x20, mStatus=0, mTimestampNanos=6245571682, mValue=false}
