05-27 13:52:23.723   758   786 V ActivityManagerTiming: OnBootPhase_1000_com.android.server.security.FileIntegrityService took to complete: 0ms
05-27 13:52:23.725   758   786 D ActivityManagerTiming: OnBootPhase_1000_com.android.server.pm.Installer
05-27 13:52:23.725   758   786 V ActivityManagerTiming: OnBootPhase_1000_com.android.server.pm.Installer took to complete: 0ms
05-27 13:52:23.725   758   786 D ActivityManagerTiming: OnBootPhase_1000_com.android.server.os.DeviceIdentifiersPolicyService
05-27 13:52:23.725   758   786 V ActivityManagerTiming: OnBootPhase_1000_com.android.server.os.DeviceIdentifiersPolicyService took to complete: 0ms
05-27 13:52:23.726   758   786 D ActivityManagerTiming: OnBootPhase_1000_com.android.server.flags.FeatureFlagsService
05-27 13:52:23.726   758   786 V ActivityManagerTiming: OnBootPhase_1000_com.android.server.flags.FeatureFlagsService took to complete: 0ms
05-27 13:52:23.726   758   786 D ActivityManagerTiming: OnBootPhase_1000_com.android.server.uri.UriGrantsManagerService$Lifecycle
05-27 13:52:23.726   758   786 V ActivityManagerTiming: OnBootPhase_1000_com.android.server.uri.UriGrantsManagerService$Lifecycle took to complete: 0ms
05-27 13:52:23.726   758   786 D ActivityManagerTiming: OnBootPhase_1000_com.android.server.powerstats.PowerStatsService
05-27 13:52:23.714     0     0 I servicemanager: Caller(pid=466,uid=1000,sid=u:r:surfaceflinger:s0) Found android.hardware.power.IPower/default in device VINTF manifest.
05-27 13:52:23.728   466   466 I PowerHalLoader: Successfully connected to Power HAL AIDL service.
05-27 13:52:23.728   435   435 I android.hardware.power-service.example: Power isBoostSupported: 1
05-27 13:52:23.734   758   880 I input_focus: [Focus entering 85695ae com.android.car.settings/com.android.car.settings.FallbackHome (server),reason=setFocusedWindow]
05-27 13:52:23.734   758   880 I input_focus: [Focus leaving 85695ae com.android.car.settings/com.android.car.settings.FallbackHome (server),reason=Waiting for window because NO_WINDOW]
05-27 13:52:23.735   758   880 I input_focus: [Focus entering 85695ae com.android.car.settings/com.android.car.settings.FallbackHome (server),reason=setFocusedWindow]
05-27 13:52:23.737   758   887 D CompatChangeReporter: Compat change id reported: 214016041; UID 1001000; state: ENABLED
05-27 13:52:23.738   758   887 I ImeTracker: com.android.car.settings:df1420a3: onRequestHide at ORIGIN_SERVER reason HIDE_UNSPECIFIED_WINDOW fromUser false
05-27 13:52:23.739   758   887 I ImeTracker: com.android.car.settings:df1420a3: onCancelled at PHASE_SERVER_SHOULD_HIDE
05-27 13:52:23.744   758   887 V GrammaticalInflectionUtils: AttributionSource: AttributionSource { uid = 1010178, packageName = null, attributionTag = null, token = android.os.Binder@c97eef5, deviceId = 0, next = null } does not have READ_SYSTEM_GRAMMATICAL_GENDER permission.
05-27 13:52:23.745   758   887 I am_uid_running: 1010178
05-27 13:52:23.748   758   786 V ActivityManagerTiming: OnBootPhase_1000_com.android.server.powerstats.PowerStatsService took to complete: 22ms
05-27 13:52:23.748   758   786 D ActivityManagerTiming: OnBootPhase_1000_com.android.server.permission.access.AccessCheckingService
05-27 13:52:23.749   758   786 V ActivityManagerTiming: OnBootPhase_1000_com.android.server.permission.access.AccessCheckingService took to complete: 0ms
05-27 13:52:23.749   758   786 D ActivityManagerTiming: OnBootPhase_1000_com.android.server.wm.ActivityTaskManagerService$Lifecycle
05-27 13:52:23.749   758   786 V ActivityManagerTiming: OnBootPhase_1000_com.android.server.wm.ActivityTaskManagerService$Lifecycle took to complete: 0ms
05-27 13:52:23.749   758   786 D ActivityManagerTiming: OnBootPhase_1000_com.android.server.am.ActivityManagerService$Lifecycle
05-27 13:52:23.749   758   786 V ActivityManagerTiming: OnBootPhase_1000_com.android.server.am.ActivityManagerService$Lifecycle took to complete: 0ms
05-27 13:52:23.749   758   786 D ActivityManagerTiming: OnBootPhase_1000_com.android.server.pm.DataLoaderManagerService
05-27 13:52:23.750   758   786 V ActivityManagerTiming: OnBootPhase_1000_com.android.server.pm.DataLoaderManagerService took to complete: 0ms
05-27 13:52:23.750   758   786 D ActivityManagerTiming: OnBootPhase_1000_com.android.server.power.PowerManagerService
05-27 13:52:23.751   397   397 I Zygote  : Entering forkRepeatedly native zygote loop
05-27 13:52:23.751   758   786 V ActivityManagerTiming: OnBootPhase_1000_com.android.server.power.PowerManagerService took to complete: 1ms
05-27 13:52:23.751   758   786 D ActivityManagerTiming: OnBootPhase_1000_com.android.server.power.ThermalManagerService
05-27 13:52:23.752   758   786 V ActivityManagerTiming: OnBootPhase_1000_com.android.server.power.ThermalManagerService took to complete: 1ms
05-27 13:52:23.752   758   786 D ActivityManagerTiming: OnBootPhase_1000_com.android.server.recoverysystem.RecoverySystemService$Lifecycle
05-27 13:52:23.752   758   786 V ActivityManagerTiming: OnBootPhase_1000_com.android.server.recoverysystem.RecoverySystemService$Lifecycle took to complete: 0ms
05-27 13:52:23.752   758   786 D ActivityManagerTiming: OnBootPhase_1000_com.android.server.lights.LightsService
05-27 13:52:23.752   758   786 V ActivityManagerTiming: OnBootPhase_1000_com.android.server.lights.LightsService took to complete: 0ms
05-27 13:52:23.752   758   786 D ActivityManagerTiming: OnBootPhase_1000_com.android.server.display.DisplayManagerService
05-27 13:52:23.752   758   786 I LogicalDisplayMapper: Requesting Transition to state: 0, from state=-1, interactive=true, mBootCompleted=true
05-27 13:52:23.753   758   786 I LogicalDisplayMapper: Applying layout: [{dispId: 0(ON), displayGroupName: , addr: {port=0, model=0x401cec6a7a2b7b}, mThermalBrightnessThrottlingMapId: null, mRefreshRateZoneId: null, mLeadDisplayId: -1, mLeadDisplayAddress: null, mThermalRefreshRateThrottlingMapId: null, mPowerThrottlingMapId: null}], Previous layout: [{dispId: 0(ON), displayGroupName: , addr: {port=0, model=0x401cec6a7a2b7b}, mThermalBrightnessThrottlingMapId: null, mRefreshRateZoneId: null, mLeadDisplayId: -1, mLeadDisplayAddress: null, mThermalRefreshRateThrottlingMapId: null, mPowerThrottlingMapId: null}]
05-27 13:52:23.755   758   786 V ActivityManagerTiming: OnBootPhase_1000_com.android.server.display.DisplayManagerService took to complete: 3ms
05-27 13:52:23.755   758   786 D ActivityManagerTiming: OnBootPhase_1000_com.android.server.pm.verify.domain.DomainVerificationService
05-27 13:52:23.755   758   786 V ActivityManagerTiming: OnBootPhase_1000_com.android.server.pm.verify.domain.DomainVerificationService took to complete: 0ms
05-27 13:52:23.755   758   786 D ActivityManagerTiming: OnBootPhase_1000_com.android.server.pm.PackageInstallerService$Lifecycle
05-27 13:52:23.755   758   786 V ActivityManagerTiming: OnBootPhase_1000_com.android.server.pm.PackageInstallerService$Lifecycle took to complete: 0ms
05-27 13:52:23.755   758   786 D ActivityManagerTiming: OnBootPhase_1000_com.android.server.pm.UserManagerService$LifeCycle
05-27 13:52:23.755   758   786 V ActivityManagerTiming: OnBootPhase_1000_com.android.server.pm.UserManagerService$LifeCycle took to complete: 0ms
05-27 13:52:23.755   758   786 D ActivityManagerTiming: OnBootPhase_1000_com.android.server.om.OverlayManagerService
05-27 13:52:23.756   758   786 V ActivityManagerTiming: OnBootPhase_1000_com.android.server.om.OverlayManagerService took to complete: 0ms
05-27 13:52:23.756   758   786 D ActivityManagerTiming: OnBootPhase_1000_com.android.server.resources.ResourcesManagerService
05-27 13:52:23.756   758   786 V ActivityManagerTiming: OnBootPhase_1000_com.android.server.resources.ResourcesManagerService took to complete: 0ms
05-27 13:52:23.756   758   786 D ActivityManagerTiming: OnBootPhase_1000_com.android.server.sensorprivacy.SensorPrivacyService
05-27 13:52:23.757   758   786 V ActivityManagerTiming: OnBootPhase_1000_com.android.server.sensorprivacy.SensorPrivacyService took to complete: 0ms
05-27 13:52:23.757   758   786 D ActivityManagerTiming: OnBootPhase_1000_com.android.server.sensors.SensorService
05-27 13:52:23.757   758   786 V ActivityManagerTiming: OnBootPhase_1000_com.android.server.sensors.SensorService took to complete: 0ms
05-27 13:52:23.757   758   818 I DisplayBrightnessStrategySelector: Changing the DisplayBrightnessStrategy from OverrideBrightnessStrategy to FallbackBrightnessStrategy for display 0
05-27 13:52:23.757   758   786 D ActivityManagerTiming: OnBootPhase_1000_com.android.server.SystemConfigService
05-27 13:52:23.758   758   786 V ActivityManagerTiming: OnBootPhase_1000_com.android.server.SystemConfigService took to complete: 0ms
05-27 13:52:23.758   758   786 D ActivityManagerTiming: OnBootPhase_1000_com.android.server.BatteryService
05-27 13:52:23.758   758   786 V ActivityManagerTiming: OnBootPhase_1000_com.android.server.BatteryService took to complete: 0ms
05-27 13:52:23.759   758   786 D ActivityManagerTiming: OnBootPhase_1000_com.android.server.usage.UsageStatsService
05-27 13:52:23.760   758   786 V ActivityManagerTiming: OnBootPhase_1000_com.android.server.usage.UsageStatsService took to complete: 1ms
05-27 13:52:23.760   758   786 D ActivityManagerTiming: OnBootPhase_1000_com.android.server.webkit.WebViewUpdateService
05-27 13:52:23.760   758   786 V ActivityManagerTiming: OnBootPhase_1000_com.android.server.webkit.WebViewUpdateService took to complete: 0ms
05-27 13:52:23.760   758   786 D ActivityManagerTiming: OnBootPhase_1000_com.android.server.CachedDeviceStateService
05-27 13:52:23.760   758   786 V ActivityManagerTiming: OnBootPhase_1000_com.android.server.CachedDeviceStateService took to complete: 0ms
05-27 13:52:23.760   758   786 D ActivityManagerTiming: OnBootPhase_1000_com.android.server.BinderCallsStatsService$LifeCycle
05-27 13:52:23.760   758   786 V ActivityManagerTiming: OnBootPhase_1000_com.android.server.BinderCallsStatsService$LifeCycle took to complete: 0ms
05-27 13:52:23.760   758   786 D ActivityManagerTiming: OnBootPhase_1000_com.android.server.LooperStatsService$Lifecycle
05-27 13:52:23.760   758   786 V ActivityManagerTiming: OnBootPhase_1000_com.android.server.LooperStatsService$Lifecycle took to complete: 0ms
05-27 13:52:23.760   758   786 D ActivityManagerTiming: OnBootPhase_1000_com.android.server.rollback.RollbackManagerService
05-27 13:52:23.762   758   818 V DisplayPowerController2[0]: Brightness [0.39763778] reason changing to: 'manual', previous reason: 'override'.
05-27 13:52:23.762   758   818 I DisplayPowerController2[0]: BrightnessEvent: disp=0, physDisp=local:4619827259835644672, displayState=ON, displayPolicy=BRIGHT, brt=0.39763778, initBrt=0.39763778, rcmdBrt=NaN, preBrt=NaN, lux=0.0, preLux=0.0, hbmMax=1.0, hbmMode=off, rbcStrength=0, thrmMax=1.0, powerFactor=1.0, wasShortTermModelActive=false, flags=, reason=manual, autoBrightness=false, strategy=FallbackBrightnessStrategy, autoBrightnessMode=default
05-27 13:52:23.764   758   786 V ActivityManagerTiming: OnBootPhase_1000_com.android.server.rollback.RollbackManagerService took to complete: 3ms
05-27 13:52:23.768   758   786 D ActivityManagerTiming: OnBootPhase_1000_com.android.server.os.NativeTombstoneManagerService
05-27 13:52:23.768   758   786 V ActivityManagerTiming: OnBootPhase_1000_com.android.server.os.NativeTombstoneManagerService took to complete: 0ms
05-27 13:52:23.768   758   786 D ActivityManagerTiming: OnBootPhase_1000_com.android.server.os.BugreportManagerService
05-27 13:52:23.768   758   786 V ActivityManagerTiming: OnBootPhase_1000_com.android.server.os.BugreportManagerService took to complete: 0ms
05-27 13:52:23.768   758   786 D ActivityManagerTiming: OnBootPhase_1000_com.android.server.gpu.GpuService
05-27 13:52:23.768   758   786 V ActivityManagerTiming: OnBootPhase_1000_com.android.server.gpu.GpuService took to complete: 0ms
05-27 13:52:23.768   758   786 D ActivityManagerTiming: OnBootPhase_1000_com.android.server.security.rkp.RemoteProvisioningService
05-27 13:52:23.769   758   786 V ActivityManagerTiming: OnBootPhase_1000_com.android.server.security.rkp.RemoteProvisioningService took to complete: 0ms
05-27 13:52:23.769   758   786 D ActivityManagerTiming: OnBootPhase_1000_com.android.server.cpu.CpuMonitorService
05-27 13:52:23.769   397   397 D Zygote  : Forked child process 1555
05-27 13:52:23.769   758   786 V ActivityManagerTiming: OnBootPhase_1000_com.android.server.cpu.CpuMonitorService took to complete: 0ms
05-27 13:52:23.769   758   786 D ActivityManagerTiming: OnBootPhase_1000_com.android.server.security.KeyChainSystemService
05-27 13:52:23.769   758   786 V ActivityManagerTiming: OnBootPhase_1000_com.android.server.security.KeyChainSystemService took to complete: 0ms
05-27 13:52:23.769   758   786 D ActivityManagerTiming: OnBootPhase_1000_com.android.server.BinaryTransparencyService
05-27 13:52:23.769   758   786 I TransparencyService: Boot completed. Getting boot integrity data.
05-27 13:52:23.773   758   786 D TransparencyService: VBMeta Digest: 14ecd897d5aa596d095729eb93170b23d4ca0e80eedffb7c97714c9b74415f0a
05-27 13:52:23.775   396   396 I netd    : tetherGetStats() -> {[]} <1.22ms>
05-27 13:52:23.781   758   863 D RollbackManager: mRollbackLifetimeDurationInMillis=1209600000
05-27 13:52:23.785   758   786 I TransparencyService: Boot completed. Collecting biometric system properties.
05-27 13:52:23.786   758   796 I am_proc_start: [10,1555,1010178,com.android.inputmethod.latin,service,{com.android.inputmethod.latin/com.android.inputmethod.latin.CarLatinIME}]
05-27 13:52:23.786   758   796 I ActivityManager: Start proc 1555:com.android.inputmethod.latin/u10a178 for service {com.android.inputmethod.latin/com.android.inputmethod.latin.CarLatinIME}
05-27 13:52:23.786   758   786 I TransparencyService: Scheduling measurements to be taken.
05-27 13:52:23.786   758   786 I TransparencyService: Scheduling binary content-digest computation job
05-27 13:52:23.787   758   859 D AppStandbyController: Loaded headless system app cache in 15 ms: appIdleEnabled=false
05-27 13:52:23.796   758   785 D TransparencyService: sepolicy hash: 55e8f353b26b558b248be33f27bfb8fc6fc5c91a991e775383f6ed463511197d
05-27 13:52:23.805   758   796 W ActivityManager: Slow operation: 60ms so far, now at startProcess: done updating pids map
05-27 13:52:23.809   758   786 D TransparencyService: Job 1740526926 to measure binaries was scheduled successfully.
05-27 13:52:23.810   758   786 D TransparencyService: Registering APK & Non-Staged APEX updates...
05-27 13:52:23.811   758   786 D TransparencyService: Registering APEX updates...
05-27 13:52:23.812   758   786 V ActivityManagerTiming: OnBootPhase_1000_com.android.server.BinaryTransparencyService took to complete: 43ms
05-27 13:52:23.812   758   786 D ActivityManagerTiming: OnBootPhase_1000_com.android.server.telecom.TelecomLoaderService
05-27 13:52:23.812   758   786 V ActivityManagerTiming: OnBootPhase_1000_com.android.server.telecom.TelecomLoaderService took to complete: 0ms
05-27 13:52:23.813   758   786 D ActivityManagerTiming: OnBootPhase_1000_com.android.server.accounts.AccountManagerService$Lifecycle
05-27 13:52:23.813   758   786 V ActivityManagerTiming: OnBootPhase_1000_com.android.server.accounts.AccountManagerService$Lifecycle took to complete: 0ms
05-27 13:52:23.813   758   786 D ActivityManagerTiming: OnBootPhase_1000_com.android.server.content.ContentService$Lifecycle
05-27 13:52:23.813   758   786 V ActivityManagerTiming: OnBootPhase_1000_com.android.server.content.ContentService$Lifecycle took to complete: 0ms
05-27 13:52:23.813   758   786 D ActivityManagerTiming: OnBootPhase_1000_com.android.server.deviceconfig.DeviceConfigInit$Lifecycle
05-27 13:52:23.813   758   786 V ActivityManagerTiming: OnBootPhase_1000_com.android.server.deviceconfig.DeviceConfigInit$Lifecycle took to complete: 0ms
05-27 13:52:23.813   758   786 D ActivityManagerTiming: OnBootPhase_1000_com.android.server.DropBoxManagerService
05-27 13:52:23.813   758   786 V ActivityManagerTiming: OnBootPhase_1000_com.android.server.DropBoxManagerService took to complete: 0ms
05-27 13:52:23.813   758   786 D ActivityManagerTiming: OnBootPhase_1000_com.android.ecm.EnhancedConfirmationService
05-27 13:52:23.814   758   786 V ActivityManagerTiming: OnBootPhase_1000_com.android.ecm.EnhancedConfirmationService took to complete: 0ms
05-27 13:52:23.814   758   786 D ActivityManagerTiming: OnBootPhase_1000_com.android.server.power.hint.HintManagerService
05-27 13:52:23.817   758   786 V ActivityManagerTiming: OnBootPhase_1000_com.android.server.power.hint.HintManagerService took to complete: 3ms
05-27 13:52:23.817   758   786 D ActivityManagerTiming: OnBootPhase_1000_com.android.role.RoleService
05-27 13:52:23.817   758   786 V ActivityManagerTiming: OnBootPhase_1000_com.android.role.RoleService took to complete: 0ms
05-27 13:52:23.818   758   786 D ActivityManagerTiming: OnBootPhase_1000_com.android.server.vibrator.VibratorManagerService$Lifecycle
05-27 13:52:23.818   758   786 V ActivityManagerTiming: OnBootPhase_1000_com.android.server.vibrator.VibratorManagerService$Lifecycle took to complete: 0ms
05-27 13:52:23.818   758   786 D ActivityManagerTiming: OnBootPhase_1000_com.android.server.alarm.AlarmManagerService
05-27 13:52:23.818   758   786 V ActivityManagerTiming: OnBootPhase_1000_com.android.server.alarm.AlarmManagerService took to complete: 0ms
05-27 13:52:23.818   758   786 D ActivityManagerTiming: OnBootPhase_1000_com.android.server.devicestate.DeviceStateManagerService
05-27 13:52:23.818   758   786 V ActivityManagerTiming: OnBootPhase_1000_com.android.server.devicestate.DeviceStateManagerService took to complete: 0ms
05-27 13:52:23.818   758   786 D ActivityManagerTiming: OnBootPhase_1000_com.android.server.bluetooth.BluetoothService
05-27 13:52:23.818   758   786 V ActivityManagerTiming: OnBootPhase_1000_com.android.server.bluetooth.BluetoothService took to complete: 0ms
05-27 13:52:23.818   758   786 D ActivityManagerTiming: OnBootPhase_1000_com.android.server.connectivity.IpConnectivityMetrics
05-27 13:52:23.818   758   786 V ActivityManagerTiming: OnBootPhase_1000_com.android.server.connectivity.IpConnectivityMetrics took to complete: 0ms
05-27 13:52:23.818   758   786 D ActivityManagerTiming: OnBootPhase_1000_com.android.server.net.watchlist.NetworkWatchlistService$Lifecycle
05-27 13:52:23.819   758   786 V ActivityManagerTiming: OnBootPhase_1000_com.android.server.net.watchlist.NetworkWatchlistService$Lifecycle took to complete: 1ms
05-27 13:52:23.819   758   786 D ActivityManagerTiming: OnBootPhase_1000_com.android.server.PinnerService
05-27 13:52:23.819   758   786 V ActivityManagerTiming: OnBootPhase_1000_com.android.server.PinnerService took to complete: 0ms
05-27 13:52:23.819   758   786 D ActivityManagerTiming: OnBootPhase_1000_com.android.server.integrity.AppIntegrityManagerService
05-27 13:52:23.819   758   786 V ActivityManagerTiming: OnBootPhase_1000_com.android.server.integrity.AppIntegrityManagerService took to complete: 0ms
05-27 13:52:23.819   758   786 D ActivityManagerTiming: OnBootPhase_1000_com.android.server.logcat.LogcatManagerService
05-27 13:52:23.819   758   786 V ActivityManagerTiming: OnBootPhase_1000_com.android.server.logcat.LogcatManagerService took to complete: 0ms
05-27 13:52:23.819   758   786 D ActivityManagerTiming: OnBootPhase_1000_com.android.server.inputmethod.InputMethodManagerService$Lifecycle
05-27 13:52:23.819   758   786 V ActivityManagerTiming: OnBootPhase_1000_com.android.server.inputmethod.InputMethodManagerService$Lifecycle took to complete: 0ms
05-27 13:52:23.819   758   786 D ActivityManagerTiming: OnBootPhase_1000_com.android.server.accessibility.AccessibilityManagerService$Lifecycle
05-27 13:52:23.819   758   786 V ActivityManagerTiming: OnBootPhase_1000_com.android.server.accessibility.AccessibilityManagerService$Lifecycle took to complete: 0ms
05-27 13:52:23.819   758   786 D ActivityManagerTiming: OnBootPhase_1000_com.android.server.StorageManagerService$Lifecycle
05-27 13:52:23.821   758   892 D StorageManagerService: Thinking about reset, mBootCompleted=true, mDaemonConnected=true
05-27 13:52:23.822   758   892 I Watchdog: Pausing of HandlerChecker: monitor thread for reason: #onReset might be slow. Pause end time: 54822
05-27 13:52:23.823   758   892 I StorageSessionController: Started resetting external storage service...
05-27 13:52:23.823   758   892 I StorageSessionController: Finished resetting external storage service
05-27 13:52:23.823   758   892 I StorageManagerService: Resetting vold...
05-27 13:52:23.823   758   786 V ActivityManagerTiming: OnBootPhase_1000_com.android.server.StorageManagerService$Lifecycle took to complete: 4ms
05-27 13:52:23.823   758   786 D ActivityManagerTiming: OnBootPhase_1000_com.android.server.usage.StorageStatsService$Lifecycle
05-27 13:52:23.823   758   786 V ActivityManagerTiming: OnBootPhase_1000_com.android.server.usage.StorageStatsService$Lifecycle took to complete: 0ms
05-27 13:52:23.823   758   786 D ActivityManagerTiming: OnBootPhase_1000_com.android.server.UiModeManagerService
05-27 13:52:23.823   758   786 V ActivityManagerTiming: OnBootPhase_1000_com.android.server.UiModeManagerService took to complete: 0ms
05-27 13:52:23.823   758   786 D ActivityManagerTiming: OnBootPhase_1000_com.android.server.locales.LocaleManagerService
05-27 13:52:23.824   758   892 I StorageManagerService: Reset vold
05-27 13:52:23.825   187   187 I vold    : onUserAdded: 0
05-27 13:52:23.825   187   187 I vold    : onUserAdded: 10
05-27 13:52:23.826   758   786 V ActivityManagerTiming: OnBootPhase_1000_com.android.server.locales.LocaleManagerService took to complete: 0ms
05-27 13:52:23.826   758   786 D ActivityManagerTiming: OnBootPhase_1000_com.android.server.grammaticalinflection.GrammaticalInflectionService
05-27 13:52:23.826   758   786 V ActivityManagerTiming: OnBootPhase_1000_com.android.server.grammaticalinflection.GrammaticalInflectionService took to complete: 0ms
05-27 13:52:23.826   758   786 D ActivityManagerTiming: OnBootPhase_1000_com.android.server.apphibernation.AppHibernationService
05-27 13:52:23.826   758   786 V ActivityManagerTiming: OnBootPhase_1000_com.android.server.apphibernation.AppHibernationService took to complete: 0ms
05-27 13:52:23.827   758   786 D ActivityManagerTiming: OnBootPhase_1000_com.android.server.locksettings.LockSettingsService$Lifecycle
05-27 13:52:23.827   758   786 I RebootEscrowManager: No reboot escrow data found for users, skipping loading escrow data
05-27 13:52:23.830   758  1556 I HibernationStateDiskStore: No hibernation file on disk for file /data/system/hibernation/states
05-27 13:52:23.830  1555  1555 I putmethod.latin: Using CollectorTypeCMC GC.
05-27 13:52:23.833  1555  1555 W putmethod.latin: Unexpected CPU variant for x86: x86_64.
05-27 13:52:23.833  1555  1555 W putmethod.latin: Known variants: atom, sandybridge, silvermont, goldmont, goldmont-plus, goldmont-without-sha-xsaves, tremont, kabylake, default
05-27 13:52:23.843   758   786 I RebootEscrowManager: Reporting RoR recovery metrics, success: false, service type: 1, error code: 10
05-27 13:52:23.848  1555  1555 E putmethod.latin: Not starting debugger since process cannot load the jdwp agent.
05-27 13:52:23.848   758   786 V ActivityManagerTiming: OnBootPhase_1000_com.android.server.locksettings.LockSettingsService$Lifecycle took to complete: 21ms
05-27 13:52:23.848   758   786 D ActivityManagerTiming: OnBootPhase_1000_com.android.server.testharness.TestHarnessModeService
05-27 13:52:23.848   758   786 D TestHarnessModeService: Completing Test Harness Mode setup.
05-27 13:52:23.848   758   786 D TestHarnessModeService: Getting PersistentDataBlockManagerInternal from LocalServices
05-27 13:52:23.848   758   786 E TestHarnessModeService: Failed to start Test Harness Mode; no implementation of PersistentDataBlockManagerInternal was bound!
05-27 13:52:23.849   758   786 V ActivityManagerTiming: OnBootPhase_1000_com.android.server.testharness.TestHarnessModeService took to complete: 1ms
05-27 13:52:23.849   758   786 D ActivityManagerTiming: OnBootPhase_1000_com.android.server.DeviceIdleController
05-27 13:52:23.849   758   786 V ActivityManagerTiming: OnBootPhase_1000_com.android.server.DeviceIdleController took to complete: 0ms
05-27 13:52:23.849   758   786 D ActivityManagerTiming: OnBootPhase_1000_com.android.server.devicepolicy.DevicePolicyManagerService$Lifecycle
05-27 13:52:23.849   758   786 V ActivityManagerTiming: OnBootPhase_1000_com.android.server.devicepolicy.DevicePolicyManagerService$Lifecycle took to complete: 0ms
05-27 13:52:23.849   758   786 D ActivityManagerTiming: OnBootPhase_1000_com.android.server.texttospeech.TextToSpeechManagerService
05-27 13:52:23.849   758   786 V ActivityManagerTiming: OnBootPhase_1000_com.android.server.texttospeech.TextToSpeechManagerService took to complete: 0ms
05-27 13:52:23.849   758   786 D ActivityManagerTiming: OnBootPhase_1000_com.android.server.wearable.WearableSensingManagerService
05-27 13:52:23.849   758   786 V ActivityManagerTiming: OnBootPhase_1000_com.android.server.wearable.WearableSensingManagerService took to complete: 0ms
05-27 13:52:23.850   758   786 D ActivityManagerTiming: OnBootPhase_1000_com.android.server.ondeviceintelligence.OnDeviceIntelligenceManagerService
05-27 13:52:23.854   758   786 V ActivityManagerTiming: OnBootPhase_1000_com.android.server.ondeviceintelligence.OnDeviceIntelligenceManagerService took to complete: 0ms
05-27 13:52:23.854   758   786 D ActivityManagerTiming: OnBootPhase_1000_com.android.server.speech.SpeechRecognitionManagerService
05-27 13:52:23.854   758   786 V ActivityManagerTiming: OnBootPhase_1000_com.android.server.speech.SpeechRecognitionManagerService took to complete: 0ms
05-27 13:52:23.854   758   786 D ActivityManagerTiming: OnBootPhase_1000_com.android.server.graphics.fonts.FontManagerService$Lifecycle
05-27 13:52:23.854   758   786 V ActivityManagerTiming: OnBootPhase_1000_com.android.server.graphics.fonts.FontManagerService$Lifecycle took to complete: 0ms
05-27 13:52:23.855   758   786 D ActivityManagerTiming: OnBootPhase_1000_com.android.server.textservices.TextServicesManagerService$Lifecycle
05-27 13:52:23.855   758   786 V ActivityManagerTiming: OnBootPhase_1000_com.android.server.textservices.TextServicesManagerService$Lifecycle took to complete: 0ms
05-27 13:52:23.855   758   786 D ActivityManagerTiming: OnBootPhase_1000_com.android.server.NetworkScoreService$Lifecycle
05-27 13:52:23.856   758   786 V ActivityManagerTiming: OnBootPhase_1000_com.android.server.NetworkScoreService$Lifecycle took to complete: 0ms
05-27 13:52:23.856   758   786 D ActivityManagerTiming: OnBootPhase_1000_com.android.server.NetworkStatsServiceInitializer
05-27 13:52:23.856   758   786 V ActivityManagerTiming: OnBootPhase_1000_com.android.server.NetworkStatsServiceInitializer took to complete: 0ms
05-27 13:52:23.856   758   786 D ActivityManagerTiming: OnBootPhase_1000_com.android.server.wifi.WifiService
05-27 13:52:23.857   758   786 V ActivityManagerTiming: OnBootPhase_1000_com.android.server.wifi.WifiService took to complete: 0ms
05-27 13:52:23.857   758   786 D ActivityManagerTiming: OnBootPhase_1000_com.android.server.wifi.scanner.WifiScanningService
05-27 13:52:23.857   758   786 V ActivityManagerTiming: OnBootPhase_1000_com.android.server.wifi.scanner.WifiScanningService took to complete: 0ms
05-27 13:52:23.857   758   786 D ActivityManagerTiming: OnBootPhase_1000_com.android.server.ConnectivityServiceInitializer
05-27 13:52:23.858   758   786 V ActivityManagerTiming: OnBootPhase_1000_com.android.server.ConnectivityServiceInitializer took to complete: 1ms
05-27 13:52:23.858   758   786 D ActivityManagerTiming: OnBootPhase_1000_com.android.server.notification.NotificationManagerService
05-27 13:52:23.869  1555  1555 D nativeloader: Load libframework-connectivity-tiramisu-jni.so using APEX ns com_android_tethering for caller /apex/com.android.tethering/javalib/framework-connectivity-t.jar: ok
05-27 13:52:23.888   758   905 D WifiService: Handle boot completed
05-27 13:52:23.900   758   786 V ActivityManagerTiming: OnBootPhase_1000_com.android.server.notification.NotificationManagerService took to complete: 42ms
05-27 13:52:23.900   758   786 D ActivityManagerTiming: OnBootPhase_1000_com.android.server.storage.DeviceStorageMonitorService
05-27 13:52:23.900   758   786 V ActivityManagerTiming: OnBootPhase_1000_com.android.server.storage.DeviceStorageMonitorService took to complete: 0ms
05-27 13:52:23.901   758   786 D ActivityManagerTiming: OnBootPhase_1000_com.android.server.timedetector.TimeDetectorService$Lifecycle
05-27 13:52:23.901   758   786 V ActivityManagerTiming: OnBootPhase_1000_com.android.server.timedetector.TimeDetectorService$Lifecycle took to complete: 0ms
05-27 13:52:23.901   758   786 D ActivityManagerTiming: OnBootPhase_1000_com.android.server.location.LocationManagerService$Lifecycle
05-27 13:52:23.901   758   786 V ActivityManagerTiming: OnBootPhase_1000_com.android.server.location.LocationManagerService$Lifecycle took to complete: 0ms
05-27 13:52:23.901   758   786 D ActivityManagerTiming: OnBootPhase_1000_com.android.server.timezonedetector.TimeZoneDetectorService$Lifecycle
05-27 13:52:23.901   758   786 V ActivityManagerTiming: OnBootPhase_1000_com.android.server.timezonedetector.TimeZoneDetectorService$Lifecycle took to complete: 0ms
05-27 13:52:23.901   758   786 D ActivityManagerTiming: OnBootPhase_1000_com.android.server.location.altitude.AltitudeService$Lifecycle
05-27 13:52:23.902   758   786 V ActivityManagerTiming: OnBootPhase_1000_com.android.server.location.altitude.AltitudeService$Lifecycle took to complete: 0ms
05-27 13:52:23.902   758   786 D ActivityManagerTiming: OnBootPhase_1000_com.android.server.timezonedetector.location.LocationTimeZoneManagerService$Lifecycle
05-27 13:52:23.902   758   905 I WifiScoreCard: Installing MemoryStore
05-27 13:52:23.903   758   786 V ActivityManagerTiming: OnBootPhase_1000_com.android.server.timezonedetector.location.LocationTimeZoneManagerService$Lifecycle took to complete: 1ms
05-27 13:52:23.903   758   786 D ActivityManagerTiming: OnBootPhase_1000_com.android.server.timedetector.GnssTimeUpdateService$Lifecycle
05-27 13:52:23.904   758   786 V ActivityManagerTiming: OnBootPhase_1000_com.android.server.timedetector.GnssTimeUpdateService$Lifecycle took to complete: 0ms
05-27 13:52:23.904   758   786 D ActivityManagerTiming: OnBootPhase_1000_com.android.server.search.SearchManagerService$Lifecycle
05-27 13:52:23.904   758   786 V ActivityManagerTiming: OnBootPhase_1000_com.android.server.search.SearchManagerService$Lifecycle took to complete: 0ms
05-27 13:52:23.904   758   786 D ActivityManagerTiming: OnBootPhase_1000_com.android.server.audio.AudioService$Lifecycle
05-27 13:52:23.905   758   786 V ActivityManagerTiming: OnBootPhase_1000_com.android.server.audio.AudioService$Lifecycle took to complete: 0ms
05-27 13:52:23.905   758   786 D ActivityManagerTiming: OnBootPhase_1000_com.android.server.soundtrigger_middleware.SoundTriggerMiddlewareService$Lifecycle
05-27 13:52:23.905   758   786 V ActivityManagerTiming: OnBootPhase_1000_com.android.server.soundtrigger_middleware.SoundTriggerMiddlewareService$Lifecycle took to complete: 0ms
05-27 13:52:23.905   758   786 D ActivityManagerTiming: OnBootPhase_1000_com.android.server.broadcastradio.BroadcastRadioService
05-27 13:52:23.905   758   786 V ActivityManagerTiming: OnBootPhase_1000_com.android.server.broadcastradio.BroadcastRadioService took to complete: 0ms
05-27 13:52:23.905   758   786 D ActivityManagerTiming: OnBootPhase_1000_com.android.server.DockObserver
05-27 13:52:23.906   758   786 V ActivityManagerTiming: OnBootPhase_1000_com.android.server.DockObserver took to complete: 0ms
05-27 13:52:23.907   758   786 D ActivityManagerTiming: OnBootPhase_1000_com.android.server.adb.AdbService$Lifecycle
05-27 13:52:23.908   758   786 V ActivityManagerTiming: OnBootPhase_1000_com.android.server.adb.AdbService$Lifecycle took to complete: 1ms
05-27 13:52:23.908   758   786 D ActivityManagerTiming: OnBootPhase_1000_com.android.server.usb.UsbService$Lifecycle
05-27 13:52:23.909   758   776 I am_proc_bound: [10,1555,com.android.inputmethod.latin]
05-27 13:52:23.910   758   905 I WifiHealthMonitor: Installing MemoryStore
05-27 13:52:23.923   758   786 V ActivityManagerTiming: OnBootPhase_1000_com.android.server.usb.UsbService$Lifecycle took to complete: 14ms
05-27 13:52:23.923   758   786 D ActivityManagerTiming: OnBootPhase_1000_com.android.server.SerialService$Lifecycle
05-27 13:52:23.924   758   786 V ActivityManagerTiming: OnBootPhase_1000_com.android.server.SerialService$Lifecycle took to complete: 0ms
05-27 13:52:23.924   758   786 D ActivityManagerTiming: OnBootPhase_1000_com.android.server.twilight.TwilightService
05-27 13:52:23.926   758   786 V ActivityManagerTiming: OnBootPhase_1000_com.android.server.twilight.TwilightService took to complete: 2ms
05-27 13:52:23.926   758   786 D ActivityManagerTiming: OnBootPhase_1000_com.android.server.display.color.ColorDisplayService
05-27 13:52:23.927   758   786 V ActivityManagerTiming: OnBootPhase_1000_com.android.server.display.color.ColorDisplayService took to complete: 1ms
05-27 13:52:23.930   758   786 D ActivityManagerTiming: OnBootPhase_1000_com.android.server.job.JobSchedulerService
05-27 13:52:23.930   758   786 V ActivityManagerTiming: OnBootPhase_1000_com.android.server.job.JobSchedulerService took to complete: 0ms
05-27 13:52:23.930   758   786 D ActivityManagerTiming: OnBootPhase_1000_com.android.server.soundtrigger.SoundTriggerService
05-27 13:52:23.931   758   786 D SoundTriggerService: onBootPhase: 1000 : false
05-27 13:52:23.932   758   786 V ActivityManagerTiming: OnBootPhase_1000_com.android.server.soundtrigger.SoundTriggerService took to complete: 1ms
05-27 13:52:23.932   758   786 D ActivityManagerTiming: OnBootPhase_1000_com.android.server.trust.TrustManagerService
05-27 13:52:23.932   758   786 V ActivityManagerTiming: OnBootPhase_1000_com.android.server.trust.TrustManagerService took to complete: 0ms
05-27 13:52:23.933   758   786 D ActivityManagerTiming: OnBootPhase_1000_com.android.server.appwidget.AppWidgetService
05-27 13:52:23.933   758   786 V ActivityManagerTiming: OnBootPhase_1000_com.android.server.appwidget.AppWidgetService took to complete: 0ms
05-27 13:52:23.933   758   786 D ActivityManagerTiming: OnBootPhase_1000_com.android.server.voiceinteraction.VoiceInteractionManagerService
05-27 13:52:23.934   758   786 V ActivityManagerTiming: OnBootPhase_1000_com.android.server.voiceinteraction.VoiceInteractionManagerService took to complete: 1ms
05-27 13:52:23.934   758   786 D ActivityManagerTiming: OnBootPhase_1000_com.android.server.GestureLauncherService
05-27 13:52:23.934   758   786 V ActivityManagerTiming: OnBootPhase_1000_com.android.server.GestureLauncherService took to complete: 0ms
05-27 13:52:23.934   758   786 D ActivityManagerTiming: OnBootPhase_1000_com.android.server.SensorNotificationService
05-27 13:52:23.952   758   776 D OomAdjuster: Not killing cached processes
05-27 13:52:23.959   758   786 V ActivityManagerTiming: OnBootPhase_1000_com.android.server.SensorNotificationService took to complete: 25ms
05-27 13:52:23.961   758   786 D ActivityManagerTiming: OnBootPhase_1000_com.android.server.emergency.EmergencyAffordanceService
05-27 13:52:23.961   758   786 V ActivityManagerTiming: OnBootPhase_1000_com.android.server.emergency.EmergencyAffordanceService took to complete: 0ms
05-27 13:52:23.963   758   786 D ActivityManagerTiming: OnBootPhase_1000_com.android.server.blob.BlobStoreManagerService
05-27 13:52:23.965   758   786 V ActivityManagerTiming: OnBootPhase_1000_com.android.server.blob.BlobStoreManagerService took to complete: 2ms
05-27 13:52:23.965   758   786 D ActivityManagerTiming: OnBootPhase_1000_com.android.server.dreams.DreamManagerService
05-27 13:52:23.965   758   786 V ActivityManagerTiming: OnBootPhase_1000_com.android.server.dreams.DreamManagerService took to complete: 0ms
05-27 13:52:23.965   758   786 D ActivityManagerTiming: OnBootPhase_1000_com.android.server.security.AttestationVerificationManagerService
05-27 13:52:23.965   758   786 V ActivityManagerTiming: OnBootPhase_1000_com.android.server.security.AttestationVerificationManagerService took to complete: 0ms
05-27 13:52:23.965   758   786 D ActivityManagerTiming: OnBootPhase_1000_com.android.server.companion.CompanionDeviceManagerService
05-27 13:52:23.967   758   786 I CDM_InactiveAssociationsRemovalService: Scheduling the Association Removal job
05-27 13:52:23.968   758   786 V ActivityManagerTiming: OnBootPhase_1000_com.android.server.companion.CompanionDeviceManagerService took to complete: 1ms
05-27 13:52:23.969   758   786 D ActivityManagerTiming: OnBootPhase_1000_com.android.server.companion.virtual.VirtualDeviceManagerService
05-27 13:52:23.969   758   786 V ActivityManagerTiming: OnBootPhase_1000_com.android.server.companion.virtual.VirtualDeviceManagerService took to complete: 0ms
05-27 13:52:23.969   758   786 D ActivityManagerTiming: OnBootPhase_1000_com.android.server.restrictions.RestrictionsManagerService
05-27 13:52:23.970   758   786 V ActivityManagerTiming: OnBootPhase_1000_com.android.server.restrictions.RestrictionsManagerService took to complete: 0ms
05-27 13:52:23.970   758   786 D ActivityManagerTiming: OnBootPhase_1000_com.android.server.media.MediaSessionService
05-27 13:52:23.972   758   786 V ActivityManagerTiming: OnBootPhase_1000_com.android.server.media.MediaSessionService took to complete: 2ms
05-27 13:52:23.972   758   786 D ActivityManagerTiming: OnBootPhase_1000_com.android.server.biometrics.BiometricService
05-27 13:52:23.972   758   786 V ActivityManagerTiming: OnBootPhase_1000_com.android.server.biometrics.BiometricService took to complete: 0ms
05-27 13:52:23.972   758   786 D ActivityManagerTiming: OnBootPhase_1000_com.android.server.biometrics.AuthService
05-27 13:52:23.972   758   786 V ActivityManagerTiming: OnBootPhase_1000_com.android.server.biometrics.AuthService took to complete: 0ms
05-27 13:52:23.973   758   786 D ActivityManagerTiming: OnBootPhase_1000_com.android.server.adaptiveauth.AdaptiveAuthService
05-27 13:52:23.974   758   786 V ActivityManagerTiming: OnBootPhase_1000_com.android.server.adaptiveauth.AdaptiveAuthService took to complete: 1ms
05-27 13:52:23.974   758   786 D ActivityManagerTiming: OnBootPhase_1000_com.android.server.pm.ShortcutService$Lifecycle
05-27 13:52:23.974   758   786 D ShortcutService: onBootPhase: 1000
05-27 13:52:23.974   758   786 V ActivityManagerTiming: OnBootPhase_1000_com.android.server.pm.ShortcutService$Lifecycle took to complete: 0ms
05-27 13:52:23.974   758   786 D ActivityManagerTiming: OnBootPhase_1000_com.android.server.pm.LauncherAppsService
05-27 13:52:23.974   758   786 V ActivityManagerTiming: OnBootPhase_1000_com.android.server.pm.LauncherAppsService took to complete: 0ms
05-27 13:52:23.974   758   786 D ActivityManagerTiming: OnBootPhase_1000_com.android.server.pm.CrossProfileAppsService
05-27 13:52:23.974   758   786 V ActivityManagerTiming: OnBootPhase_1000_com.android.server.pm.CrossProfileAppsService took to complete: 0ms
05-27 13:52:23.974   758   786 D ActivityManagerTiming: OnBootPhase_1000_com.android.server.people.PeopleService
05-27 13:52:23.974   758   786 V ActivityManagerTiming: OnBootPhase_1000_com.android.server.people.PeopleService took to complete: 0ms
05-27 13:52:23.975   758   786 D ActivityManagerTiming: OnBootPhase_1000_com.android.server.media.metrics.MediaMetricsManagerService
05-27 13:52:23.975   758   786 V ActivityManagerTiming: OnBootPhase_1000_com.android.server.media.metrics.MediaMetricsManagerService took to complete: 0ms
05-27 13:52:23.975   758   786 D ActivityManagerTiming: OnBootPhase_1000_com.android.server.pm.BackgroundInstallControlService
05-27 13:52:23.975   758   786 V ActivityManagerTiming: OnBootPhase_1000_com.android.server.pm.BackgroundInstallControlService took to complete: 0ms
05-27 13:52:23.975   758   786 D ActivityManagerTiming: OnBootPhase_1000_com.android.server.media.projection.MediaProjectionManagerService
05-27 13:52:23.975   758   786 V ActivityManagerTiming: OnBootPhase_1000_com.android.server.media.projection.MediaProjectionManagerService took to complete: 0ms
05-27 13:52:23.975   758   786 D ActivityManagerTiming: OnBootPhase_1000_com.android.server.slice.SliceManagerService$Lifecycle
05-27 13:52:23.975   758   786 V ActivityManagerTiming: OnBootPhase_1000_com.android.server.slice.SliceManagerService$Lifecycle took to complete: 0ms
05-27 13:52:23.976   758   786 D ActivityManagerTiming: OnBootPhase_1000_com.android.server.stats.StatsCompanion$Lifecycle
05-27 13:52:23.976   758   786 V ActivityManagerTiming: OnBootPhase_1000_com.android.server.stats.StatsCompanion$Lifecycle took to complete: 0ms
05-27 13:52:23.977   758   786 D ActivityManagerTiming: OnBootPhase_1000_com.android.server.scheduling.RebootReadinessManagerService$Lifecycle
05-27 13:52:23.977   758   786 V ActivityManagerTiming: OnBootPhase_1000_com.android.server.scheduling.RebootReadinessManagerService$Lifecycle took to complete: 0ms
05-27 13:52:23.977   758   786 D ActivityManagerTiming: OnBootPhase_1000_com.android.server.stats.pull.StatsPullAtomService
05-27 13:52:23.978   758   786 V ActivityManagerTiming: OnBootPhase_1000_com.android.server.stats.pull.StatsPullAtomService took to complete: 0ms
05-27 13:52:23.978   758   786 D ActivityManagerTiming: OnBootPhase_1000_com.android.server.stats.bootstrap.StatsBootstrapAtomService$Lifecycle
05-27 13:52:23.978   758   786 V ActivityManagerTiming: OnBootPhase_1000_com.android.server.stats.bootstrap.StatsBootstrapAtomService$Lifecycle took to complete: 0ms
05-27 13:52:23.978   758   786 D ActivityManagerTiming: OnBootPhase_1000_com.android.server.incident.IncidentCompanionService
05-27 13:52:23.978   758   786 V ActivityManagerTiming: OnBootPhase_1000_com.android.server.incident.IncidentCompanionService took to complete: 0ms
05-27 13:52:23.978   758   786 D ActivityManagerTiming: OnBootPhase_1000_com.android.server.sdksandbox.SdkSandboxManagerService$Lifecycle
05-27 13:52:23.979   758   786 V ActivityManagerTiming: OnBootPhase_1000_com.android.server.sdksandbox.SdkSandboxManagerService$Lifecycle took to complete: 0ms
05-27 13:52:23.979   758   786 D ActivityManagerTiming: OnBootPhase_1000_com.android.server.adservices.AdServicesManagerService$Lifecycle
05-27 13:52:23.979   758   786 V ActivityManagerTiming: OnBootPhase_1000_com.android.server.adservices.AdServicesManagerService$Lifecycle took to complete: 0ms
05-27 13:52:23.979   758   786 D ActivityManagerTiming: OnBootPhase_1000_com.android.server.ondevicepersonalization.OnDevicePersonalizationSystemService$Lifecycle
05-27 13:52:23.979   758   786 V ActivityManagerTiming: OnBootPhase_1000_com.android.server.ondevicepersonalization.OnDevicePersonalizationSystemService$Lifecycle took to complete: 0ms
05-27 13:52:23.979   758   786 D ActivityManagerTiming: OnBootPhase_1000_android.os.profiling.ProfilingService$Lifecycle
05-27 13:52:23.979   758   786 V ActivityManagerTiming: OnBootPhase_1000_android.os.profiling.ProfilingService$Lifecycle took to complete: 0ms
05-27 13:52:23.979   758   786 D ActivityManagerTiming: OnBootPhase_1000_com.android.server.autofill.AutofillManagerService
05-27 13:52:23.980   758   786 V ActivityManagerTiming: OnBootPhase_1000_com.android.server.autofill.AutofillManagerService took to complete: 0ms
05-27 13:52:23.980   758   786 D ActivityManagerTiming: OnBootPhase_1000_com.android.server.clipboard.ClipboardService
05-27 13:52:23.980   758   786 V ActivityManagerTiming: OnBootPhase_1000_com.android.server.clipboard.ClipboardService took to complete: 0ms
05-27 13:52:23.980   758   786 D ActivityManagerTiming: OnBootPhase_1000_com.android.server.appbinding.AppBindingService$Lifecycle
05-27 13:52:23.984  1234  1287 D EGL_emulation: app_time_stats: avg=2.57ms min=1.28ms max=10.62ms count=59
05-27 13:52:23.984   758   786 V ActivityManagerTiming: OnBootPhase_1000_com.android.server.appbinding.AppBindingService$Lifecycle took to complete: 4ms
05-27 13:52:23.984   758   786 D ActivityManagerTiming: OnBootPhase_1000_com.android.server.tracing.TracingServiceProxy
05-27 13:52:23.977     0     0 I AidlLazyServiceRegistrar: Process has 1 (of 1 available) client(s) in use after notification apexservice has clients: 1
05-27 13:52:23.978     0     0 I AidlLazyServiceRegistrar: Shutdown prevented by forcePersist override flag.
05-27 13:52:23.984     0     0 I apexd   : markBootCompleted() received by ApexService
05-27 13:52:23.984   758   786 V ActivityManagerTiming: OnBootPhase_1000_com.android.server.tracing.TracingServiceProxy took to complete: 0ms
05-27 13:52:23.984   758   786 D ActivityManagerTiming: OnBootPhase_1000_com.android.server.policy.PermissionPolicyService
05-27 13:52:23.985   758   786 V ActivityManagerTiming: OnBootPhase_1000_com.android.server.policy.PermissionPolicyService took to complete: 1ms
05-27 13:52:23.985  1555  1555 D ApplicationLoaders: Returning zygote-cached class loader: /system/framework/android.test.base.jar
05-27 13:52:23.985   758   786 D ActivityManagerTiming: OnBootPhase_1000_com.android.server.pm.StagingManager$Lifecycle
05-27 13:52:23.985  1555  1555 D ApplicationLoaders: Returning zygote-cached class loader: /system/framework/android.hidl.manager-V1.0-java.jar
05-27 13:52:23.985  1555  1555 D ApplicationLoaders: Returning zygote-cached class loader: /system/framework/android.hidl.base-V1.0-java.jar
05-27 13:52:23.985  1555  1555 D ApplicationLoaders: Returning zygote-cached class loader: /system/framework/org.apache.http.legacy.jar
05-27 13:52:23.993  1183  1298 I Tethering: USB bcast connected:false configured:false rndis:false ncm:false
05-27 13:52:23.995   758   905 D WifiNetworkFactory: Registering NetworkFactory
05-27 13:52:23.995   758   786 V ActivityManagerTiming: OnBootPhase_1000_com.android.server.pm.StagingManager$Lifecycle took to complete: 10ms
05-27 13:52:23.996   758   786 D ActivityManagerTiming: OnBootPhase_1000_com.android.server.app.GameManagerService$Lifecycle
05-27 13:52:23.996   758   786 D GameManagerService: onBootCompleted
05-27 13:52:23.996   758   786 V GameManagerService: Game loading power mode OFF (game manager service start/restart)
05-27 13:52:23.997   435   435 I android.hardware.power-service.example: Power isModeSupported: 16
05-27 13:52:23.997   758   786 V GameManagerService: Game power mode OFF (game manager service start/restart)
05-27 13:52:23.997   435   435 I android.hardware.power-service.example: Power isModeSupported: 15
05-27 13:52:23.997   758   786 V GameManagerService: Game Default Frame Rate : 60.0
05-27 13:52:23.998   758   786 V ActivityManagerTiming: OnBootPhase_1000_com.android.server.app.GameManagerService$Lifecycle took to complete: 2ms
05-27 13:52:23.998   758   786 D ActivityManagerTiming: OnBootPhase_1000_com.android.safetycenter.SafetyCenterService
05-27 13:52:23.998   758   786 V ActivityManagerTiming: OnBootPhase_1000_com.android.safetycenter.SafetyCenterService took to complete: 0ms
05-27 13:52:23.998   758   786 D ActivityManagerTiming: OnBootPhase_1000_com.android.server.appsearch.AppSearchModule$Lifecycle
05-27 13:52:23.999   758   786 V ActivityManagerTiming: OnBootPhase_1000_com.android.server.appsearch.AppSearchModule$Lifecycle took to complete: 0ms
05-27 13:52:23.999   758   786 D ActivityManagerTiming: OnBootPhase_1000_com.android.server.media.MediaCommunicationService
05-27 13:52:24.000   758   786 V ActivityManagerTiming: OnBootPhase_1000_com.android.server.media.MediaCommunicationService took to complete: 0ms
05-27 13:52:24.000   758   786 D ActivityManagerTiming: OnBootPhase_1000_com.android.server.compat.overrides.AppCompatOverridesService$Lifecycle
05-27 13:52:24.000   758   786 V ActivityManagerTiming: OnBootPhase_1000_com.android.server.compat.overrides.AppCompatOverridesService$Lifecycle took to complete: 0ms
05-27 13:52:24.000   758   786 D ActivityManagerTiming: OnBootPhase_1000_com.android.server.healthconnect.HealthConnectManagerService
05-27 13:52:24.000   758   786 V ActivityManagerTiming: OnBootPhase_1000_com.android.server.healthconnect.HealthConnectManagerService took to complete: 0ms
05-27 13:52:24.000   758   786 D ActivityManagerTiming: OnBootPhase_1000_com.android.server.devicelock.DeviceLockService
05-27 13:52:24.000   758   786 D DeviceLockService: onBootPhase: 1000
05-27 13:52:24.000   758   786 V ActivityManagerTiming: OnBootPhase_1000_com.android.server.devicelock.DeviceLockService took to complete: 0ms
05-27 13:52:24.000   758   786 D ActivityManagerTiming: OnBootPhase_1000_com.android.server.SensitiveContentProtectionManagerService
05-27 13:52:24.004  1555  1555 D nativeloader: Configuring clns-shared-7 for other apk /system/app/CarLatinIME/CarLatinIME.apk. target_sdk_version=23, uses_libraries=, library_path=/system/app/CarLatinIME/lib/x86_64:/system/lib64, permitted_path=/data:/mnt/expand:/data/user/10/com.android.inputmethod.latin:/system/app/CarLatinIME:/system/lib64
05-27 13:52:24.009   758   786 V ActivityManagerTiming: OnBootPhase_1000_com.android.server.SensitiveContentProtectionManagerService took to complete: 7ms
05-27 13:52:24.009   758   786 D ActivityManagerTiming: OnBootPhase_1000_com.android.internal.car.CarServiceHelperService
05-27 13:52:24.009   758   786 I car_helper_boot_phase: 1000
05-27 13:52:24.010   758   786 D CarServiceHelper: onBootPhase.completed
05-27 13:52:24.011   758   905 D UntrustedWifiNetworkFactory: Registering NetworkFactory
05-27 13:52:24.011   758   917 D ConnectivityService: Got NetworkProvider Messenger for WifiNetworkFactory
05-27 13:52:24.011  1206  1459 D BufferPoolAccessor2.0: bufferpool2 0x7e2d5172d228 : 0(0 size) total buffers - 0(0 size) used buffers - 2/7 (recycle/alloc) - 5/36 (fetch/transfer)
